Component: ARM Compiler 5.06 update 6 (build 750) Tool: armlink [4d35ed]

==============================================================================

Section Cross References

    startup_stm32f103xb.o(STACK) refers (Special) to heapauxi.o(.text) for __use_two_region_memory
    startup_stm32f103xb.o(HEAP) refers (Special) to heapauxi.o(.text) for __use_two_region_memory
    startup_stm32f103xb.o(RESET) refers (Special) to heapauxi.o(.text) for __use_two_region_memory
    startup_stm32f103xb.o(RESET) refers to startup_stm32f103xb.o(STACK) for __initial_sp
    startup_stm32f103xb.o(RESET) refers to startup_stm32f103xb.o(.text) for Reset_Handler
    startup_stm32f103xb.o(RESET) refers to stm32f1xx_it.o(i.NMI_Handler) for NMI_Handler
    startup_stm32f103xb.o(RESET) refers to context_rvds.o(.text) for HardFault_Handler
    startup_stm32f103xb.o(RESET) refers to stm32f1xx_it.o(i.MemManage_Handler) for MemManage_Handler
    startup_stm32f103xb.o(RESET) refers to stm32f1xx_it.o(i.BusFault_Handler) for BusFault_Handler
    startup_stm32f103xb.o(RESET) refers to stm32f1xx_it.o(i.UsageFault_Handler) for UsageFault_Handler
    startup_stm32f103xb.o(RESET) refers to stm32f1xx_it.o(i.DebugMon_Handler) for DebugMon_Handler
    startup_stm32f103xb.o(RESET) refers to board.o(i.SysTick_Handler) for SysTick_Handler
    startup_stm32f103xb.o(RESET) refers to irqhandler.o(i.EXTI0_IRQHandler) for EXTI0_IRQHandler
    startup_stm32f103xb.o(RESET) refers to irqhandler.o(i.EXTI1_IRQHandler) for EXTI1_IRQHandler
    startup_stm32f103xb.o(RESET) refers to irqhandler.o(i.EXTI2_IRQHandler) for EXTI2_IRQHandler
    startup_stm32f103xb.o(RESET) refers to irqhandler.o(i.EXTI3_IRQHandler) for EXTI3_IRQHandler
    startup_stm32f103xb.o(RESET) refers to irqhandler.o(i.EXTI4_IRQHandler) for EXTI4_IRQHandler
    startup_stm32f103xb.o(RESET) refers to irqhandler.o(i.EXTI9_5_IRQHandler) for EXTI9_5_IRQHandler
    startup_stm32f103xb.o(RESET) refers to irqhandler.o(i.TIM1_UP_IRQHandler) for TIM1_UP_IRQHandler
    startup_stm32f103xb.o(RESET) refers to irqhandler.o(i.TIM2_IRQHandler) for TIM2_IRQHandler
    startup_stm32f103xb.o(RESET) refers to irqhandler.o(i.TIM3_IRQHandler) for TIM3_IRQHandler
    startup_stm32f103xb.o(RESET) refers to irqhandler.o(i.TIM4_IRQHandler) for TIM4_IRQHandler
    startup_stm32f103xb.o(RESET) refers to irqhandler.o(i.USART1_IRQHandler) for USART1_IRQHandler
    startup_stm32f103xb.o(RESET) refers to irqhandler.o(i.USART2_IRQHandler) for USART2_IRQHandler
    startup_stm32f103xb.o(RESET) refers to irqhandler.o(i.USART3_IRQHandler) for USART3_IRQHandler
    startup_stm32f103xb.o(RESET) refers to irqhandler.o(i.EXTI15_10_IRQHandler) for EXTI15_10_IRQHandler
    startup_stm32f103xb.o(.text) refers (Special) to heapauxi.o(.text) for __use_two_region_memory
    startup_stm32f103xb.o(.text) refers to system_stm32f1xx.o(i.SystemInit) for SystemInit
    startup_stm32f103xb.o(.text) refers to __main.o(!!!main) for __main
    startup_stm32f103xb.o(.text) refers to startup_stm32f103xb.o(HEAP) for Heap_Mem
    startup_stm32f103xb.o(.text) refers to startup_stm32f103xb.o(STACK) for Stack_Mem
    system_stm32f1xx.o(i.SystemCoreClockUpdate) refers to system_stm32f1xx.o(.data) for .data
    system_stm32f1xx.o(i.SystemCoreClockUpdate) refers to system_stm32f1xx.o(.constdata) for .constdata
    irqhandler.o(i.EXTI0_IRQHandler) refers to irq.o(i.rt_interrupt_enter) for rt_interrupt_enter
    irqhandler.o(i.EXTI0_IRQHandler) refers to irq.o(i.rt_interrupt_leave) for rt_interrupt_leave
    irqhandler.o(i.EXTI15_10_IRQHandler) refers to irq.o(i.rt_interrupt_enter) for rt_interrupt_enter
    irqhandler.o(i.EXTI15_10_IRQHandler) refers to irq.o(i.rt_interrupt_leave) for rt_interrupt_leave
    irqhandler.o(i.EXTI1_IRQHandler) refers to irq.o(i.rt_interrupt_enter) for rt_interrupt_enter
    irqhandler.o(i.EXTI1_IRQHandler) refers to irq.o(i.rt_interrupt_leave) for rt_interrupt_leave
    irqhandler.o(i.EXTI2_IRQHandler) refers to irq.o(i.rt_interrupt_enter) for rt_interrupt_enter
    irqhandler.o(i.EXTI2_IRQHandler) refers to irq.o(i.rt_interrupt_leave) for rt_interrupt_leave
    irqhandler.o(i.EXTI3_IRQHandler) refers to irq.o(i.rt_interrupt_enter) for rt_interrupt_enter
    irqhandler.o(i.EXTI3_IRQHandler) refers to irq.o(i.rt_interrupt_leave) for rt_interrupt_leave
    irqhandler.o(i.EXTI4_IRQHandler) refers to irq.o(i.rt_interrupt_enter) for rt_interrupt_enter
    irqhandler.o(i.EXTI4_IRQHandler) refers to irq.o(i.rt_interrupt_leave) for rt_interrupt_leave
    irqhandler.o(i.EXTI9_5_IRQHandler) refers to irq.o(i.rt_interrupt_enter) for rt_interrupt_enter
    irqhandler.o(i.EXTI9_5_IRQHandler) refers to irq.o(i.rt_interrupt_leave) for rt_interrupt_leave
    irqhandler.o(i.TIM1_UP_IRQHandler) refers to irq.o(i.rt_interrupt_enter) for rt_interrupt_enter
    irqhandler.o(i.TIM1_UP_IRQHandler) refers to irq.o(i.rt_interrupt_leave) for rt_interrupt_leave
    irqhandler.o(i.TIM1_UP_IRQHandler) refers to irqhandler.o(.data) for .data
[...]
    .rodata.name                             0x080047ba   Section       14  cmd.o(.rodata.name)
    .rodata.name                             0x080047c8   Section       29  cmd.o(.rodata.name)
    .rodata.name                             0x080047e5   Section       20  cmd.o(.rodata.name)
    .rodata.name                             0x080047f9   Section       29  cmd.o(.rodata.name)
    .rodata.name                             0x08004816   Section       11  cmd.o(.rodata.name)
    .rodata.name                             0x08004821   Section       21  cmd.o(.rodata.name)
    .rodata.name                             0x08004836   Section       17  cmd.o(.rodata.name)
    .rodata.name                             0x08004847   Section       21  cmd.o(.rodata.name)
    .rodata.name                             0x0800485c   Section        5  cmd.o(.rodata.name)
    .rodata.name                             0x08004861   Section       26  cmd.o(.rodata.name)
    .rodata.name                             0x0800487b   Section       11  msh.o(.rodata.name)
    .rodata.name                             0x08004886   Section       22  msh.o(.rodata.name)
    .rodata.name                             0x0800489c   Section        9  msh.o(.rodata.name)
    .rodata.name                             0x080048a5   Section       28  msh.o(.rodata.name)
    .rodata.name                             0x080048c1   Section       11  msh.o(.rodata.name)
    .rodata.name                             0x080048cc   Section       37  msh.o(.rodata.name)
    .rodata.name                             0x080048f1   Section        9  mem.o(.rodata.name)
    .rodata.name                             0x080048fa   Section       30  mem.o(.rodata.name)
    .rti_fn.0                                0x08004918   Section        4  components.o(.rti_fn.0)
    __tagsym$$used                           0x08004918   Number         0  components.o(.rti_fn.0)
    .rti_fn.0.end                            0x0800491c   Section        4  components.o(.rti_fn.0.end)
    __tagsym$$used                           0x0800491c   Number         0  components.o(.rti_fn.0.end)
    .rti_fn.1                                0x08004920   Section        4  board.o(.rti_fn.1)
    __tagsym$$used                           0x08004920   Number         0  board.o(.rti_fn.1)
    .rti_fn.1.end                            0x08004924   Section        4  components.o(.rti_fn.1.end)
    __tagsym$$used                           0x08004924   Number         0  components.o(.rti_fn.1.end)
    .rti_fn.6                                0x08004928   Section        4  shell.o(.rti_fn.6)
    __tagsym$$used                           0x08004928   Number         0  shell.o(.rti_fn.6)
    .rti_fn.6.end                            0x0800492c   Section        4  components.o(.rti_fn.6.end)
    __tagsym$$used                           0x0800492c   Number         0  components.o(.rti_fn.6.end)
    FSymTab                                  0x08004930   Section      168  cmd.o(FSymTab)
    __tagsym$$used                           0x08004930   Number         0  cmd.o(FSymTab)
    __tagsym$$used                           0x0800493c   Number         0  cmd.o(FSymTab)
    __tagsym$$used                           0x08004948   Number         0  cmd.o(FSymTab)
    __tagsym$$used                           0x08004954   Number         0  cmd.o(FSymTab)
    __tagsym$$used                           0x08004960   Number         0  cmd.o(FSymTab)
    __tagsym$$used                           0x0800496c   Number         0  cmd.o(FSymTab)
    __tagsym$$used                           0x08004978   Number         0  cmd.o(FSymTab)
    __tagsym$$used                           0x08004984   Number         0  cmd.o(FSymTab)
    __tagsym$$used                           0x08004990   Number         0  cmd.o(FSymTab)
    __tagsym$$used                           0x0800499c   Number         0  cmd.o(FSymTab)
    __tagsym$$used                           0x080049a8   Number         0  cmd.o(FSymTab)
    __tagsym$$used                           0x080049b4   Number         0  cmd.o(FSymTab)
    __tagsym$$used                           0x080049c0   Number         0  cmd.o(FSymTab)
    __tagsym$$used                           0x080049cc   Number         0  cmd.o(FSymTab)
    FSymTab                                  0x080049d8   Section       36  msh.o(FSymTab)
    __tagsym$$used                           0x080049d8   Number         0  msh.o(FSymTab)
    __tagsym$$used                           0x080049e4   Number         0  msh.o(FSymTab)
    __tagsym$$used                           0x080049f0   Number         0  msh.o(FSymTab)
    FSymTab                                  0x080049fc   Section       12  mem.o(FSymTab)
    __tagsym$$used                           0x080049fc   Number         0  mem.o(FSymTab)
    .data                                    0x20000000   Section        4  system_stm32f1xx.o(.data)
    .data                                    0x20000004   Section        7  irqhandler.o(.data)
    .data                                    0x2000000c   Section       16  gpio.o(.data)
    .data                                    0x2000001c   Section       16  uart.o(.data)
    .data                                    0x2000002c   Section       24  shell.o(.data)
    finsh_prompt_custom                      0x2000003c   Data           4  shell.o(.data)
    .data                                    0x20000044   Section        4  cpuport.o(.data)
    rt_exception_hook                        0x20000044   Data           4  cpuport.o(.data)
    .data                                    0x20000048   Section        4  cpuport.o(.data)
    .data                                    0x2000004c   Section        4  cpuport.o(.data)
    .data                                    0x20000050   Section        4  cpuport.o(.data)
    .data                                    0x20000054   Section        4  clock.o(.data)
    rt_tick                                  0x20000054   Data           4  clock.o(.data)
    .data                                    0x20000058   Section        1  irq.o(.data)
    .data                                    0x2000005c   Section       24  mem.o(.data)
    heap_ptr                                 0x2000005c   Data           4  mem.o(.data)
    heap_end                                 0x20000060   Data           4  mem.o(.data)
    lfree                                    0x20000064   Data           4  mem.o(.data)
    mem_size_aligned                         0x20000068   Data           4  mem.o(.data)
    used_mem                                 0x2000006c   Data           4  mem.o(.data)
    max_mem                                  0x20000070   Data           4  mem.o(.data)
    .data                                    0x20000074   Section       80  object.o(.data)
    rt_object_container                      0x20000074   Data          80  object.o(.data)
    .data                                    0x200000c4   Section       20  scheduler.o(.data)
    rt_scheduler_lock_nest                   0x200000c6   Data           2  scheduler.o(.data)
    .data                                    0x200000d8   Section       12  timer.o(.data)
    random_nr                                0x200000d8   Data           4  timer.o(.data)
    rt_timer_list                            0x200000dc   Data           8  timer.o(.data)
    .data                                    0x200000e4   Section        4  board.o(.data)
    .bss                                     0x200000e8   Section       48  main.o(.bss)
    .bss                                     0x20000118   Section      129  shell.o(.bss)
    finsh_prompt                             0x20000118   Data         129  shell.o(.bss)
    .bss                                     0x2000019c   Section      376  idle.o(.bss)
    idle                                     0x2000019c   Data         120  idle.o(.bss)
    rt_thread_stack                          0x20000214   Data         256  idle.o(.bss)
    .bss                                     0x20000314   Section      128  kservice.o(.bss)
    rt_log_buf                               0x20000314   Data         128  kservice.o(.bss)
    .bss                                     0x20000394   Section       32  mem.o(.bss)
    heap_sem                                 0x20000394   Data          32  mem.o(.bss)
    .bss                                     0x200003b4   Section      256  scheduler.o(.bss)
    .bss                                     0x200004b4   Section    15360  board.o(.bss)
    rt_heap                                  0x200004b4   Data       15360  board.o(.bss)
    .bss                                     0x200040b4   Section       96  libspace.o(.bss)
    HEAP                                     0x20004118   Section      512  startup_stm32f103xb.o(HEAP)
    Heap_Mem                                 0x20004118   Data         512  startup_stm32f103xb.o(HEAP)
    STACK                                    0x20004318   Section     1024  startup_stm32f103xb.o(STACK)
    Stack_Mem                                0x20004318   Data        1024  startup_stm32f103xb.o(STACK)
    __initial_sp                             0x20004718   Data           0  startup_stm32f103xb.o(STACK)

    Global Symbols

    Symbol Name                              Value     Ov Type        Size  Object(Section)

    BuildAttributes$$THM_ISAv4$P$D$K$B$S$PE$A:L22UL41UL21$X:L11$S22US41US21$IEEE1$IW$USESV6$~STKCKD$USESV7$~SHL$OTIME$ROPI$EBA8$UX$STANDARDLIB$REQ8$PRES8$EABIv2 0x00000000   Number         0  anon$$obj.o ABSOLUTE
    __ARM_use_no_argv                        0x00000000   Number         0  main.o ABSOLUTE
    __ARM_exceptions_init                     - Undefined Weak Reference
    __alloca_initialize                       - Undefined Weak Reference
    __arm_preinit_                            - Undefined Weak Reference
    __cpp_initialize__aeabi_                  - Undefined Weak Reference
    __cxa_finalize                            - Undefined Weak Reference
    __rt_locale                               - Undefined Weak Reference
    __sigvec_lookup                           - Undefined Weak Reference
    __user_heap_extent                        - Undefined Weak Reference
    _atexit_init                              - Undefined Weak Reference
    _call_atexit_fns                          - Undefined Weak Reference
    _clock_init                               - Undefined Weak Reference
    _fp_trap_init                             - Undefined Weak Reference
    _fp_trap_shutdown                         - Undefined Weak Reference
    _get_lc_collate                           - Undefined Weak Reference
    _get_lc_ctype                             - Undefined Weak Reference
    _get_lc_monetary                          - Undefined Weak Reference
    _get_lc_numeric                           - Undefined Weak Reference
    _get_lc_time                              - Undefined Weak Reference
    _getenv_init                              - Undefined Weak Reference
    _handle_redirection                       - Undefined Weak Reference
    _initio                                   - Undefined Weak Reference
    _mutex_acquire                            - Undefined Weak Reference
    _mutex_free                               - Undefined Weak Reference
    _mutex_release                            - Undefined Weak Reference
    _rand_init                                - Undefined Weak Reference
    _signal_finish                            - Undefined Weak Reference
    _signal_init                              - Undefined Weak Reference
    _terminateio                              - Undefined Weak Reference
    __Vectors_Size                           0x000000ec   Number         0  startup_stm32f103xb.o ABSOLUTE
    __Vectors                                0x08000000   Data           4  startup_stm32f103xb.o(RESET)
    __Vectors_End                            0x080000ec   Data           0  startup_stm32f103xb.o(RESET)
    __main                                   0x080000ed   Thumb Code     8  __main.o(!!!main)
    __scatterload                            0x080000f5   Thumb Code     0  __scatter.o(!!!scatter)
    __scatterload_rt2                        0x080000f5   Thumb Code    44  __scatter.o(!!!scatter)
    __scatterload_rt2_thumb_only             0x080000f5   Thumb Code     0  __scatter.o(!!!scatter)
    __scatterload_null                       0x08000103   Thumb Code     0  __scatter.o(!!!scatter)
    __scatterload_copy                       0x08000129   Thumb Code    26  __scatter_copy.o(!!handler_copy)
    __scatterload_zeroinit                   0x08000145   Thumb Code    28  __scatter_zi.o(!!handler_zi)
    __rt_lib_init                            0x08000161   Thumb Code     0  libinit.o(.ARM.Collect$$libinit$$00000000)
    __rt_lib_init_fp_1                       0x08000163   Thumb Code     0  libinit2.o(.ARM.Collect$$libinit$$00000002)
    __rt_lib_init_heap_2                     0x08000163   Thumb Code     0  libinit2.o(.ARM.Collect$$libinit$$00000005)
    __rt_lib_init_preinit_1                  0x08000163   Thumb Code     0  libinit2.o(.ARM.Collect$$libinit$$00000004)
    __rt_lib_init_alloca_1                   0x0800016b   Thumb Code     0  libinit2.o(.ARM.Collect$$libinit$$0000002E)
    __rt_lib_init_argv_1                     0x0800016b   Thumb Code     0  libinit2.o(.ARM.Collect$$libinit$$0000002C)
    __rt_lib_init_atexit_1                   0x0800016b   Thumb Code     0  libinit2.o(.ARM.Collect$$libinit$$0000001B)
    __rt_lib_init_clock_1                    0x0800016b   Thumb Code     0  libinit2.o(.ARM.Collect$$libinit$$00000021)
    __rt_lib_init_cpp_1                      0x0800016b   Thumb Code     0  libinit2.o(.ARM.Collect$$libinit$$00000032)
    __rt_lib_init_exceptions_1               0x0800016b   Thumb Code     0  libinit2.o(.ARM.Collect$$libinit$$00000030)
    __rt_lib_init_fp_trap_1                  0x0800016b   Thumb Code     0  libinit2.o(.ARM.Collect$$libinit$$0000001F)
    __rt_lib_init_getenv_1                   0x0800016b   Thumb Code     0  libinit2.o(.ARM.Collect$$libinit$$00000023)
    __rt_lib_init_heap_1                     0x0800016b   Thumb Code     0  libinit2.o(.ARM.Collect$$libinit$$0000000A)
    __rt_lib_init_lc_collate_1               0x0800016b   Thumb Code     0  libinit2.o(.ARM.Collect$$libinit$$00000011)
    __rt_lib_init_lc_ctype_1                 0x0800016b   Thumb Code     0  libinit2.o(.ARM.Collect$$libinit$$00000013)
    __rt_lib_init_lc_monetary_1              0x0800016b   Thumb Code     0  libinit2.o(.ARM.Collect$$libinit$$00000015)
    __rt_lib_init_lc_numeric_1               0x0800016b   Thumb Code     0  libinit2.o(.ARM.Collect$$libinit$$00000017)
    __rt_lib_init_lc_time_1                  0x0800016b   Thumb Code     0  libinit2.o(.ARM.Collect$$libinit$$00000019)
    __rt_lib_init_rand_1                     0x0800016b   Thumb Code     0  libinit2.o(.ARM.Collect$$libinit$$0000000E)
    __rt_lib_init_return                     0x0800016b   Thumb Code     0  libinit2.o(.ARM.Collect$$libinit$$00000033)
    __rt_lib_init_signal_1                   0x0800016b   Thumb Code     0  libinit2.o(.ARM.Collect$$libinit$$0000001D)
    __rt_lib_init_stdio_1                    0x0800016b   Thumb Code     0  libinit2.o(.ARM.Collect$$libinit$$00000025)
    __rt_lib_init_user_alloc_1               0x0800016b   Thumb Code     0  libinit2.o(.ARM.Collect$$libinit$$0000000C)
    __rt_lib_shutdown                        0x0800016d   Thumb Code     0  libshutdown.o(.ARM.Collect$$libshutdown$$00000000)
    __rt_lib_shutdown_cpp_1                  0x0800016f   Thumb Code     0  libshutdown2.o(.ARM.Collect$$libshutdown$$00000002)
    __rt_lib_shutdown_fp_trap_1              0x0800016f   Thumb Code     0  libshutdown2.o(.ARM.Collect$$libshutdown$$00000007)
    __rt_lib_shutdown_heap_1                 0x0800016f   Thumb Code     0  libshutdown2.o(.ARM.Collect$$libshutdown$$0000000F)
    __rt_lib_shutdown_return                 0x0800016f   Thumb Code     0  libshutdown2.o(.ARM.Collect$$libshutdown$$00000010)
    __rt_lib_shutdown_signal_1               0x0800016f   Thumb Code     0  libshutdown2.o(.ARM.Collect$$libshutdown$$0000000A)
    __rt_lib_shutdown_stdio_1                0x0800016f   Thumb Code     0  libshutdown2.o(.ARM.Collect$$libshutdown$$00000004)
    __rt_lib_shutdown_user_alloc_1           0x0800016f   Thumb Code     0  libshutdown2.o(.ARM.Collect$$libshutdown$$0000000C)
    __rt_entry                               0x08000171   Thumb Code     0  __rtentry.o(.ARM.Collect$$rtentry$$00000000)
    __rt_entry_presh_1                       0x08000171   Thumb Code     0  __rtentry2.o(.ARM.Collect$$rtentry$$00000002)
    __rt_entry_sh                            0x08000171   Thumb Code     0  __rtentry4.o(.ARM.Collect$$rtentry$$00000004)
    __rt_entry_li                            0x08000177   Thumb Code     0  __rtentry2.o(.ARM.Collect$$rtentry$$0000000A)
    __rt_entry_postsh_1                      0x08000177   Thumb Code     0  __rtentry2.o(.ARM.Collect$$rtentry$$00000009)
    __rt_entry_main                          0x0800017b   Thumb Code     0  __rtentry2.o(.ARM.Collect$$rtentry$$0000000D)
    __rt_entry_postli_1                      0x0800017b   Thumb Code     0  __rtentry2.o(.ARM.Collect$$rtentry$$0000000C)
    __rt_exit                                0x08000183   Thumb Code     0  rtexit.o(.ARM.Collect$$rtexit$$00000000)
    __rt_exit_ls                             0x08000185   Thumb Code     0  rtexit2.o(.ARM.Collect$$rtexit$$00000003)
    __rt_exit_prels_1                        0x08000185   Thumb Code     0  rtexit2.o(.ARM.Collect$$rtexit$$00000002)
    __rt_exit_exit                           0x08000189   Thumb Code     0  rtexit2.o(.ARM.Collect$$rtexit$$00000004)
    Reset_Handler                            0x08000191   Thumb Code     8  startup_stm32f103xb.o(.text)
    _maybe_terminate_alloc                   0x08000191   Thumb Code     0  maybetermalloc1.o(.emb_text)
    SVC_Handler                              0x080001a3   Thumb Code     2  startup_stm32f103xb.o(.text)
    ADC1_2_IRQHandler                        0x080001ab   Thumb Code     0  startup_stm32f103xb.o(.text)
    CAN1_RX1_IRQHandler                      0x080001ab   Thumb Code     0  startup_stm32f103xb.o(.text)
    CAN1_SCE_IRQHandler                      0x080001ab   Thumb Code     0  startup_stm32f103xb.o(.text)
    DMA1_Channel1_IRQHandler                 0x080001ab   Thumb Code     0  startup_stm32f103xb.o(.text)
    DMA1_Channel2_IRQHandler                 0x080001ab   Thumb Code     0  startup_stm32f103xb.o(.text)
    DMA1_Channel3_IRQHandler                 0x080001ab   Thumb Code     0  startup_stm32f103xb.o(.text)
    DMA1_Channel4_IRQHandler                 0x080001ab   Thumb Code     0  startup_stm32f103xb.o(.text)
    DMA1_Channel5_IRQHandler                 0x080001ab   Thumb Code     0  startup_stm32f103xb.o(.text)
    DMA1_Channel6_IRQHandler                 0x080001ab   Thumb Code     0  startup_stm32f103xb.o(.text)
    DMA1_Channel7_IRQHandler                 0x080001ab   Thumb Code     0  startup_stm32f103xb.o(.text)
    FLASH_IRQHandler                         0x080001ab   Thumb Code     0  startup_stm32f103xb.o(.text)
    I2C1_ER_IRQHandler                       0x080001ab   Thumb Code     0  startup_stm32f103xb.o(.text)
    I2C1_EV_IRQHandler                       0x080001ab   Thumb Code     0  startup_stm32f103xb.o(.text)
    I2C2_ER_IRQHandler                       0x080001ab   Thumb Code     0  startup_stm32f103xb.o(.text)
    I2C2_EV_IRQHandler                       0x080001ab   Thumb Code     0  startup_stm32f103xb.o(.text)
    PVD_IRQHandler                           0x080001ab   Thumb Code     0  startup_stm32f103xb.o(.text)
    RCC_IRQHandler                           0x080001ab   Thumb Code     0  startup_stm32f103xb.o(.text)
    RTC_Alarm_IRQHandler                     0x080001ab   Thumb Code     0  startup_stm32f103xb.o(.text)
    RTC_IRQHandler                           0x080001ab   Thumb Code     0  startup_stm32f103xb.o(.text)
    SPI1_IRQHandler                          0x080001ab   Thumb Code     0  startup_stm32f103xb.o(.text)
    SPI2_IRQHandler                          0x080001ab   Thumb Code     0  startup_stm32f103xb.o(.text)
    TAMPER_IRQHandler                        0x080001ab   Thumb Code     0  startup_stm32f103xb.o(.text)
    TIM1_BRK_IRQHandler                      0x080001ab   Thumb Code     0  startup_stm32f103xb.o(.text)
    TIM1_CC_IRQHandler                       0x080001ab   Thumb Code     0  startup_stm32f103xb.o(.text)
    TIM1_TRG_COM_IRQHandler                  0x080001ab   Thumb Code     0  startup_stm32f103xb.o(.text)
    USBWakeUp_IRQHandler                     0x080001ab   Thumb Code     0  startup_stm32f103xb.o(.text)
    USB_HP_CAN1_TX_IRQHandler                0x080001ab   Thumb Code     0  startup_stm32f103xb.o(.text)
    USB_LP_CAN1_RX0_IRQHandler               0x080001ab   Thumb Code     0  startup_stm32f103xb.o(.text)
    WWDG_IRQHandler                          0x080001ab   Thumb Code     0  startup_stm32f103xb.o(.text)
    __user_initial_stackheap                 0x080001ad   Thumb Code     0  startup_stm32f103xb.o(.text)
    rt_hw_interrupt_disable                  0x080001d1   Thumb Code     8  context_rvds.o(.text)
    rt_hw_interrupt_enable                   0x080001d9   Thumb Code     6  context_rvds.o(.text)
    rt_hw_context_switch                     0x080001df   Thumb Code    32  context_rvds.o(.text)
    rt_hw_context_switch_interrupt           0x080001df   Thumb Code     0  context_rvds.o(.text)
    PendSV_Handler                           0x080001ff   Thumb Code    60  context_rvds.o(.text)
    rt_hw_context_switch_to                  0x0800023b   Thumb Code    56  context_rvds.o(.text)
    rt_hw_interrupt_thread_switch            0x08000273   Thumb Code     2  context_rvds.o(.text)
    HardFault_Handler                        0x08000275   Thumb Code    52  context_rvds.o(.text)
    malloc                                   0x080002c5   Thumb Code    94  h1_alloc.o(.text)
    free                                     0x08000323   Thumb Code    78  h1_free.o(.text)
    strcpy                                   0x08000371   Thumb Code    72  strcpy.o(.text)
    strlen                                   0x080003b9   Thumb Code    62  strlen.o(.text)
    strncmp                                  0x080003f7   Thumb Code   150  strncmp.o(.text)
    strcat                                   0x0800048d   Thumb Code    24  strcat.o(.text)
    __aeabi_memcpy4                          0x080004a5   Thumb Code     0  rt_memcpy_w.o(.text)
    __aeabi_memcpy8                          0x080004a5   Thumb Code     0  rt_memcpy_w.o(.text)
    __rt_memcpy_w                            0x080004a5   Thumb Code   100  rt_memcpy_w.o(.text)
    _memcpy_lastbytes_aligned                0x080004ed   Thumb Code     0  rt_memcpy_w.o(.text)
    __aeabi_memclr                           0x08000509   Thumb Code     0  rt_memclr.o(.text)
    __rt_memclr                              0x08000509   Thumb Code    68  rt_memclr.o(.text)
    _memset                                  0x0800050d   Thumb Code     0  rt_memclr.o(.text)
    __aeabi_memclr4                          0x0800054d   Thumb Code     0  rt_memclr_w.o(.text)
    __aeabi_memclr8                          0x0800054d   Thumb Code     0  rt_memclr_w.o(.text)
    __rt_memclr_w                            0x0800054d   Thumb Code    78  rt_memclr_w.o(.text)
    _memset_w                                0x08000551   Thumb Code     0  rt_memclr_w.o(.text)
    strncpy                                  0x0800059b   Thumb Code    86  strncpy.o(.text)
    __use_two_region_memory                  0x080005f1   Thumb Code     2  heapauxi.o(.text)
    __rt_heap_escrow                         0x080005f3   Thumb Code     2  heapauxi.o(.text)
    __rt_heap_expand                         0x080005f5   Thumb Code     2  heapauxi.o(.text)
    __rt_heap_descriptor                     0x080005f9   Thumb Code     8  rt_heap_descriptor_intlibspace.o(.text)
    __use_no_heap                            0x08000601   Thumb Code     2  hguard.o(.text)
    __heap$guard                             0x08000603   Thumb Code     2  hguard.o(.text)
    _terminate_user_alloc                    0x08000605   Thumb Code     2  init_alloc.o(.text)
    _init_user_alloc                         0x08000607   Thumb Code     2  init_alloc.o(.text)
    __Heap_Full                              0x08000609   Thumb Code    34  init_alloc.o(.text)
    __Heap_Broken                            0x0800062b   Thumb Code     6  init_alloc.o(.text)
    _init_alloc                              0x08000631   Thumb Code    94  init_alloc.o(.text)
    __Heap_Initialize                        0x0800068f   Thumb Code    10  h1_init.o(.text)
    __Heap_DescSize                          0x08000699   Thumb Code     4  h1_init.o(.text)
    __user_libspace                          0x0800069d   Thumb Code     8  libspace.o(.text)
    __user_perproc_libspace                  0x0800069d   Thumb Code     0  libspace.o(.text)
    __user_perthread_libspace                0x0800069d   Thumb Code     0  libspace.o(.text)
    __Heap_ProvideMemory                     0x080006a5   Thumb Code    52  h1_extend.o(.text)
    __rt_SIGRTMEM                            0x080006d9   Thumb Code    14  defsig_rtmem_outer.o(.text)
    __I$use$semihosting                      0x080006e7   Thumb Code     0  use_no_semi.o(.text)
    __use_no_semihosting_swi                 0x080006e7   Thumb Code     2  use_no_semi.o(.text)
    __semihosting_library_function           0x080006e9   Thumb Code     0  indicate_semi.o(.text)
    __user_setup_stackheap                   0x080006e9   Thumb Code    74  sys_stackheap_outer.o(.text)
    exit                                     0x08000733   Thumb Code    18  exit.o(.text)
    __sig_exit                               0x08000745   Thumb Code    10  defsig_exit.o(.text)
    __rt_SIGRTMEM_inner                      0x08000751   Thumb Code    22  defsig_rtmem_inner.o(.text)
    _sys_exit                                0x080007a1   Thumb Code     8  sys_exit.o(.text)
    __default_signal_display                 0x080007ad   Thumb Code    50  defsig_general.o(.text)
    _ttywrch                                 0x080007df   Thumb Code    14  sys_wrch.o(.text)
    main                                     0x080007ed   Thumb Code    10  components.o(i.$Sub$$main)
    BusFault_Handler                         0x080007f7   Thumb Code     2  stm32f1xx_it.o(i.BusFault_Handler)
    DebugMon_Handler                         0x080007f9   Thumb Code     2  stm32f1xx_it.o(i.DebugMon_Handler)
    EXTI0_IRQHandler                         0x08000819   Thumb Code    40  irqhandler.o(i.EXTI0_IRQHandler)
    EXTI15_10_IRQHandler                     0x08000845   Thumb Code    44  irqhandler.o(i.EXTI15_10_IRQHandler)
    EXTI1_IRQHandler                         0x08000875   Thumb Code    40  irqhandler.o(i.EXTI1_IRQHandler)
    EXTI2_IRQHandler                         0x080008a1   Thumb Code    40  irqhandler.o(i.EXTI2_IRQHandler)
    EXTI3_IRQHandler                         0x080008cd   Thumb Code    40  irqhandler.o(i.EXTI3_IRQHandler)
    EXTI4_IRQHandler                         0x080008f9   Thumb Code    40  irqhandler.o(i.EXTI4_IRQHandler)
    EXTI9_5_IRQHandler                       0x08000925   Thumb Code    44  irqhandler.o(i.EXTI9_5_IRQHandler)
    MemManage_Handler                        0x08000955   Thumb Code     2  stm32f1xx_it.o(i.MemManage_Handler)
    NMI_Handler                              0x08000957   Thumb Code     2  stm32f1xx_it.o(i.NMI_Handler)
    PM_CreateImage                           0x08000959   Thumb Code    90  parammate.o(i.PM_CreateImage)
    PM_CreateParam                           0x080009b3   Thumb Code    58  parammate.o(i.PM_CreateParam)
    PM_CreateParamChannels                   0x080009ed   Thumb Code    72  parammate.o(i.PM_CreateParamChannels)
    PM_CreateWaveform                        0x08000a35   Thumb Code    78  parammate.o(i.PM_CreateWaveform)
    PM_CreateWaveformChannels                0x08000a83   Thumb Code    64  parammate.o(i.PM_CreateWaveformChannels)
    PM_InitWindow                            0x08000ac3   Thumb Code    22  parammate.o(i.PM_InitWindow)
    PM_ResetWindow                           0x08000ad9   Thumb Code    22  parammate.o(i.PM_ResetWindow)
    PM_SendMessage                           0x08000aef   Thumb Code    30  pm_commprot.o(i.PM_SendMessage)
    PM_SendPackect                           0x08000b0d   Thumb Code    60  pm_commprot.o(i.PM_SendPackect)
    PM_Strcpy                                0x08000b49   Thumb Code    28  parammate.o(i.PM_Strcpy)
    PM_TranSendByte                          0x08000b65   Thumb Code    46  pm_commprot.o(i.PM_TranSendByte)
    SysTick_Handler                          0x08000b93   Thumb Code    18  board.o(i.SysTick_Handler)
    SystemCoreClockUpdate                    0x08000ba5   Thumb Code    82  system_stm32f1xx.o(i.SystemCoreClockUpdate)
    SystemInit                               0x08000c0d   Thumb Code   102  system_stm32f1xx.o(i.SystemInit)
    TIM1_UP_IRQHandler                       0x08000c81   Thumb Code    36  irqhandler.o(i.TIM1_UP_IRQHandler)
    TIM2_IRQHandler                          0x08000cad   Thumb Code    38  irqhandler.o(i.TIM2_IRQHandler)
    TIM3_IRQHandler                          0x08000cd9   Thumb Code    36  irqhandler.o(i.TIM3_IRQHandler)
    TIM4_IRQHandler                          0x08000d05   Thumb Code    36  irqhandler.o(i.TIM4_IRQHandler)
    USART1_IRQHandler                        0x08000d31   Thumb Code    62  irqhandler.o(i.USART1_IRQHandler)
    USART2_IRQHandler                        0x08000d7d   Thumb Code    60  irqhandler.o(i.USART2_IRQHandler)
    USART3_IRQHandler                        0x08000dc5   Thumb Code    62  irqhandler.o(i.USART3_IRQHandler)
    UsageFault_Handler                       0x08000e11   Thumb Code     2  stm32f1xx_it.o(i.UsageFault_Handler)
    __rt_ffs                                 0x08000e15   Thumb Code    62  kservice.o(i.__rt_ffs)
    cmd_free                                 0x0800109d   Thumb Code    10  msh.o(i.cmd_free)
    cmd_ps                                   0x080010a7   Thumb Code    10  msh.o(i.cmd_ps)
    finsh_get_prompt                         0x080010b1   Thumb Code    66  shell.o(i.finsh_get_prompt)
    finsh_set_prompt_mode                    0x08001111   Thumb Code    16  shell.o(i.finsh_set_prompt_mode)
    finsh_system_function_init               0x08001125   Thumb Code     8  shell.o(i.finsh_system_function_init)
    finsh_system_init                        0x08001131   Thumb Code    90  shell.o(i.finsh_system_init)
    finsh_thread_entry                       0x080011c5   Thumb Code   612  shell.o(i.finsh_thread_entry)
    gpio_init                                0x08001451   Thumb Code   226  gpio.o(i.gpio_init)
    hello                                    0x080015b5   Thumb Code    12  cmd.o(i.hello)
    list                                     0x080015d5   Thumb Code    50  cmd.o(i.list)
    list_mailbox                             0x080016c5   Thumb Code   200  cmd.o(i.list_mailbox)
    list_mem                                 0x08001809   Thumb Code    32  mem.o(i.list_mem)
    list_msgqueue                            0x08001875   Thumb Code   188  cmd.o(i.list_msgqueue)
    list_sem                                 0x0800199d   Thumb Code   188  cmd.o(i.list_sem)
    list_thread                              0x08001ab9   Thumb Code   250  cmd.o(i.list_thread)
    list_timer                               0x08001c71   Thumb Code   160  cmd.o(i.list_timer)
    $Super$$main                             0x08001db1   Thumb Code   620  main.o(i.main)
    main_thread_entry                        0x080021b9   Thumb Code    14  components.o(i.main_thread_entry)
    msh_auto_complete                        0x080022a1   Thumb Code   150  msh.o(i.msh_auto_complete)
    msh_exec                                 0x0800234d   Thumb Code    74  msh.o(i.msh_exec)
    msh_help                                 0x080023b1   Thumb Code    58  msh.o(i.msh_help)
    msh_is_used                              0x08002429   Thumb Code     4  msh.o(i.msh_is_used)
    nvic_PriorityGroupConfig                 0x080024fd   Thumb Code    26  nvic.o(i.nvic_PriorityGroupConfig)
    nvic_init                                0x08002521   Thumb Code    54  nvic.o(i.nvic_init)
    rt_application_init                      0x080026f5   Thumb Code    32  components.o(i.rt_application_init)
    rt_calloc                                0x08002721   Thumb Code    26  mem.o(i.rt_calloc)
    rt_components_board_init                 0x0800273d   Thumb Code    20  components.o(i.rt_components_board_init)
    rt_components_init                       0x08002759   Thumb Code    20  components.o(i.rt_components_init)
    rt_enter_critical                        0x08002775   Thumb Code    22  scheduler.o(i.rt_enter_critical)
    rt_exit_critical                         0x08002791   Thumb Code    52  scheduler.o(i.rt_exit_critical)
    rt_free                                  0x080027c9   Thumb Code   112  mem.o(i.rt_free)
    rt_heap_begin_get                        0x0800288d   Thumb Code     4  board.o(i.rt_heap_begin_get)
    rt_heap_end_get                          0x08002895   Thumb Code     4  board.o(i.rt_heap_end_get)
    rt_hw_board_init                         0x0800289d   Thumb Code    90  board.o(i.rt_hw_board_init)
    rt_hw_console_getchar                    0x08002911   Thumb Code    22  board.o(i.rt_hw_console_getchar)
    rt_hw_console_output                     0x0800292d   Thumb Code    50  board.o(i.rt_hw_console_output)
    rt_hw_hard_fault_exception               0x08002961   Thumb Code   186  cpuport.o(i.rt_hw_hard_fault_exception)
    rt_hw_stack_init                         0x08002b5d   Thumb Code    52  cpuport.o(i.rt_hw_stack_init)
    rt_interrupt_enter                       0x08002b95   Thumb Code    22  irq.o(i.rt_interrupt_enter)
    rt_interrupt_leave                       0x08002bb1   Thumb Code    22  irq.o(i.rt_interrupt_leave)
    rt_kprintf                               0x08002c31   Thumb Code    28  kservice.o(i.rt_kprintf)
    rt_malloc                                0x08002cd1   Thumb Code   232  mem.o(i.rt_malloc)
    rt_mb_create                             0x08002dc1   Thumb Code    72  ipc.o(i.rt_mb_create)
    rt_mb_recv                               0x08002e09   Thumb Code   244  ipc.o(i.rt_mb_recv)
    rt_mb_send                               0x08002efd   Thumb Code     6  ipc.o(i.rt_mb_send)
    rt_mb_send_wait                          0x08002f03   Thumb Code   242  ipc.o(i.rt_mb_send_wait)
    rt_memmove                               0x08002ff5   Thumb Code    50  kservice.o(i.rt_memmove)
    rt_memset                                0x08003029   Thumb Code    70  kservice.o(i.rt_memset)
    rt_object_allocate                       0x0800306f   Thumb Code    80  object.o(i.rt_object_allocate)
    rt_object_delete                         0x080030bf   Thumb Code    38  object.o(i.rt_object_delete)
    rt_object_detach                         0x080030e5   Thumb Code    32  object.o(i.rt_object_detach)
    rt_object_get_information                0x08003105   Thumb Code    30  object.o(i.rt_object_get_information)
    rt_object_init                           0x08003129   Thumb Code    80  object.o(i.rt_object_init)
    rt_object_is_systemobject                0x08003179   Thumb Code    14  object.o(i.rt_object_is_systemobject)
    rt_schedule                              0x08003189   Thumb Code    76  scheduler.o(i.rt_schedule)
    rt_schedule_insert_thread                0x080031e1   Thumb Code    70  scheduler.o(i.rt_schedule_insert_thread)
    rt_schedule_remove_thread                0x08003231   Thumb Code    64  scheduler.o(i.rt_schedule_remove_thread)
    rt_sem_init                              0x08003279   Thumb Code    36  ipc.o(i.rt_sem_init)
    rt_sem_release                           0x0800329d   Thumb Code    72  ipc.o(i.rt_sem_release)
    rt_sem_take                              0x080032e5   Thumb Code   110  ipc.o(i.rt_sem_take)
    rt_show_version                          0x08003355   Thumb Code    40  kservice.o(i.rt_show_version)
    rt_strlen                                0x08003405   Thumb Code    16  kservice.o(i.rt_strlen)
    rt_strncpy                               0x08003415   Thumb Code    38  kservice.o(i.rt_strncpy)
    rt_system_heap_init                      0x0800343d   Thumb Code    96  mem.o(i.rt_system_heap_init)
    rt_system_scheduler_init                 0x080034e9   Thumb Code    44  scheduler.o(i.rt_system_scheduler_init)
    rt_system_scheduler_start                0x0800351d   Thumb Code    32  scheduler.o(i.rt_system_scheduler_start)
    rt_system_timer_init                     0x08003545   Thumb Code     8  timer.o(i.rt_system_timer_init)
    rt_system_timer_thread_init              0x08003551   Thumb Code     2  timer.o(i.rt_system_timer_thread_init)
    rt_thread_create                         0x08003553   Thumb Code    72  thread.o(i.rt_thread_create)
    rt_thread_exit                           0x0800359d   Thumb Code    82  thread.o(i.rt_thread_exit)
    rt_thread_idle_excute                    0x08003601   Thumb Code    70  idle.o(i.rt_thread_idle_excute)
    rt_thread_idle_init                      0x0800364d   Thumb Code    40  idle.o(i.rt_thread_idle_init)
    rt_thread_init                           0x08003685   Thumb Code    48  thread.o(i.rt_thread_init)
    rt_thread_resume                         0x080036b5   Thumb Code    60  thread.o(i.rt_thread_resume)
    rt_thread_self                           0x080036f1   Thumb Code     6  thread.o(i.rt_thread_self)
    rt_thread_startup                        0x080036fd   Thumb Code    40  thread.o(i.rt_thread_startup)
    rt_thread_suspend                        0x08003729   Thumb Code    66  thread.o(i.rt_thread_suspend)
    rt_thread_timeout                        0x0800376b   Thumb Code    32  thread.o(i.rt_thread_timeout)
    rt_thread_yield                          0x0800378d   Thumb Code    86  thread.o(i.rt_thread_yield)
    rt_tick_get                              0x080037ed   Thumb Code     6  clock.o(i.rt_tick_get)
    rt_tick_increase                         0x080037f9   Thumb Code    38  clock.o(i.rt_tick_increase)
    rt_timer_check                           0x08003825   Thumb Code   136  timer.o(i.rt_timer_check)
    rt_timer_control                         0x080038b1   Thumb Code    72  timer.o(i.rt_timer_control)
    rt_timer_detach                          0x080038f9   Thumb Code    40  timer.o(i.rt_timer_detach)
    rt_timer_init                            0x08003921   Thumb Code    40  timer.o(i.rt_timer_init)
    rt_timer_start                           0x08003949   Thumb Code   126  timer.o(i.rt_timer_start)
    rt_timer_stop                            0x080039cd   Thumb Code    46  timer.o(i.rt_timer_stop)
    rt_vsnprintf                             0x080039fd   Thumb Code   634  kservice.o(i.rt_vsnprintf)
    rtthread_startup                         0x08003c91   Thumb Code    42  components.o(i.rtthread_startup)
    uart_init                                0x08003d15   Thumb Code   440  uart.o(i.uart_init)
    uart_putchar                             0x08003ee1   Thumb Code    20  uart.o(i.uart_putchar)
    version                                  0x08003fc9   Thumb Code    10  cmd.o(i.version)
    __aeabi_fadd                             0x08003fd5   Thumb Code     0  faddsub_clz.o(x$fpl$fadd)
    _fadd                                    0x08003fd5   Thumb Code   196  faddsub_clz.o(x$fpl$fadd)
    __fpl_fcheck_NaN1                        0x08004099   Thumb Code     6  fcheck1.o(x$fpl$fcheck1)
    __aeabi_fdiv                             0x080040a5   Thumb Code     0  fdiv.o(x$fpl$fdiv)
    _fdiv                                    0x080040a5   Thumb Code   384  fdiv.o(x$fpl$fdiv)
    __aeabi_f2uiz                            0x08004229   Thumb Code     0  ffixu.o(x$fpl$ffixu)
    _ffixu                                   0x08004229   Thumb Code    62  ffixu.o(x$fpl$ffixu)
    __aeabi_ui2f                             0x08004269   Thumb Code     0  fflt_clz.o(x$fpl$ffltu)
    _ffltu                                   0x08004269   Thumb Code    38  fflt_clz.o(x$fpl$ffltu)
    __fpl_fnaninf                            0x0800428f   Thumb Code   140  fnaninf.o(x$fpl$fnaninf)
    __fpl_fretinf                            0x0800431b   Thumb Code    10  fretinf.o(x$fpl$fretinf)
    __aeabi_frsub                            0x08004325   Thumb Code     0  faddsub_clz.o(x$fpl$frsb)
    _frsb                                    0x08004325   Thumb Code    20  faddsub_clz.o(x$fpl$frsb)
    __aeabi_fsub                             0x08004339   Thumb Code     0  faddsub_clz.o(x$fpl$fsub)
    _fsub                                    0x08004339   Thumb Code   234  faddsub_clz.o(x$fpl$fsub)
    __fpl_return_NaN                         0x08004423   Thumb Code   100  retnan.o(x$fpl$retnan)
    __ARM_scalbnf                            0x08004487   Thumb Code    76  scalbnf.o(x$fpl$scalbnf)
    __fpl_cmpreturn                          0x080044d3   Thumb Code    48  trapv.o(x$fpl$trapveneer)
    AHBPrescTable                            0x08004502   Data          16  system_stm32f1xx.o(.constdata)
    __I$use$fp                               0x08004502   Number         0  usenofp.o(x$fpl$usenofp)
    __lowest_bit_bitmap                      0x08004512   Data         256  kservice.o(.constdata)
    __fsym_hello_name                        0x08004678   Data           6  cmd.o(.rodata.name)
    __fsym_hello_desc                        0x0800467e   Data          16  cmd.o(.rodata.name)
    __fsym_version_name                      0x0800468e   Data           8  cmd.o(.rodata.name)
    __fsym_version_desc                      0x08004696   Data          35  cmd.o(.rodata.name)
    __fsym___cmd_version_name                0x080046b9   Data          14  cmd.o(.rodata.name)
    __fsym___cmd_version_desc                0x080046c7   Data          35  cmd.o(.rodata.name)
    __fsym_list_thread_name                  0x080046ea   Data          12  cmd.o(.rodata.name)
    __fsym_list_thread_desc                  0x080046f6   Data          12  cmd.o(.rodata.name)
    __fsym___cmd_list_thread_name            0x08004702   Data          18  cmd.o(.rodata.name)
    __fsym___cmd_list_thread_desc            0x08004714   Data          12  cmd.o(.rodata.name)
    __fsym_list_sem_name                     0x08004720   Data           9  cmd.o(.rodata.name)
    __fsym_list_sem_desc                     0x08004729   Data          25  cmd.o(.rodata.name)
    __fsym___cmd_list_sem_name               0x08004742   Data          15  cmd.o(.rodata.name)
    __fsym___cmd_list_sem_desc               0x08004751   Data          25  cmd.o(.rodata.name)
    __fsym_list_mailbox_name                 0x0800476a   Data          13  cmd.o(.rodata.name)
    __fsym_list_mailbox_desc                 0x08004777   Data          24  cmd.o(.rodata.name)
    __fsym___cmd_list_mailbox_name           0x0800478f   Data          19  cmd.o(.rodata.name)
    __fsym___cmd_list_mailbox_desc           0x080047a2   Data          24  cmd.o(.rodata.name)
    __fsym_list_msgqueue_name                0x080047ba   Data          14  cmd.o(.rodata.name)
    __fsym_list_msgqueue_desc                0x080047c8   Data          29  cmd.o(.rodata.name)
    __fsym___cmd_list_msgqueue_name          0x080047e5   Data          20  cmd.o(.rodata.name)
    __fsym___cmd_list_msgqueue_desc          0x080047f9   Data          29  cmd.o(.rodata.name)
    __fsym_list_timer_name                   0x08004816   Data          11  cmd.o(.rodata.name)
    __fsym_list_timer_desc                   0x08004821   Data          21  cmd.o(.rodata.name)
    __fsym___cmd_list_timer_name             0x08004836   Data          17  cmd.o(.rodata.name)
    __fsym___cmd_list_timer_desc             0x08004847   Data          21  cmd.o(.rodata.name)
    __fsym_list_name                         0x0800485c   Data           5  cmd.o(.rodata.name)
    __fsym_list_desc                         0x08004861   Data          26  cmd.o(.rodata.name)
    __fsym___cmd_help_name                   0x0800487b   Data          11  msh.o(.rodata.name)
    __fsym___cmd_help_desc                   0x08004886   Data          22  msh.o(.rodata.name)
    __fsym___cmd_ps_name                     0x0800489c   Data           9  msh.o(.rodata.name)
    __fsym___cmd_ps_desc                     0x080048a5   Data          28  msh.o(.rodata.name)
    __fsym___cmd_free_name                   0x080048c1   Data          11  msh.o(.rodata.name)
    __fsym___cmd_free_desc                   0x080048cc   Data          37  msh.o(.rodata.name)
    __fsym_list_mem_name                     0x080048f1   Data           9  mem.o(.rodata.name)
    __fsym_list_mem_desc                     0x080048fa   Data          30  mem.o(.rodata.name)
    __rt_init_rti_start                      0x08004918   Data           4  components.o(.rti_fn.0)
    __rt_init_rti_board_start                0x0800491c   Data           4  components.o(.rti_fn.0.end)
    __rt_init_Debug_uart_init                0x08004920   Data           4  board.o(.rti_fn.1)
    __rt_init_rti_board_end                  0x08004924   Data           4  components.o(.rti_fn.1.end)
    __rt_init_finsh_system_init              0x08004928   Data           4  shell.o(.rti_fn.6)
    __rt_init_rti_end                        0x0800492c   Data           4  components.o(.rti_fn.6.end)
    FSymTab$$Base                            0x08004930   Number         0  cmd.o(FSymTab)
    __fsym_hello                             0x08004930   Data          12  cmd.o(FSymTab)
    __fsym_version                           0x0800493c   Data          12  cmd.o(FSymTab)
    __fsym___cmd_version                     0x08004948   Data          12  cmd.o(FSymTab)
    __fsym_list_thread                       0x08004954   Data          12  cmd.o(FSymTab)
    __fsym___cmd_list_thread                 0x08004960   Data          12  cmd.o(FSymTab)
    __fsym_list_sem                          0x0800496c   Data          12  cmd.o(FSymTab)
    __fsym___cmd_list_sem                    0x08004978   Data          12  cmd.o(FSymTab)
    __fsym_list_mailbox                      0x08004984   Data          12  cmd.o(FSymTab)
    __fsym___cmd_list_mailbox                0x08004990   Data          12  cmd.o(FSymTab)
    __fsym_list_msgqueue                     0x0800499c   Data          12  cmd.o(FSymTab)
    __fsym___cmd_list_msgqueue               0x080049a8   Data          12  cmd.o(FSymTab)
    __fsym_list_timer                        0x080049b4   Data          12  cmd.o(FSymTab)
    __fsym___cmd_list_timer                  0x080049c0   Data          12  cmd.o(FSymTab)
    __fsym_list                              0x080049cc   Data          12  cmd.o(FSymTab)
    __fsym___cmd_help                        0x080049d8   Data          12  msh.o(FSymTab)
    __fsym___cmd_ps                          0x080049e4   Data          12  msh.o(FSymTab)
    __fsym___cmd_free                        0x080049f0   Data          12  msh.o(FSymTab)
    __fsym_list_mem                          0x080049fc   Data          12  mem.o(FSymTab)
    FSymTab$$Limit                           0x08004a08   Number         0  mem.o(FSymTab)
    Region$$Table$$Base                      0x08004a08   Number         0  anon$$obj.o(Region$$Table)
    Region$$Table$$Limit                     0x08004a28   Number         0  anon$$obj.o(Region$$Table)
    SystemCoreClock                          0x20000000   Data           4  system_stm32f1xx.o(.data)
    UART1_Interrupt_flag                     0x20000004   Data           1  irqhandler.o(.data)
    UART2_Interrupt_flag                     0x20000005   Data           1  irqhandler.o(.data)
    UART3_Interrupt_flag                     0x20000006   Data           1  irqhandler.o(.data)
    PIT1_Interrupt_flag                      0x20000007   Data           1  irqhandler.o(.data)
    PIT2_Interrupt_flag                      0x20000008   Data           1  irqhandler.o(.data)
    PIT3_Interrupt_flag                      0x20000009   Data           1  irqhandler.o(.data)
    PIT4_Interrupt_flag                      0x2000000a   Data           1  irqhandler.o(.data)
    gpio_group                               0x2000000c   Data          16  gpio.o(.data)
    uart_irq                                 0x2000001c   Data           3  uart.o(.data)
    uart_index                               0x20000020   Data          12  uart.o(.data)
    _syscall_table_begin                     0x2000002c   Data           4  shell.o(.data)
    _syscall_table_end                       0x20000030   Data           4  shell.o(.data)
    _sysvar_table_begin                      0x20000034   Data           4  shell.o(.data)
    _sysvar_table_end                        0x20000038   Data           4  shell.o(.data)
    shell                                    0x20000040   Data           4  shell.o(.data)
    rt_interrupt_from_thread                 0x20000048   Data           4  cpuport.o(.data)
    rt_interrupt_to_thread                   0x2000004c   Data           4  cpuport.o(.data)
    rt_thread_switch_interrupt_flag          0x20000050   Data           4  cpuport.o(.data)
    rt_interrupt_nest                        0x20000058   Data           1  irq.o(.data)
    rt_current_priority                      0x200000c4   Data           1  scheduler.o(.data)
    rt_current_thread                        0x200000c8   Data           4  scheduler.o(.data)
    rt_thread_ready_priority_group           0x200000cc   Data           4  scheduler.o(.data)
    rt_thread_defunct                        0x200000d0   Data           8  scheduler.o(.data)
    Shell_RX                                 0x200000e4   Data           4  board.o(.data)
    ad                                       0x200000e8   Data          48  main.o(.bss)
    rt_thread_priority_table                 0x200003b4   Data         256  scheduler.o(.bss)
    __libspace_start                         0x200040b4   Data          96  libspace.o(.bss)
    __temporary_stack_top$libspace           0x20004114   Data           0  libspace.o(.bss)



==============================================================================

Memory Map of the image

  Image Entry point : 0x080000ed

  Load Region LR_IROM1 (Base: 0x08000000, Size: 0x00004b10, Max: 0x00010000, ABSOLUTE)

    Execution Region ER_IROM1 (Exec base: 0x08000000, Load base: 0x08000000, Size: 0x00004a28, Max: 0x00010000, ABSOLUTE)

    Exec Addr    Load Addr    Size         Type   Attr      Idx    E Section Name        Object

    0x08000000   0x08000000   0x000000ec   Data   RO            3    RESET               startup_stm32f103xb.o
    0x080000ec   0x080000ec   0x00000008   Code   RO         2198  * !!!main             c_w.l(__main.o)
    0x080000f4   0x080000f4   0x00000034   Code   RO         2432    !!!scatter          c_w.l(__scatter.o)
    0x08000128   0x08000128   0x0000001a   Code   RO         2434    !!handler_copy      c_w.l(__scatter_copy.o)
    0x08000142   0x08000142   0x00000002   PAD
    0x08000144   0x08000144   0x0000001c   Code   RO         2436    !!handler_zi        c_w.l(__scatter_zi.o)
    0x08000160   0x08000160   0x00000002   Code   RO         2369    .ARM.Collect$$libinit$$00000000  c_w.l(libinit.o)
    0x08000162   0x08000162   0x00000000   Code   RO         2253    .ARM.Collect$$libinit$$00000002  c_w.l(libinit2.o)
    0x08000162   0x08000162   0x00000000   Code   RO         2255    .ARM.Collect$$libinit$$00000004  c_w.l(libinit2.o)
    0x08000162   0x08000162   0x00000008   Code   RO         2256    .ARM.Collect$$libinit$$00000005  c_w.l(libinit2.o)
    0x0800016a   0x0800016a   0x00000000   Code   RO         2258    .ARM.Collect$$libinit$$0000000A  c_w.l(libinit2.o)
    0x0800016a   0x0800016a   0x00000000   Code   RO         2260    .ARM.Collect$$libinit$$0000000C  c_w.l(libinit2.o)
    0x0800016a   0x0800016a   0x00000000   Code   RO         2262    .ARM.Collect$$libinit$$0000000E  c_w.l(libinit2.o)
    0x0800016a   0x0800016a   0x00000000   Code   RO         2265    .ARM.Collect$$libinit$$00000011  c_w.l(libinit2.o)
    0x0800016a   0x0800016a   0x00000000   Code   RO         2267    .ARM.Collect$$libinit$$00000013  c_w.l(libinit2.o)
    0x0800016a   0x0800016a   0x00000000   Code   RO         2269    .ARM.Collect$$libinit$$00000015  c_w.l(libinit2.o)
    0x0800016a   0x0800016a   0x00000000   Code   RO         2271    .ARM.Collect$$libinit$$00000017  c_w.l(libinit2.o)
    0x0800016a   0x0800016a   0x00000000   Code   RO         2273    .ARM.Collect$$libinit$$00000019  c_w.l(libinit2.o)
    0x0800016a   0x0800016a   0x00000000   Code   RO         2275    .ARM.Collect$$libinit$$0000001B  c_w.l(libinit2.o)
    0x0800016a   0x0800016a   0x00000000   Code   RO         2277    .ARM.Collect$$libinit$$0000001D  c_w.l(libinit2.o)
    0x0800016a   0x0800016a   0x00000000   Code   RO         2279    .ARM.Collect$$libinit$$0000001F  c_w.l(libinit2.o)
    0x0800016a   0x0800016a   0x00000000   Code   RO         2281    .ARM.Collect$$libinit$$00000021  c_w.l(libinit2.o)
    0x0800016a   0x0800016a   0x00000000   Code   RO         2283    .ARM.Collect$$libinit$$00000023  c_w.l(libinit2.o)
    0x0800016a   0x0800016a   0x00000000   Code   RO         2285    .ARM.Collect$$libinit$$00000025  c_w.l(libinit2.o)
    0x0800016a   0x0800016a   0x00000000   Code   RO         2289    .ARM.Collect$$libinit$$0000002C  c_w.l(libinit2.o)
    0x0800016a   0x0800016a   0x00000000   Code   RO         2291    .ARM.Collect$$libinit$$0000002E  c_w.l(libinit2.o)
    0x0800016a   0x0800016a   0x00000000   Code   RO         2293    .ARM.Collect$$libinit$$00000030  c_w.l(libinit2.o)
    0x0800016a   0x0800016a   0x00000000   Code   RO         2295    .ARM.Collect$$libinit$$00000032  c_w.l(libinit2.o)
    0x0800016a   0x0800016a   0x00000002   Code   RO         2296    .ARM.Collect$$libinit$$00000033  c_w.l(libinit2.o)
    0x0800016c   0x0800016c   0x00000002   Code   RO         2429    .ARM.Collect$$libshutdown$$00000000  c_w.l(libshutdown.o)
    0x0800016e   0x0800016e   0x00000000   Code   RO         2385    .ARM.Collect$$libshutdown$$00000002  c_w.l(libshutdown2.o)
    0x0800016e   0x0800016e   0x00000000   Code   RO         2387    .ARM.Collect$$libshutdown$$00000004  c_w.l(libshutdown2.o)
    0x0800016e   0x0800016e   0x00000000   Code   RO         2390    .ARM.Collect$$libshutdown$$00000007  c_w.l(libshutdown2.o)
    0x0800016e   0x0800016e   0x00000000   Code   RO         2393    .ARM.Collect$$libshutdown$$0000000A  c_w.l(libshutdown2.o)
    0x0800016e   0x0800016e   0x00000000   Code   RO         2395    .ARM.Collect$$libshutdown$$0000000C  c_w.l(libshutdown2.o)
    0x0800016e   0x0800016e   0x00000000   Code   RO         2398    .ARM.Collect$$libshutdown$$0000000F  c_w.l(libshutdown2.o)
    0x0800016e   0x0800016e   0x00000002   Code   RO         2399    .ARM.Collect$$libshutdown$$00000010  c_w.l(libshutdown2.o)
    0x08000170   0x08000170   0x00000000   Code   RO         2224    .ARM.Collect$$rtentry$$00000000  c_w.l(__rtentry.o)
    0x08000170   0x08000170   0x00000000   Code   RO         2310    .ARM.Collect$$rtentry$$00000002  c_w.l(__rtentry2.o)
    0x08000170   0x08000170   0x00000006   Code   RO         2322    .ARM.Collect$$rtentry$$00000004  c_w.l(__rtentry4.o)
    0x08000176   0x08000176   0x00000000   Code   RO         2312    .ARM.Collect$$rtentry$$00000009  c_w.l(__rtentry2.o)
    0x08000176   0x08000176   0x00000004   Code   RO         2313    .ARM.Collect$$rtentry$$0000000A  c_w.l(__rtentry2.o)
    0x0800017a   0x0800017a   0x00000000   Code   RO         2315    .ARM.Collect$$rtentry$$0000000C  c_w.l(__rtentry2.o)
    0x0800017a   0x0800017a   0x00000008   Code   RO         2316    .ARM.Collect$$rtentry$$0000000D  c_w.l(__rtentry2.o)
    0x08000182   0x08000182   0x00000002   Code   RO         2374    .ARM.Collect$$rtexit$$00000000  c_w.l(rtexit.o)
    0x08000184   0x08000184   0x00000000   Code   RO         2403    .ARM.Collect$$rtexit$$00000002  c_w.l(rtexit2.o)
    0x08000184   0x08000184   0x00000004   Code   RO         2404    .ARM.Collect$$rtexit$$00000003  c_w.l(rtexit2.o)
    0x08000188   0x08000188   0x00000006   Code   RO         2405    .ARM.Collect$$rtexit$$00000004  c_w.l(rtexit2.o)
    0x0800018e   0x0800018e   0x00000002   PAD
    0x08000190   0x08000190   0x00000000   Code   RO         2326    .emb_text           c_w.l(maybetermalloc1.o)
    0x08000190   0x08000190   0x00000040   Code   RO            4    .text               startup_stm32f103xb.o
    0x080001d0   0x080001d0   0x000000f4   Code   RO         1921    .text               context_rvds.o
    0x080002c4   0x080002c4   0x0000005e   Code   RO         2122    .text               c_w.l(h1_alloc.o)
    0x08000322   0x08000322   0x0000004e   Code   RO         2124    .text               c_w.l(h1_free.o)
    0x08000370   0x08000370   0x00000048   Code   RO         2180    .text               c_w.l(strcpy.o)
    0x080003b8   0x080003b8   0x0000003e   Code   RO         2182    .text               c_w.l(strlen.o)
    0x080003f6   0x080003f6   0x00000096   Code   RO         2184    .text               c_w.l(strncmp.o)
    0x0800048c   0x0800048c   0x00000018   Code   RO         2186    .text               c_w.l(strcat.o)
    0x080004a4   0x080004a4   0x00000064   Code   RO         2188    .text               c_w.l(rt_memcpy_w.o)
    0x08000508   0x08000508   0x00000044   Code   RO         2190    .text               c_w.l(rt_memclr.o)
    0x0800054c   0x0800054c   0x0000004e   Code   RO         2192    .text               c_w.l(rt_memclr_w.o)
    0x0800059a   0x0800059a   0x00000056   Code   RO         2194    .text               c_w.l(strncpy.o)
    0x080005f0   0x080005f0   0x00000006   Code   RO         2196    .text               c_w.l(heapauxi.o)
    0x080005f6   0x080005f6   0x00000002   PAD
    0x080005f8   0x080005f8   0x00000008   Code   RO         2228    .text               c_w.l(rt_heap_descriptor_intlibspace.o)
    0x08000600   0x08000600   0x00000004   Code   RO         2230    .text               c_w.l(hguard.o)
    0x08000604   0x08000604   0x0000008a   Code   RO         2232    .text               c_w.l(init_alloc.o)
    0x0800068e   0x0800068e   0x0000000e   Code   RO         2236    .text               c_w.l(h1_init.o)
    0x0800069c   0x0800069c   0x00000008   Code   RO         2306    .text               c_w.l(libspace.o)
    0x080006a4   0x080006a4   0x00000034   Code   RO         2328    .text               c_w.l(h1_extend.o)
    0x080006d8   0x080006d8   0x0000000e   Code   RO         2332    .text               c_w.l(defsig_rtmem_outer.o)
    0x080006e6   0x080006e6   0x00000002   Code   RO         2345    .text               c_w.l(use_no_semi.o)
    0x080006e8   0x080006e8   0x00000000   Code   RO         2347    .text               c_w.l(indicate_semi.o)
    0x080006e8   0x080006e8   0x0000004a   Code   RO         2348    .text               c_w.l(sys_stackheap_outer.o)
    0x08000732   0x08000732   0x00000012   Code   RO         2354    .text               c_w.l(exit.o)
    0x08000744   0x08000744   0x0000000a   Code   RO         2356    .text               c_w.l(defsig_exit.o)
    0x0800074e   0x0800074e   0x00000002   PAD
    0x08000750   0x08000750   0x00000050   Code   RO         2358    .text               c_w.l(defsig_rtmem_inner.o)
    0x080007a0   0x080007a0   0x0000000c   Code   RO         2372    .text               c_w.l(sys_exit.o)
    0x080007ac   0x080007ac   0x00000032   Code   RO         2382    .text               c_w.l(defsig_general.o)
    0x080007de   0x080007de   0x0000000e   Code   RO         2400    .text               c_w.l(sys_wrch.o)
    0x080007ec   0x080007ec   0x0000000a   Code   RO          976    i.$Sub$$main        components.o
    0x080007f6   0x080007f6   0x00000002   Code   RO           74    i.BusFault_Handler  stm32f1xx_it.o
    0x080007f8   0x080007f8   0x00000002   Code   RO           75    i.DebugMon_Handler  stm32f1xx_it.o
    0x080007fa   0x080007fa   0x0000001c   Code   RO         1928    i.Debug_uart_init   board.o
    0x08000816   0x08000816   0x00000002   PAD
    0x08000818   0x08000818   0x0000002c   Code   RO          185    i.EXTI0_IRQHandler  irqhandler.o
    0x08000844   0x08000844   0x00000030   Code   RO          186    i.EXTI15_10_IRQHandler  irqhandler.o
    0x08000874   0x08000874   0x0000002c   Code   RO          187    i.EXTI1_IRQHandler  irqhandler.o
    0x080008a0   0x080008a0   0x0000002c   Code   RO          188    i.EXTI2_IRQHandler  irqhandler.o
    0x080008cc   0x080008cc   0x0000002c   Code   RO          189    i.EXTI3_IRQHandler  irqhandler.o
    0x080008f8   0x080008f8   0x0000002c   Code   RO          190    i.EXTI4_IRQHandler  irqhandler.o
    0x08000924   0x08000924   0x00000030   Code   RO          191    i.EXTI9_5_IRQHandler  irqhandler.o
    0x08000954   0x08000954   0x00000002   Code   RO           76    i.MemManage_Handler  stm32f1xx_it.o
    0x08000956   0x08000956   0x00000002   Code   RO           77    i.NMI_Handler       stm32f1xx_it.o
    0x08000958   0x08000958   0x0000005a   Code   RO         1996    i.PM_CreateImage    parammate.o
    0x080009b2   0x080009b2   0x0000003a   Code   RO         1997    i.PM_CreateParam    parammate.o
    0x080009ec   0x080009ec   0x00000048   Code   RO         1998    i.PM_CreateParamChannels  parammate.o
    0x08000a34   0x08000a34   0x0000004e   Code   RO         1999    i.PM_CreateWaveform  parammate.o
    0x08000a82   0x08000a82   0x00000040   Code   RO         2000    i.PM_CreateWaveformChannels  parammate.o
    0x08000ac2   0x08000ac2   0x00000016   Code   RO         2001    i.PM_InitWindow     parammate.o
    0x08000ad8   0x08000ad8   0x00000016   Code   RO         2002    i.PM_ResetWindow    parammate.o
    0x08000aee   0x08000aee   0x0000001e   Code   RO         2083    i.PM_SendMessage    pm_commprot.o
    0x08000b0c   0x08000b0c   0x0000003c   Code   RO         2084    i.PM_SendPackect    pm_commprot.o
    0x08000b48   0x08000b48   0x0000001c   Code   RO         2006    i.PM_Strcpy         parammate.o
    0x08000b64   0x08000b64   0x0000002e   Code   RO         2085    i.PM_TranSendByte   pm_commprot.o
    0x08000b92   0x08000b92   0x00000012   Code   RO         1929    i.SysTick_Handler   board.o
    0x08000ba4   0x08000ba4   0x00000068   Code   RO           13    i.SystemCoreClockUpdate  system_stm32f1xx.o
    0x08000c0c   0x08000c0c   0x00000074   Code   RO           14    i.SystemInit        system_stm32f1xx.o
    0x08000c80   0x08000c80   0x0000002c   Code   RO          192    i.TIM1_UP_IRQHandler  irqhandler.o
    0x08000cac   0x08000cac   0x0000002c   Code   RO          193    i.TIM2_IRQHandler   irqhandler.o
    0x08000cd8   0x08000cd8   0x0000002c   Code   RO          194    i.TIM3_IRQHandler   irqhandler.o
    0x08000d04   0x08000d04   0x0000002c   Code   RO          195    i.TIM4_IRQHandler   irqhandler.o
    0x08000d30   0x08000d30   0x0000004c   Code   RO          196    i.USART1_IRQHandler  irqhandler.o
    0x08000d7c   0x08000d7c   0x00000048   Code   RO          197    i.USART2_IRQHandler  irqhandler.o
    0x08000dc4   0x08000dc4   0x0000004c   Code   RO          198    i.USART3_IRQHandler  irqhandler.o
    0x08000e10   0x08000e10   0x00000002   Code   RO           78    i.UsageFault_Handler  stm32f1xx_it.o
    0x08000e12   0x08000e12   0x00000002   PAD
    0x08000e14   0x08000e14   0x00000044   Code   RO         1293    i.__rt_ffs          kservice.o
    0x08000e58   0x08000e58   0x0000009c   Code   RO          725    i._msh_exec_cmd     msh.o
    0x08000ef4   0x08000ef4   0x00000080   Code   RO         1694    i._rt_thread_init   thread.o
    0x08000f74   0x08000f74   0x0000001c   Code   RO         1824    i._rt_timer_init    timer.o
    0x08000f90   0x08000f90   0x00000006   Code   RO         1825    i._rt_timer_remove  timer.o
    0x08000f96   0x08000f96   0x0000001c   Code   RO         1695    i._thread_cleanup_execute  thread.o
    0x08000fb2   0x08000fb2   0x00000002   PAD
    0x08000fb4   0x08000fb4   0x000000e8   Code   RO          876    i.bus_fault_track   cpuport.o
    0x0800109c   0x0800109c   0x0000000a   Code   RO          726    i.cmd_free          msh.o
    0x080010a6   0x080010a6   0x0000000a   Code   RO          727    i.cmd_ps            msh.o
    0x080010b0   0x080010b0   0x00000060   Code   RO          797    i.finsh_get_prompt  shell.o
    0x08001110   0x08001110   0x00000014   Code   RO          801    i.finsh_set_prompt_mode  shell.o
    0x08001124   0x08001124   0x0000000c   Code   RO          802    i.finsh_system_function_init  shell.o
    0x08001130   0x08001130   0x00000094   Code   RO          803    i.finsh_system_init  shell.o
    0x080011c4   0x080011c4   0x0000028c   Code   RO          805    i.finsh_thread_entry  shell.o
    0x08001450   0x08001450   0x000000ec   Code   RO          329    i.gpio_init         gpio.o
    0x0800153c   0x0800153c   0x00000078   Code   RO          877    i.hard_fault_track  cpuport.o
    0x080015b4   0x080015b4   0x00000020   Code   RO          585    i.hello             cmd.o
    0x080015d4   0x080015d4   0x00000064   Code   RO          586    i.list              cmd.o
    0x08001638   0x08001638   0x00000024   Code   RO          587    i.list_find_init    cmd.o
    0x0800165c   0x0800165c   0x00000066   Code   RO          588    i.list_get_next     cmd.o
    0x080016c2   0x080016c2   0x00000002   PAD
    0x080016c4   0x080016c4   0x00000144   Code   RO          589    i.list_mailbox      cmd.o
    0x08001808   0x08001808   0x0000006c   Code   RO         1467    i.list_mem          mem.o
    0x08001874   0x08001874   0x00000128   Code   RO          590    i.list_msgqueue     cmd.o
    0x0800199c   0x0800199c   0x0000011c   Code   RO          591    i.list_sem          cmd.o
    0x08001ab8   0x08001ab8   0x000001b8   Code   RO          592    i.list_thread       cmd.o
    0x08001c70   0x08001c70   0x00000140   Code   RO          593    i.list_timer        cmd.o
    0x08001db0   0x08001db0   0x00000408   Code   RO          294    i.main              main.o
    0x080021b8   0x080021b8   0x0000000e   Code   RO          977    i.main_thread_entry  components.o
    0x080021c6   0x080021c6   0x00000002   PAD
    0x080021c8   0x080021c8   0x000000d8   Code   RO          878    i.mem_manage_fault_track  cpuport.o
    0x080022a0   0x080022a0   0x000000ac   Code   RO          728    i.msh_auto_complete  msh.o
    0x0800234c   0x0800234c   0x00000064   Code   RO          729    i.msh_exec          msh.o
    0x080023b0   0x080023b0   0x00000078   Code   RO          730    i.msh_help          msh.o
    0x08002428   0x08002428   0x00000004   Code   RO          731    i.msh_is_used       msh.o
    0x0800242c   0x0800242c   0x000000d0   Code   RO          732    i.msh_split         msh.o
    0x080024fc   0x080024fc   0x00000024   Code   RO          435    i.nvic_PriorityGroupConfig  nvic.o
    0x08002520   0x08002520   0x00000036   Code   RO          436    i.nvic_init         nvic.o
    0x08002556   0x08002556   0x00000002   PAD
    0x08002558   0x08002558   0x00000018   Code   RO          594    i.object_split      cmd.o
    0x08002570   0x08002570   0x00000054   Code   RO         1468    i.plug_holes        mem.o
    0x080025c4   0x080025c4   0x00000130   Code   RO         1295    i.print_number      kservice.o
    0x080026f4   0x080026f4   0x0000002c   Code   RO          978    i.rt_application_init  components.o
    0x08002720   0x08002720   0x0000001a   Code   RO         1469    i.rt_calloc         mem.o
    0x0800273a   0x0800273a   0x00000002   PAD
    0x0800273c   0x0800273c   0x0000001c   Code   RO          979    i.rt_components_board_init  components.o
    0x08002758   0x08002758   0x0000001c   Code   RO          980    i.rt_components_init  components.o
    0x08002774   0x08002774   0x0000001c   Code   RO         1627    i.rt_enter_critical  scheduler.o
    0x08002790   0x08002790   0x00000038   Code   RO         1628    i.rt_exit_critical  scheduler.o
    0x080027c8   0x080027c8   0x000000c4   Code   RO         1470    i.rt_free           mem.o
    0x0800288c   0x0800288c   0x00000008   Code   RO         1930    i.rt_heap_begin_get  board.o
    0x08002894   0x08002894   0x00000008   Code   RO         1931    i.rt_heap_end_get   board.o
    0x0800289c   0x0800289c   0x00000074   Code   RO         1932    i.rt_hw_board_init  board.o
    0x08002910   0x08002910   0x0000001c   Code   RO         1933    i.rt_hw_console_getchar  board.o
    0x0800292c   0x0800292c   0x00000032   Code   RO         1934    i.rt_hw_console_output  board.o
    0x0800295e   0x0800295e   0x00000002   PAD
    0x08002960   0x08002960   0x000001fc   Code   RO          882    i.rt_hw_hard_fault_exception  cpuport.o
    0x08002b5c   0x08002b5c   0x00000038   Code   RO          883    i.rt_hw_stack_init  cpuport.o
    0x08002b94   0x08002b94   0x0000001c   Code   RO         1266    i.rt_interrupt_enter  irq.o
    0x08002bb0   0x08002bb0   0x0000001c   Code   RO         1268    i.rt_interrupt_leave  irq.o
    0x08002bcc   0x08002bcc   0x0000000e   Code   RO         1087    i.rt_ipc_list_resume  ipc.o
    0x08002bda   0x08002bda   0x00000002   PAD
    0x08002bdc   0x08002bdc   0x00000052   Code   RO         1089    i.rt_ipc_list_suspend  ipc.o
    0x08002c2e   0x08002c2e   0x00000002   PAD
    0x08002c30   0x08002c30   0x00000020   Code   RO         1299    i.rt_kprintf        kservice.o
    0x08002c50   0x08002c50   0x0000000e   Code   RO         1539    i.rt_list_insert_after  object.o
    0x08002c5e   0x08002c5e   0x0000000e   Code   RO         1696    i.rt_list_insert_after  thread.o
    0x08002c6c   0x08002c6c   0x0000000e   Code   RO         1826    i.rt_list_insert_after  timer.o
    0x08002c7a   0x08002c7a   0x0000000e   Code   RO         1090    i.rt_list_insert_before  ipc.o
    0x08002c88   0x08002c88   0x00000012   Code   RO          595    i.rt_list_len       cmd.o
    0x08002c9a   0x08002c9a   0x00000012   Code   RO         1540    i.rt_list_remove    object.o
    0x08002cac   0x08002cac   0x00000012   Code   RO         1697    i.rt_list_remove    thread.o
    0x08002cbe   0x08002cbe   0x00000012   Code   RO         1827    i.rt_list_remove    timer.o
    0x08002cd0   0x08002cd0   0x000000f0   Code   RO         1471    i.rt_malloc         mem.o
    0x08002dc0   0x08002dc0   0x00000048   Code   RO         1092    i.rt_mb_create      ipc.o
    0x08002e08   0x08002e08   0x000000f4   Code   RO         1096    i.rt_mb_recv        ipc.o
    0x08002efc   0x08002efc   0x00000006   Code   RO         1097    i.rt_mb_send        ipc.o
    0x08002f02   0x08002f02   0x000000f2   Code   RO         1098    i.rt_mb_send_wait   ipc.o
    0x08002ff4   0x08002ff4   0x00000032   Code   RO         1304    i.rt_memmove        kservice.o
    0x08003026   0x08003026   0x00000002   PAD
    0x08003028   0x08003028   0x00000046   Code   RO         1305    i.rt_memset         kservice.o
    0x0800306e   0x0800306e   0x00000050   Code   RO         1541    i.rt_object_allocate  object.o
    0x080030be   0x080030be   0x00000026   Code   RO         1542    i.rt_object_delete  object.o
    0x080030e4   0x080030e4   0x00000020   Code   RO         1543    i.rt_object_detach  object.o
    0x08003104   0x08003104   0x00000024   Code   RO         1545    i.rt_object_get_information  object.o
    0x08003128   0x08003128   0x00000050   Code   RO         1549    i.rt_object_init    object.o
    0x08003178   0x08003178   0x0000000e   Code   RO         1550    i.rt_object_is_systemobject  object.o
    0x08003186   0x08003186   0x00000002   PAD
    0x08003188   0x08003188   0x00000058   Code   RO         1629    i.rt_schedule       scheduler.o
    0x080031e0   0x080031e0   0x00000050   Code   RO         1630    i.rt_schedule_insert_thread  scheduler.o
    0x08003230   0x08003230   0x00000048   Code   RO         1631    i.rt_schedule_remove_thread  scheduler.o
    0x08003278   0x08003278   0x00000024   Code   RO         1112    i.rt_sem_init       ipc.o
    0x0800329c   0x0800329c   0x00000048   Code   RO         1113    i.rt_sem_release    ipc.o
    0x080032e4   0x080032e4   0x0000006e   Code   RO         1114    i.rt_sem_take       ipc.o
    0x08003352   0x08003352   0x00000002   PAD
    0x08003354   0x08003354   0x000000b0   Code   RO         1307    i.rt_show_version   kservice.o
    0x08003404   0x08003404   0x00000010   Code   RO         1313    i.rt_strlen         kservice.o
    0x08003414   0x08003414   0x00000026   Code   RO         1315    i.rt_strncpy        kservice.o
    0x0800343a   0x0800343a   0x00000002   PAD
    0x0800343c   0x0800343c   0x000000ac   Code   RO         1474    i.rt_system_heap_init  mem.o
    0x080034e8   0x080034e8   0x00000034   Code   RO         1632    i.rt_system_scheduler_init  scheduler.o
    0x0800351c   0x0800351c   0x00000028   Code   RO         1633    i.rt_system_scheduler_start  scheduler.o
    0x08003544   0x08003544   0x0000000c   Code   RO         1828    i.rt_system_timer_init  timer.o
    0x08003550   0x08003550   0x00000002   Code   RO         1829    i.rt_system_timer_thread_init  timer.o
    0x08003552   0x08003552   0x00000048   Code   RO         1699    i.rt_thread_create  thread.o
    0x0800359a   0x0800359a   0x00000002   PAD
    0x0800359c   0x0800359c   0x0000005c   Code   RO         1704    i.rt_thread_exit    thread.o
    0x080035f8   0x080035f8   0x00000006   Code   RO         1052    i.rt_thread_idle_entry  idle.o
    0x080035fe   0x080035fe   0x00000002   PAD
    0x08003600   0x08003600   0x0000004c   Code   RO         1053    i.rt_thread_idle_excute  idle.o
    0x0800364c   0x0800364c   0x00000038   Code   RO         1055    i.rt_thread_idle_init  idle.o
    0x08003684   0x08003684   0x00000030   Code   RO         1706    i.rt_thread_init    thread.o
    0x080036b4   0x080036b4   0x0000003c   Code   RO         1708    i.rt_thread_resume  thread.o
    0x080036f0   0x080036f0   0x0000000c   Code   RO         1709    i.rt_thread_self    thread.o
    0x080036fc   0x080036fc   0x0000002c   Code   RO         1711    i.rt_thread_startup  thread.o
    0x08003728   0x08003728   0x00000042   Code   RO         1712    i.rt_thread_suspend  thread.o
    0x0800376a   0x0800376a   0x00000020   Code   RO         1713    i.rt_thread_timeout  thread.o
    0x0800378a   0x0800378a   0x00000002   PAD
    0x0800378c   0x0800378c   0x00000060   Code   RO         1714    i.rt_thread_yield   thread.o
    0x080037ec   0x080037ec   0x0000000c   Code   RO          940    i.rt_tick_get       clock.o
    0x080037f8   0x080037f8   0x0000002c   Code   RO          941    i.rt_tick_increase  clock.o
    0x08003824   0x08003824   0x0000008c   Code   RO         1830    i.rt_timer_check    timer.o
    0x080038b0   0x080038b0   0x00000048   Code   RO         1831    i.rt_timer_control  timer.o
    0x080038f8   0x080038f8   0x00000028   Code   RO         1834    i.rt_timer_detach   timer.o
    0x08003920   0x08003920   0x00000028   Code   RO         1835    i.rt_timer_init     timer.o
    0x08003948   0x08003948   0x00000084   Code   RO         1837    i.rt_timer_start    timer.o
    0x080039cc   0x080039cc   0x0000002e   Code   RO         1838    i.rt_timer_stop     timer.o
    0x080039fa   0x080039fa   0x00000002   PAD
    0x080039fc   0x080039fc   0x00000284   Code   RO         1318    i.rt_vsnprintf      kservice.o
    0x08003c80   0x08003c80   0x00000004   Code   RO          981    i.rti_board_end     components.o
    0x08003c84   0x08003c84   0x00000004   Code   RO          982    i.rti_board_start   components.o
    0x08003c88   0x08003c88   0x00000004   Code   RO          983    i.rti_end           components.o
    0x08003c8c   0x08003c8c   0x00000004   Code   RO          984    i.rti_start         components.o
    0x08003c90   0x08003c90   0x0000002a   Code   RO          985    i.rtthread_startup  components.o
    0x08003cba   0x08003cba   0x00000002   PAD
    0x08003cbc   0x08003cbc   0x00000030   Code   RO          596    i.show_wait_queue   cmd.o
    0x08003cec   0x08003cec   0x00000028   Code   RO         1320    i.skip_atoi         kservice.o
    0x08003d14   0x08003d14   0x000001cc   Code   RO          379    i.uart_init         uart.o
    0x08003ee0   0x08003ee0   0x00000018   Code   RO          381    i.uart_putchar      uart.o
    0x08003ef8   0x08003ef8   0x000000d0   Code   RO          884    i.usage_fault_track  cpuport.o
    0x08003fc8   0x08003fc8   0x0000000a   Code   RO          597    i.version           cmd.o
    0x08003fd2   0x08003fd2   0x00000002   PAD
    0x08003fd4   0x08003fd4   0x000000c4   Code   RO         2200    x$fpl$fadd          fz_ws.l(faddsub_clz.o)
    0x08004098   0x08004098   0x0000000c   Code   RO         2297    x$fpl$fcheck1       fz_ws.l(fcheck1.o)
    0x080040a4   0x080040a4   0x00000184   Code   RO         2207    x$fpl$fdiv          fz_ws.l(fdiv.o)
    0x08004228   0x08004228   0x0000003e   Code   RO         2210    x$fpl$ffixu         fz_ws.l(ffixu.o)
    0x08004266   0x08004266   0x00000002   PAD
    0x08004268   0x08004268   0x00000026   Code   RO         2214    x$fpl$ffltu         fz_ws.l(fflt_clz.o)
    0x0800428e   0x0800428e   0x0000008c   Code   RO         2299    x$fpl$fnaninf       fz_ws.l(fnaninf.o)
    0x0800431a   0x0800431a   0x0000000a   Code   RO         2301    x$fpl$fretinf       fz_ws.l(fretinf.o)
    0x08004324   0x08004324   0x00000014   Code   RO         2201    x$fpl$frsb          fz_ws.l(faddsub_clz.o)
    0x08004338   0x08004338   0x000000ea   Code   RO         2202    x$fpl$fsub          fz_ws.l(faddsub_clz.o)
    0x08004422   0x08004422   0x00000064   Code   RO         2343    x$fpl$retnan        fz_ws.l(retnan.o)
    0x08004486   0x08004486   0x0000004c   Code   RO         2220    x$fpl$scalbnf       fz_ws.l(scalbnf.o)
    0x080044d2   0x080044d2   0x00000030   Code   RO         2370    x$fpl$trapveneer    fz_ws.l(trapv.o)
    0x08004502   0x08004502   0x00000000   Code   RO         2303    x$fpl$usenofp       fz_ws.l(usenofp.o)
    0x08004502   0x08004502   0x00000010   Data   RO           15    .constdata          system_stm32f1xx.o
    0x08004512   0x08004512   0x00000122   Data   RO         1322    .constdata          kservice.o
    0x08004634   0x08004634   0x00000044   Data   RO          598    .conststring        cmd.o
    0x08004678   0x08004678   0x00000006   Data   RO          599    .rodata.name        cmd.o
    0x0800467e   0x0800467e   0x00000010   Data   RO          600    .rodata.name        cmd.o
    0x0800468e   0x0800468e   0x00000008   Data   RO          601    .rodata.name        cmd.o
    0x08004696   0x08004696   0x00000023   Data   RO          602    .rodata.name        cmd.o
    0x080046b9   0x080046b9   0x0000000e   Data   RO          603    .rodata.name        cmd.o
    0x080046c7   0x080046c7   0x00000023   Data   RO          604    .rodata.name        cmd.o
    0x080046ea   0x080046ea   0x0000000c   Data   RO          605    .rodata.name        cmd.o
    0x080046f6   0x080046f6   0x0000000c   Data   RO          606    .rodata.name        cmd.o
    0x08004702   0x08004702   0x00000012   Data   RO          607    .rodata.name        cmd.o
    0x08004714   0x08004714   0x0000000c   Data   RO          608    .rodata.name        cmd.o
    0x08004720   0x08004720   0x00000009   Data   RO          609    .rodata.name        cmd.o
    0x08004729   0x08004729   0x00000019   Data   RO          610    .rodata.name        cmd.o
    0x08004742   0x08004742   0x0000000f   Data   RO          611    .rodata.name        cmd.o
    0x08004751   0x08004751   0x00000019   Data   RO          612    .rodata.name        cmd.o
    0x0800476a   0x0800476a   0x0000000d   Data   RO          613    .rodata.name        cmd.o
    0x08004777   0x08004777   0x00000018   Data   RO          614    .rodata.name        cmd.o
    0x0800478f   0x0800478f   0x00000013   Data   RO          615    .rodata.name        cmd.o
    0x080047a2   0x080047a2   0x00000018   Data   RO          616    .rodata.name        cmd.o
    0x080047ba   0x080047ba   0x0000000e   Data   RO          617    .rodata.name        cmd.o
    0x080047c8   0x080047c8   0x0000001d   Data   RO          618    .rodata.name        cmd.o
    0x080047e5   0x080047e5   0x00000014   Data   RO          619    .rodata.name        cmd.o
    0x080047f9   0x080047f9   0x0000001d   Data   RO          620    .rodata.name        cmd.o
    0x08004816   0x08004816   0x0000000b   Data   RO          621    .rodata.name        cmd.o
    0x08004821   0x08004821   0x00000015   Data   RO          622    .rodata.name        cmd.o
    0x08004836   0x08004836   0x00000011   Data   RO          623    .rodata.name        cmd.o
    0x08004847   0x08004847   0x00000015   Data   RO          624    .rodata.name        cmd.o
    0x0800485c   0x0800485c   0x00000005   Data   RO          625    .rodata.name        cmd.o
    0x08004861   0x08004861   0x0000001a   Data   RO          626    .rodata.name        cmd.o
    0x0800487b   0x0800487b   0x0000000b   Data   RO          733    .rodata.name        msh.o
    0x08004886   0x08004886   0x00000016   Data   RO          734    .rodata.name        msh.o
    0x0800489c   0x0800489c   0x00000009   Data   RO          735    .rodata.name        msh.o
    0x080048a5   0x080048a5   0x0000001c   Data   RO          736    .rodata.name        msh.o
    0x080048c1   0x080048c1   0x0000000b   Data   RO          737    .rodata.name        msh.o
    0x080048cc   0x080048cc   0x00000025   Data   RO          738    .rodata.name        msh.o
    0x080048f1   0x080048f1   0x00000009   Data   RO         1477    .rodata.name        mem.o
    0x080048fa   0x080048fa   0x0000001e   Data   RO         1478    .rodata.name        mem.o
    0x08004918   0x08004918   0x00000004   Data   RO          986    .rti_fn.0           components.o
    0x0800491c   0x0800491c   0x00000004   Data   RO          987    .rti_fn.0.end       components.o
    0x08004920   0x08004920   0x00000004   Data   RO         1937    .rti_fn.1           board.o
    0x08004924   0x08004924   0x00000004   Data   RO          988    .rti_fn.1.end       components.o
    0x08004928   0x08004928   0x00000004   Data   RO          808    .rti_fn.6           shell.o
    0x0800492c   0x0800492c   0x00000004   Data   RO          989    .rti_fn.6.end       components.o
    0x08004930   0x08004930   0x000000a8   Data   RO          627    FSymTab             cmd.o
    0x080049d8   0x080049d8   0x00000024   Data   RO          739    FSymTab             msh.o
    0x080049fc   0x080049fc   0x0000000c   Data   RO         1479    FSymTab             mem.o
    0x08004a08   0x08004a08   0x00000020   Data   RO         2430    Region$$Table       anon$$obj.o


    Execution Region RW_IRAM1 (Exec base: 0x20000000, Load base: 0x08004a28, Size: 0x00004718, Max: 0x00005000, ABSOLUTE)

    Exec Addr    Load Addr    Size         Type   Attr      Idx    E Section Name        Object

    0x20000000   0x08004a28   0x00000004   Data   RW           17    .data               system_stm32f1xx.o
    0x20000004   0x08004a2c   0x00000007   Data   RW          199    .data               irqhandler.o
    0x2000000b   0x08004a33   0x00000001   PAD
    0x2000000c   0x08004a34   0x00000010   Data   RW          332    .data               gpio.o
    0x2000001c   0x08004a44   0x00000010   Data   RW          384    .data               uart.o
    0x2000002c   0x08004a54   0x00000018   Data   RW          807    .data               shell.o
    0x20000044   0x08004a6c   0x00000004   Data   RW          885    .data               cpuport.o
    0x20000048   0x08004a70   0x00000004   Data   RW          886    .data               cpuport.o
    0x2000004c   0x08004a74   0x00000004   Data   RW          887    .data               cpuport.o
    0x20000050   0x08004a78   0x00000004   Data   RW          888    .data               cpuport.o
    0x20000054   0x08004a7c   0x00000004   Data   RW          943    .data               clock.o
    0x20000058   0x08004a80   0x00000001   Data   RW         1269    .data               irq.o
    0x20000059   0x08004a81   0x00000003   PAD
    0x2000005c   0x08004a84   0x00000018   Data   RW         1476    .data               mem.o
    0x20000074   0x08004a9c   0x00000050   Data   RW         1552    .data               object.o
    0x200000c4   0x08004aec   0x00000014   Data   RW         1635    .data               scheduler.o
    0x200000d8   0x08004b00   0x0000000c   Data   RW         1839    .data               timer.o
    0x200000e4   0x08004b0c   0x00000004   Data   RW         1936    .data               board.o
    0x200000e8        -       0x00000030   Zero   RW          295    .bss                main.o
    0x20000118        -       0x00000081   Zero   RW          806    .bss                shell.o
    0x20000199   0x08004b10   0x00000003   PAD
    0x2000019c        -       0x00000178   Zero   RW         1056    .bss                idle.o
    0x20000314        -       0x00000080   Zero   RW         1321    .bss                kservice.o
    0x20000394        -       0x00000020   Zero   RW         1475    .bss                mem.o
    0x200003b4        -       0x00000100   Zero   RW         1634    .bss                scheduler.o
    0x200004b4        -       0x00003c00   Zero   RW         1935    .bss                board.o
    0x200040b4        -       0x00000060   Zero   RW         2307    .bss                c_w.l(libspace.o)
    0x20004114   0x08004b10   0x00000004   PAD
    0x20004118        -       0x00000200   Zero   RW            2    HEAP                startup_stm32f103xb.o
    0x20004318        -       0x00000400   Zero   RW            1    STACK               startup_stm32f103xb.o


==============================================================================

Image component sizes


      Code (inc. data)   RO Data    RW Data    ZI Data      Debug   Object Name

       256         40          4          4      15360      29882   board.o
        56         12          0          4          0       1257   clock.o
      2034        764        751          0          0      16633   cmd.o
       182         28         16          0          0       5926   components.o
       244         28          0          0          0        808   context_rvds.o
      1340        718          0         16          0       5698   cpuport.o
       236         10          0         16          0       1473   gpio.o
       138         22          0          0        376       5054   idle.o
       892          0          0          0          0      10648   ipc.o
        56         12          0          1          0       1642   irq.o
       716         98          0          7          0       8003   irqhandler.o
      1438        160        290          0        128      11021   kservice.o
      1032        412          0          0         48       3076   main.o
       826        248         51         24         32       5323   mem.o
       780        162        154          0          0       7840   msh.o
        90         10          0          0          0       1163   nvic.o
       312          6          0         80          0       8500   object.o
       434          0          0          0          0       7192   parammate.o
       136          0          0          0          0       2220   pm_commprot.o
       416         56          0         20        256       8182   scheduler.o
       928        136          4         24        129      10248   shell.o
        64         26        236          0       1536        840   startup_stm32f103xb.o
        10          0          0          0          0      12055   stm32f1xx_it.o
       220         36         16          4          0     343263   system_stm32f1xx.o
       710         40          0          0          0      11402   thread.o
       550         20          0         12          0      11004   timer.o
       484         24          0         16          0       2329   uart.o

    ----------------------------------------------------------------------
     14620       3068       1554        232      17868     532682   Object Totals
         0          0         32          0          0          0   (incl. Generated)
        40          0          0          4          3          0   (incl. Padding)

    ----------------------------------------------------------------------

      Code (inc. data)   RO Data    RW Data    ZI Data      Debug   Library Member Name

         8          0          0          0          0         68   __main.o
         0          0          0          0          0          0   __rtentry.o
        12          0          0          0          0          0   __rtentry2.o
         6          0          0          0          0          0   __rtentry4.o
        52          8          0          0          0          0   __scatter.o
        26          0          0          0          0          0   __scatter_copy.o
        28          0          0          0          0          0   __scatter_zi.o
        10          0          0          0          0         68   defsig_exit.o
        50          0          0          0          0         88   defsig_general.o
        80         58          0          0          0         76   defsig_rtmem_inner.o
        14          0          0          0          0         80   defsig_rtmem_outer.o
        18          0          0          0          0         80   exit.o
        94          0          0          0          0         80   h1_alloc.o
        52          0          0          0          0         68   h1_extend.o
        78          0          0          0          0         80   h1_free.o
        14          0          0          0          0         84   h1_init.o
         6          0          0          0          0        152   heapauxi.o
         4          0          0          0          0        136   hguard.o
         0          0          0          0          0          0   indicate_semi.o
       138          0          0          0          0        168   init_alloc.o
         2          0          0          0          0          0   libinit.o
        10          0          0          0          0          0   libinit2.o
         2          0          0          0          0          0   libshutdown.o
         2          0          0          0          0          0   libshutdown2.o
         8          4          0          0         96         68   libspace.o
         0          0          0          0          0          0   maybetermalloc1.o
         8          4          0          0          0         68   rt_heap_descriptor_intlibspace.o
        68          0          0          0          0         68   rt_memclr.o
        78          0          0          0          0         80   rt_memclr_w.o
       100          0          0          0          0         80   rt_memcpy_w.o
         2          0          0          0          0          0   rtexit.o
        10          0          0          0          0          0   rtexit2.o
        24          0          0          0          0         68   strcat.o
        72          0          0          0          0         80   strcpy.o
        62          0          0          0          0         76   strlen.o
       150          0          0          0          0         80   strncmp.o
        86          0          0          0          0         76   strncpy.o
        12          4          0          0          0         68   sys_exit.o
        74          0          0          0          0         80   sys_stackheap_outer.o
        14          0          0          0          0         76   sys_wrch.o
         2          0          0          0          0         68   use_no_semi.o
       450          8          0          0          0        236   faddsub_clz.o
        12          4          0          0          0         68   fcheck1.o
       388         76          0          0          0         96   fdiv.o
        62          4          0          0          0         84   ffixu.o
        38          0          0          0          0         68   fflt_clz.o
       140          4          0          0          0         84   fnaninf.o
        10          0          0          0          0         68   fretinf.o
       100          0          0          0          0         68   retnan.o
        76          0          0          0          0         68   scalbnf.o
        48          0          0          0          0         68   trapv.o
         0          0          0          0          0          0   usenofp.o

    ----------------------------------------------------------------------
      2810        174          0          0        100       3172   Library Totals
        10          0          0          0          4          0   (incl. Padding)

    ----------------------------------------------------------------------

      Code (inc. data)   RO Data    RW Data    ZI Data      Debug   Library Name

      1476         78          0          0         96       2264   c_w.l
      1324         96          0          0          0        908   fz_ws.l

    ----------------------------------------------------------------------
      2810        174          0          0        100       3172   Library Totals

    ----------------------------------------------------------------------

==============================================================================


      Code (inc. data)   RO Data    RW Data    ZI Data      Debug   

     17430       3242       1554        232      17968     525814   Grand Totals
     17430       3242       1554        232      17968     525814   ELF Image Totals
     17430       3242       1554        232          0          0   ROM Totals

==============================================================================

    Total RO  Size (Code + RO Data)                18984 (  18.54kB)
    Total RW  Size (RW Data + ZI Data)             18200 (  17.77kB)
    Total ROM Size (Code + RO Data + RW Data)      19216 (  18.77kB)

==============================================================================

