Component: ARM Compiler 5.06 update 6 (build 750) Tool: armlink [4d35ed]

==============================================================================

Section Cross References

    isr.o(i.DMA1_Channel1_IRQHandler) refers to hal_dma.o(i.DMA_GetFlagStatus) for DMA_GetFlagStatus
    isr.o(i.DMA1_Channel1_IRQHandler) refers to hal_dma.o(i.DMA_ClearFlag) for DMA_ClearFlag
    isr.o(i.DMA1_Channel2_3_IRQHandler) refers to hal_dma.o(i.DMA_GetFlagStatus) for DMA_GetFlagStatus
    isr.o(i.DMA1_Channel2_3_IRQHandler) refers to hal_dma.o(i.DMA_ClearFlag) for DMA_ClearFlag
    isr.o(i.DMA1_Channel4_5_IRQHandler) refers to hal_dma.o(i.DMA_GetFlagStatus) for DMA_GetFlagStatus
    isr.o(i.DMA1_Channel4_5_IRQHandler) refers to hal_dma.o(i.DMA_ClearFlag) for DMA_ClearFlag
    isr.o(i.DMA1_Channel4_5_IRQHandler) refers to seekfree_7725.o(i.ov7725_dma) for ov7725_dma
    isr.o(i.DMA1_Channel4_5_IRQHandler) refers to seekfree_uart_7725.o(i.ov7725_uart_dma) for ov7725_uart_dma
    isr.o(i.DMA1_Channel4_5_IRQHandler) refers to seekfree_mt9v03x.o(i.mt9v03x_dma) for mt9v03x_dma
    isr.o(i.DMA1_Channel4_5_IRQHandler) refers to common.o(.data) for camera_type
    isr.o(i.EXTI0_1_IRQHandler) refers to hal_exti.o(i.EXTI_GetITStatus) for EXTI_GetITStatus
    isr.o(i.EXTI0_1_IRQHandler) refers to hal_exti.o(i.EXTI_ClearFlag) for EXTI_ClearFlag
    isr.o(i.EXTI2_3_IRQHandler) refers to hal_exti.o(i.EXTI_GetITStatus) for EXTI_GetITStatus
    isr.o(i.EXTI2_3_IRQHandler) refers to hal_exti.o(i.EXTI_ClearFlag) for EXTI_ClearFlag
    isr.o(i.EXTI4_15_IRQHandler) refers to hal_exti.o(i.EXTI_GetITStatus) for EXTI_GetITStatus
    isr.o(i.EXTI4_15_IRQHandler) refers to hal_exti.o(i.EXTI_ClearFlag) for EXTI_ClearFlag
    isr.o(i.EXTI4_15_IRQHandler) refers to seekfree_7725.o(i.ov7725_vsync) for ov7725_vsync
    isr.o(i.EXTI4_15_IRQHandler) refers to seekfree_uart_7725.o(i.ov7725_uart_vsync) for ov7725_uart_vsync
    isr.o(i.EXTI4_15_IRQHandler) refers to seekfree_mt9v03x.o(i.mt9v03x_vsync) for mt9v03x_vsync
    isr.o(i.EXTI4_15_IRQHandler) refers to common.o(.data) for camera_type
    isr.o(i.UART2_IRQHandler) refers to seekfree_uart_7725.o(i.ov7725_cof_uart_interrupt) for ov7725_cof_uart_interrupt
    isr.o(i.UART2_IRQHandler) refers to seekfree_mt9v03x.o(i.mt9v03x_uart_callback) for mt9v03x_uart_callback
    isr.o(i.UART2_IRQHandler) refers to common.o(.data) for camera_type
    main.o(i.Window_init) refers to parammate.o(i.PM_ResetWindow) for PM_ResetWindow
    main.o(i.Window_init) refers to parammate.o(i.PM_CreateWaveform) for PM_CreateWaveform
    main.o(i.Window_init) refers to parammate.o(i.PM_CreateWaveformChannels) for PM_CreateWaveformChannels
    main.o(i.Window_init) refers to parammate.o(i.PM_CreateParam) for PM_CreateParam
    main.o(i.Window_init) refers to parammate.o(i.PM_CreateParamChannels) for PM_CreateParamChannels
    main.o(i.Window_init) refers to parammate.o(i.PM_InitWindow) for PM_InitWindow
    main.o(i.Window_init) refers to main.o(.bss) for PM_Waveform
    main.o(i.Window_init) refers to seekfree_mpu6050.o(.data) for mpu_gyro_x
    main.o(i.Window_init) refers to main.o(.data) for PM_Param
    main.o(i.main) refers to board.o(i.board_init) for board_init
    main.o(i.main) refers to zf_adc.o(i.adc_init) for adc_init
    main.o(i.main) refers to zf_gpio.o(i.gpio_init) for gpio_init
    main.o(i.main) refers to seekfree_mpu6050.o(i.mpu6050_init) for mpu6050_init
    main.o(i.main) refers to main.o(i.Window_init) for Window_init
    main.o(i.main) refers to zf_gpio.o(i.gpio_toggle) for gpio_toggle
    main.o(i.main) refers to seekfree_mpu6050.o(i.get_accdata) for get_accdata
    main.o(i.main) refers to seekfree_mpu6050.o(i.get_gyro) for get_gyro
    main.o(i.main) refers to zf_adc.o(i.adc_convert) for adc_convert
    main.o(i.main) refers to f2d.o(.text) for __aeabi_f2d
    main.o(i.main) refers to dadd.o(.text) for __aeabi_dadd
    main.o(i.main) refers to d2f.o(.text) for __aeabi_d2f
    main.o(i.main) refers to parammate.o(i.PM_SendWaveformData) for PM_SendWaveformData
    main.o(i.main) refers to parammate.o(i.PM_SendParamData) for PM_SendParamData
    main.o(i.main) refers to zf_systick.o(i.systick_delay_ms) for systick_delay_ms
    main.o(i.main) refers to main.o(.data) for test1
    main.o(i.main) refers to main.o(.bss) for PM_Waveform
    nixie_tube.o(i.Nixie_Tube) refers to nixie_tube.o(i.Nixie_Tube_ON) for Nixie_Tube_ON
    nixie_tube.o(i.Nixie_Tube) refers to nixie_tube.o(i.__ARM_common_switch8) for __ARM_common_switch8
    nixie_tube.o(i.Nixie_Tube) refers to zf_gpio.o(i.gpio_set) for gpio_set
    nixie_tube.o(i.Nixie_Tube_Init) refers to zf_gpio.o(i.gpio_init) for gpio_init
    nixie_tube.o(i.Nixie_Tube_OFF) refers to zf_gpio.o(i.gpio_set) for gpio_set
    nixie_tube.o(i.Nixie_Tube_ON) refers to zf_gpio.o(i.gpio_set) for gpio_set
    nixie_tube.o(i.Nixie_Tube_S) refers to zf_gpio.o(i.gpio_set) for gpio_set
    nixie_tube.o(i.Nixie_Tube_S) refers to zf_systick.o(i.systick_delay_ms) for systick_delay_ms
[...]
    Removing hal_adc.o(i.ADC_GetITStatus), (22 bytes).
    Removing hal_adc.o(i.ADC_GetSoftwareStartConvStatus), (14 bytes).
    Removing hal_adc.o(i.ADC_ITConfig), (54 bytes).
    Removing hal_adc.o(i.ADC_Init), (56 bytes).
    Removing hal_adc.o(i.ADC_RegularChannelConfig), (86 bytes).
    Removing hal_adc.o(i.ADC_SoftwareStartConvCmd), (28 bytes).
    Removing hal_adc.o(i.ADC_StructInit), (16 bytes).
    Removing hal_adc.o(i.ADC_TempSensorCmd), (12 bytes).
    Removing hal_adc.o(i.ADC_TempSensorVrefintCmd), (36 bytes).
    Removing hal_adc.o(i.ADC_VrefintCmd), (12 bytes).
    Removing hal_adc.o(i.exADC_TempSensorVrefintCmd), (88 bytes).
    Removing hal_bkp.o(.rev16_text), (4 bytes).
    Removing hal_bkp.o(.revsh_text), (4 bytes).
    Removing hal_bkp.o(i.BKP_ReadBackupRegister), (16 bytes).
    Removing hal_bkp.o(i.BKP_WriteBackupRegister), (12 bytes).
    Removing hal_bkp.o(i.exBKP_ImmRead), (44 bytes).
    Removing hal_bkp.o(i.exBKP_ImmWrite), (44 bytes).
    Removing hal_bkp.o(i.exBKP_Init), (32 bytes).
    Removing hal_comp.o(.rev16_text), (4 bytes).
    Removing hal_comp.o(.revsh_text), (4 bytes).
    Removing hal_comp.o(i.COMP_Cmd), (44 bytes).
    Removing hal_comp.o(i.COMP_DeInit), (16 bytes).
    Removing hal_comp.o(i.COMP_GetOutputLevel), (32 bytes).
    Removing hal_comp.o(i.COMP_Init), (44 bytes).
    Removing hal_comp.o(i.COMP_LockConfig), (24 bytes).
    Removing hal_comp.o(i.COMP_SetCrv), (36 bytes).
    Removing hal_comp.o(i.COMP_StructInit), (28 bytes).
    Removing hal_comp.o(i.COMP_SwitchCmd), (44 bytes).
    Removing hal_comp.o(i.exCOMP_CrvCmd), (36 bytes).
    Removing hal_comp.o(i.exCOMP_CrvSrc), (16 bytes).
    Removing hal_comp.o(i.exCOMP_SwitchCrv), (16 bytes).
    Removing hal_crc.o(.rev16_text), (4 bytes).
    Removing hal_crc.o(.revsh_text), (4 bytes).
    Removing hal_crc.o(i.CRC_CalcBlockCRC), (36 bytes).
    Removing hal_crc.o(i.CRC_CalcCRC), (20 bytes).
    Removing hal_crc.o(i.CRC_GetCRC), (12 bytes).
    Removing hal_crc.o(i.CRC_GetIDRegister), (12 bytes).
    Removing hal_crc.o(i.CRC_ResetDR), (12 bytes).
    Removing hal_crc.o(i.CRC_SetIDRegister), (12 bytes).
    Removing hal_dbg.o(.rev16_text), (4 bytes).
    Removing hal_dbg.o(.revsh_text), (4 bytes).
    Removing hal_dbg.o(i.DBGMCU_Configure), (32 bytes).
    Removing hal_div.o(.rev16_text), (4 bytes).
    Removing hal_div.o(.revsh_text), (4 bytes).
    Removing hal_div.o(i.Divider_Calc), (16 bytes).
    Removing hal_div.o(i.HWDivider_Calc), (36 bytes).
    Removing hal_div.o(i.HWDivider_Init), (24 bytes).
    Removing hal_dma.o(.rev16_text), (4 bytes).
    Removing hal_dma.o(.revsh_text), (4 bytes).
    Removing hal_dma.o(i.DMA_ClearITPendingBit), (12 bytes).
    Removing hal_dma.o(i.DMA_Cmd), (12 bytes).
    Removing hal_dma.o(i.DMA_DeInit), (56 bytes).
    Removing hal_dma.o(i.DMA_GetCurrDataCounter), (8 bytes).
    Removing hal_dma.o(i.DMA_GetITStatus), (24 bytes).
    Removing hal_dma.o(i.DMA_ITConfig), (20 bytes).
    Removing hal_dma.o(i.DMA_Init), (76 bytes).
    Removing hal_dma.o(i.DMA_StructInit), (28 bytes).
    Removing hal_dma.o(i.exDMA_ClearITPendingBit), (44 bytes).
    Removing hal_dma.o(i.exDMA_SetMemoryAddress), (4 bytes).
    Removing hal_dma.o(i.exDMA_SetPeripheralAddress), (4 bytes).
    Removing hal_dma.o(i.exDMA_SetTransmitLen), (4 bytes).
    Removing hal_exti.o(.rev16_text), (4 bytes).
    Removing hal_exti.o(.revsh_text), (4 bytes).
    Removing hal_exti.o(i.EXTI_ClearITPendingBit), (12 bytes).
    Removing hal_exti.o(i.EXTI_DeInit), (64 bytes).
    Removing hal_exti.o(i.EXTI_GenerateSWInterrupt), (16 bytes).
    Removing hal_exti.o(i.EXTI_GetFlagStatus), (24 bytes).
    Removing hal_exti.o(i.EXTI_Init), (192 bytes).
    Removing hal_exti.o(i.EXTI_LineConfig), (60 bytes).
    Removing hal_exti.o(i.EXTI_MemoryRemapConfig), (20 bytes).
    Removing hal_exti.o(i.EXTI_StructInit), (16 bytes).
    Removing hal_exti.o(i.exEXTI_GetAllFlagStatus), (12 bytes).
    Removing hal_exti.o(i.exEXTI_LineDisable), (40 bytes).
    Removing hal_flash.o(.rev16_text), (4 bytes).
    Removing hal_flash.o(.revsh_text), (4 bytes).
    Removing hal_flash.o(i.FLASH_ClearFlag), (12 bytes).
    Removing hal_flash.o(i.FLASH_EnableWriteProtection), (56 bytes).
    Removing hal_flash.o(i.FLASH_EraseAllPages), (40 bytes).
    Removing hal_flash.o(i.FLASH_EraseOptionBytes), (44 bytes).
    Removing hal_flash.o(i.FLASH_ErasePage), (48 bytes).
    Removing hal_flash.o(i.FLASH_EraseProtect), (44 bytes).
    Removing hal_flash.o(i.FLASH_GetFlagStatus), (36 bytes).
    Removing hal_flash.o(i.FLASH_GetPrefetchBufferStatus), (16 bytes).
    Removing hal_flash.o(i.FLASH_GetStatus), (56 bytes).
    Removing hal_flash.o(i.FLASH_GetUserOptionByte), (12 bytes).
    Removing hal_flash.o(i.FLASH_GetWriteProtectionOptionByte), (12 bytes).
    Removing hal_flash.o(i.FLASH_HalfCycleAccessCmd), (28 bytes).
    Removing hal_flash.o(i.FLASH_ITConfig), (32 bytes).
    Removing hal_flash.o(i.FLASH_Lock), (20 bytes).
    Removing hal_flash.o(i.FLASH_OPTB_Enable), (24 bytes).
    Removing hal_flash.o(i.FLASH_PrefetchBufferCmd), (28 bytes).
    Removing hal_flash.o(i.FLASH_ProgramHalfWord), (32 bytes).
    Removing hal_flash.o(i.FLASH_ProgramOptionByteData), (72 bytes).
    Removing hal_flash.o(i.FLASH_ProgramOptionHalfWord), (40 bytes).
    Removing hal_flash.o(i.FLASH_ProgramProtect), (16 bytes).
    Removing hal_flash.o(i.FLASH_ProgramWord), (34 bytes).
    Removing hal_flash.o(i.FLASH_SetLatency), (20 bytes).
    Removing hal_flash.o(i.FLASH_Unlock), (24 bytes).
    Removing hal_flash.o(i.FLASH_UserOptionByteConfig), (72 bytes).
    Removing hal_flash.o(i.FLASH_WaitForLastOperation), (60 bytes).
    Removing hal_flash.o(i.exFLASH_EraseEE), (20 bytes).
    Removing hal_flash.o(i.exFLASH_FindEmpty), (44 bytes).
    Removing hal_flash.o(i.exFLASH_Locate), (70 bytes).
    Removing hal_flash.o(i.exFLASH_ProgramEE), (48 bytes).
    Removing hal_flash.o(i.exFLASH_ReadEE), (36 bytes).
    Removing hal_flash.o(i.exFLASH_WriteEE), (132 bytes).
    Removing hal_gpio.o(.rev16_text), (4 bytes).
    Removing hal_gpio.o(.revsh_text), (4 bytes).
    Removing hal_gpio.o(i.GPIO_AFIODeInit), (52 bytes).
    Removing hal_gpio.o(i.GPIO_DeInit), (86 bytes).
    Removing hal_gpio.o(i.GPIO_Init), (154 bytes).
    Removing hal_gpio.o(i.GPIO_PinAFConfig), (40 bytes).
    Removing hal_gpio.o(i.GPIO_PinLock), (20 bytes).
    Removing hal_gpio.o(i.GPIO_PinLockConfig), (24 bytes).
    Removing hal_gpio.o(i.GPIO_ReadInputData), (8 bytes).
    Removing hal_gpio.o(i.GPIO_ReadInputDataBit), (18 bytes).
    Removing hal_gpio.o(i.GPIO_ReadOutputData), (8 bytes).
    Removing hal_gpio.o(i.GPIO_ReadOutputDataBit), (18 bytes).
    Removing hal_gpio.o(i.GPIO_ResetBits), (4 bytes).
    Removing hal_gpio.o(i.GPIO_SetBits), (4 bytes).
    Removing hal_gpio.o(i.GPIO_StructInit), (16 bytes).
    Removing hal_gpio.o(i.GPIO_Write), (4 bytes).
    Removing hal_gpio.o(i.GPIO_WriteBit), (12 bytes).
    Removing hal_gpio.o(i.exGPIO_PinAFConfig), (74 bytes).
    Removing hal_i2c.o(.rev16_text), (4 bytes).
    Removing hal_i2c.o(.revsh_text), (4 bytes).
    Removing hal_i2c.o(i.I2C_CheckEvent), (44 bytes).
    Removing hal_i2c.o(i.I2C_ClearFlag), (146 bytes).
    Removing hal_i2c.o(i.I2C_ClearITPendingBit), (146 bytes).
    Removing hal_i2c.o(i.I2C_Cmd), (32 bytes).
    Removing hal_i2c.o(i.I2C_DMACmd), (60 bytes).
    Removing hal_i2c.o(i.I2C_DMAConfigure), (10 bytes).
    Removing hal_i2c.o(i.I2C_DeInit), (32 bytes).
    Removing hal_i2c.o(i.I2C_DualAddressCmd), (32 bytes).
    Removing hal_i2c.o(i.I2C_GeneralCallCmd), (28 bytes).
    Removing hal_i2c.o(i.I2C_GenerateSTART), (24 bytes).
    Removing hal_i2c.o(i.I2C_GenerateSTOP), (56 bytes).
    Removing hal_i2c.o(i.I2C_GetFlagStatus), (72 bytes).
    Removing hal_i2c.o(i.I2C_GetITStatus), (18 bytes).
    Removing hal_i2c.o(i.I2C_GetLastEvent), (16 bytes).
    Removing hal_i2c.o(i.I2C_ITConfig), (36 bytes).
    Removing hal_i2c.o(i.I2C_Init), (208 bytes).
    Removing hal_i2c.o(i.I2C_OwnAddress2Config), (14 bytes).
    Removing hal_i2c.o(i.I2C_ReadCmd), (8 bytes).
    Removing hal_i2c.o(i.I2C_ReadRegister), (6 bytes).
    Removing hal_i2c.o(i.I2C_ReceiveData), (20 bytes).
    Removing hal_i2c.o(i.I2C_Send7bitAddress), (6 bytes).
    Removing hal_i2c.o(i.I2C_SendData), (4 bytes).
    Removing hal_i2c.o(i.I2C_SendSlaveAddress), (6 bytes).
    Removing hal_i2c.o(i.I2C_SlaveConfigure), (24 bytes).
    Removing hal_i2c.o(i.I2C_StructInit), (24 bytes).
    Removing hal_i2c.o(.data), (4 bytes).
    Removing hal_iwdg.o(.rev16_text), (4 bytes).
    Removing hal_iwdg.o(.revsh_text), (4 bytes).
    Removing hal_iwdg.o(i.IWDG_ClearIT), (20 bytes).
    Removing hal_iwdg.o(i.IWDG_ClearITPendingBit), (20 bytes).
    Removing hal_iwdg.o(i.IWDG_Enable), (16 bytes).
    Removing hal_iwdg.o(i.IWDG_EnableIT), (20 bytes).
    Removing hal_iwdg.o(i.IWDG_GetFlagStatus), (24 bytes).
    Removing hal_iwdg.o(i.IWDG_GetReload), (12 bytes).
    Removing hal_iwdg.o(i.IWDG_OverflowConfig), (28 bytes).
    Removing hal_iwdg.o(i.IWDG_ReloadCounter), (16 bytes).
    Removing hal_iwdg.o(i.IWDG_Reset), (20 bytes).
    Removing hal_iwdg.o(i.IWDG_SetPrescaler), (20 bytes).
    Removing hal_iwdg.o(i.IWDG_SetReload), (20 bytes).
    Removing hal_iwdg.o(i.IWDG_WriteAccessCmd), (12 bytes).
    Removing hal_iwdg.o(i.PVU_CheckStatus), (16 bytes).
    Removing hal_iwdg.o(i.RVU_CheckStatus), (16 bytes).
    Removing hal_misc.o(.rev16_text), (4 bytes).
    Removing hal_misc.o(.revsh_text), (4 bytes).
    Removing hal_misc.o(i.NVIC_Init), (104 bytes).
    Removing hal_misc.o(i.NVIC_SystemLPConfig), (32 bytes).
    Removing hal_misc.o(i.SysTick_CLKSourceConfig), (36 bytes).
    Removing hal_misc.o(i.exNVIC_Init), (104 bytes).
    Removing hal_opamp.o(.rev16_text), (4 bytes).
    Removing hal_opamp.o(.revsh_text), (4 bytes).
    Removing hal_opamp.o(i.OPAMP_Configure), (32 bytes).
    Removing hal_pwr.o(.rev16_text), (4 bytes).
    Removing hal_pwr.o(.revsh_text), (4 bytes).
    Removing hal_pwr.o(i.PWR_BackupAccessCmd), (40 bytes).
    Removing hal_pwr.o(i.PWR_ClearFlag), (20 bytes).
    Removing hal_pwr.o(i.PWR_DeInit), (12 bytes).
    Removing hal_pwr.o(i.PWR_EnterSTANDBYMode), (40 bytes).
    Removing hal_pwr.o(i.PWR_EnterSTOPMode), (44 bytes).
    Removing hal_pwr.o(i.PWR_GetFlagStatus), (16 bytes).
    Removing hal_pwr.o(i.PWR_PVDCmd), (36 bytes).
    Removing hal_pwr.o(i.PWR_PVDLevelConfig), (24 bytes).
    Removing hal_pwr.o(i.PWR_WakeUpPinCmd), (40 bytes).
    Removing hal_pwr.o(i.exPWR_EnterLowPowerMode), (52 bytes).
    Removing hal_rcc.o(.rev16_text), (4 bytes).
    Removing hal_rcc.o(.revsh_text), (4 bytes).
    Removing hal_rcc.o(i.RCC_ADCCLKConfig), (24 bytes).
    Removing hal_rcc.o(i.RCC_AHBPeriphClockCmd), (32 bytes).
    Removing hal_rcc.o(i.RCC_AHBPeriphResetCmd), (32 bytes).
    Removing hal_rcc.o(i.RCC_APB1PeriphClockCmd), (32 bytes).
    Removing hal_rcc.o(i.RCC_APB1PeriphResetCmd), (32 bytes).
    Removing hal_rcc.o(i.RCC_APB2PeriphClockCmd), (32 bytes).
    Removing hal_rcc.o(i.RCC_APB2PeriphResetCmd), (32 bytes).
    Removing hal_rcc.o(i.RCC_ClearFlag), (20 bytes).
    Removing hal_rcc.o(i.RCC_ClearITPendingBit), (20 bytes).
    Removing hal_rcc.o(i.RCC_ClockSecuritySystemCmd), (24 bytes).
    Removing hal_rcc.o(i.RCC_DeInit), (64 bytes).
    Removing hal_rcc.o(i.RCC_GetClocksFreq), (72 bytes).
    Removing hal_rcc.o(i.RCC_GetFlagStatus), (56 bytes).
    Removing hal_rcc.o(i.RCC_GetHCLKFreq), (32 bytes).
    Removing hal_rcc.o(i.RCC_GetITStatus), (16 bytes).
    Removing hal_rcc.o(i.RCC_GetPCLK1Freq), (36 bytes).
    Removing hal_rcc.o(i.RCC_GetPCLK2Freq), (36 bytes).
    Removing hal_rcc.o(i.RCC_GetSYSCLKSource), (16 bytes).
    Removing hal_rcc.o(i.RCC_GetSysClockFreq), (136 bytes).
    Removing hal_rcc.o(i.RCC_HCLKConfig), (20 bytes).
    Removing hal_rcc.o(i.RCC_HSEConfig), (88 bytes).
    Removing hal_rcc.o(i.RCC_HSICmd), (20 bytes).
    Removing hal_rcc.o(i.RCC_ITConfig), (36 bytes).
    Removing hal_rcc.o(i.RCC_LSICmd), (20 bytes).
    Removing hal_rcc.o(i.RCC_MCOConfig), (24 bytes).
    Removing hal_rcc.o(i.RCC_PCLK1Config), (24 bytes).
    Removing hal_rcc.o(i.RCC_PCLK2Config), (24 bytes).
    Removing hal_rcc.o(i.RCC_PLLCmd), (24 bytes).
    Removing hal_rcc.o(i.RCC_PLLConfig), (92 bytes).
    Removing hal_rcc.o(i.RCC_PLLDMDNConfig), (32 bytes).
    Removing hal_rcc.o(i.RCC_SYSCLKConfig), (20 bytes).
    Removing hal_rcc.o(i.RCC_WaitForFlagStartUp), (38 bytes).
    Removing hal_rcc.o(i.RCC_WaitForHSEStartUp), (46 bytes).
    Removing hal_rcc.o(i.__NVIC_SetPriority), (120 bytes).
    Removing hal_rcc.o(i.exRCC_APB1PeriphReset), (24 bytes).
    Removing hal_rcc.o(i.exRCC_APB2PeriphReset), (24 bytes).
    Removing hal_rcc.o(i.exRCC_BackupReset), (2 bytes).
    Removing hal_rcc.o(i.exRCC_SystickDisable), (20 bytes).
    Removing hal_rcc.o(i.exRCC_SystickEnable), (72 bytes).
    Removing hal_rcc.o(.data), (16 bytes).
    Removing hal_spi.o(.rev16_text), (4 bytes).
    Removing hal_spi.o(.revsh_text), (4 bytes).
    Removing hal_spi.o(i.SPI_BiDirectionalLineConfig), (64 bytes).
    Removing hal_spi.o(i.SPI_CSInternalSelected), (24 bytes).
    Removing hal_spi.o(i.SPI_ClearITPendingBit), (8 bytes).
    Removing hal_spi.o(i.SPI_Cmd), (24 bytes).
    Removing hal_spi.o(i.SPI_DMACmd), (28 bytes).
    Removing hal_spi.o(i.SPI_DataSizeConfig), (20 bytes).
    Removing hal_spi.o(i.SPI_DataSizeTypeConfig), (18 bytes).
    Removing hal_spi.o(i.SPI_DeInit), (72 bytes).
    Removing hal_spi.o(i.SPI_FifoTrigger), (20 bytes).
    Removing hal_spi.o(i.SPI_GetFlagStatus), (18 bytes).
    Removing hal_spi.o(i.SPI_GetITStatus), (18 bytes).
    Removing hal_spi.o(i.SPI_ITConfig), (38 bytes).
    Removing hal_spi.o(i.SPI_Init), (140 bytes).
    Removing hal_spi.o(i.SPI_NSSInternalSoftwareConfig), (28 bytes).
    Removing hal_spi.o(i.SPI_ReceiveData), (50 bytes).
    Removing hal_spi.o(i.SPI_RxBytes), (4 bytes).
    Removing hal_spi.o(i.SPI_SendData), (42 bytes).
    Removing hal_spi.o(i.SPI_SlaveAdjust), (24 bytes).
    Removing hal_spi.o(i.SPI_StructInit), (32 bytes).
    Removing hal_spi.o(i.exSPI_CSInternalSelected), (24 bytes).
    Removing hal_spi.o(i.exSPI_DMACmd), (28 bytes).
    Removing hal_spi.o(i.exSPI_DataEdgeAdjust), (58 bytes).
    Removing hal_spi.o(i.exSPI_ITCmd), (24 bytes).
    Removing hal_spi.o(i.exSPI_ITConfig), (20 bytes).
    Removing hal_sqrt.o(.rev16_text), (4 bytes).
    Removing hal_sqrt.o(.revsh_text), (4 bytes).
    Removing hal_sqrt.o(i.HWRoot_Get), (12 bytes).
    Removing hal_sqrt.o(i.HWRoot_Set), (12 bytes).
    Removing hal_tim.o(.rev16_text), (4 bytes).
    Removing hal_tim.o(.revsh_text), (4 bytes).
    Removing hal_tim.o(i.TI1_Configure), (32 bytes).
    Removing hal_tim.o(i.TI2_Configure), (38 bytes).
    Removing hal_tim.o(i.TI3_Configure), (38 bytes).
    Removing hal_tim.o(i.TI4_Configure), (42 bytes).
    Removing hal_tim.o(i.TIM_ARRPreloadConfig), (24 bytes).
    Removing hal_tim.o(i.TIM_BDTRConfig), (30 bytes).
    Removing hal_tim.o(i.TIM_BDTRStructInit), (18 bytes).
    Removing hal_tim.o(i.TIM_CCPreloadControl), (24 bytes).
    Removing hal_tim.o(i.TIM_CCxCmd), (20 bytes).
    Removing hal_tim.o(i.TIM_CCxNCmd), (24 bytes).
    Removing hal_tim.o(i.TIM_ClearFlag), (8 bytes).
    Removing hal_tim.o(i.TIM_ClearITPendingBit), (8 bytes).
    Removing hal_tim.o(i.TIM_ClearOC1Ref), (12 bytes).
    Removing hal_tim.o(i.TIM_ClearOC2Ref), (16 bytes).
    Removing hal_tim.o(i.TIM_ClearOC3Ref), (12 bytes).
    Removing hal_tim.o(i.TIM_ClearOC4Ref), (16 bytes).
    Removing hal_tim.o(i.TIM_Cmd), (24 bytes).
    Removing hal_tim.o(i.TIM_CounterModeConfig), (12 bytes).
    Removing hal_tim.o(i.TIM_CtrlPWMOutputs), (28 bytes).
    Removing hal_tim.o(i.TIM_DMACmd), (20 bytes).
    Removing hal_tim.o(i.TIM_DMAConfig), (8 bytes).
    Removing hal_tim.o(i.TIM_DeInit), (144 bytes).
    Removing hal_tim.o(i.TIM_ETRClockMode1Config), (34 bytes).
    Removing hal_tim.o(i.TIM_ETRClockMode2Config), (34 bytes).
    Removing hal_tim.o(i.TIM_ETRConfig), (50 bytes).
    Removing hal_tim.o(i.TIM_EncoderInterfaceConfig), (44 bytes).
    Removing hal_tim.o(i.TIM_ForcedOC1Config), (12 bytes).
    Removing hal_tim.o(i.TIM_ForcedOC2Config), (16 bytes).
    Removing hal_tim.o(i.TIM_ForcedOC3Config), (12 bytes).
    Removing hal_tim.o(i.TIM_ForcedOC4Config), (16 bytes).
    Removing hal_tim.o(i.TIM_GenerateEvent), (4 bytes).
    Removing hal_tim.o(i.TIM_GetCapture1), (6 bytes).
    Removing hal_tim.o(i.TIM_GetCapture2), (6 bytes).
    Removing hal_tim.o(i.TIM_GetCapture3), (6 bytes).
    Removing hal_tim.o(i.TIM_GetCapture4), (6 bytes).
    Removing hal_tim.o(i.TIM_GetCounter), (6 bytes).
    Removing hal_tim.o(i.TIM_GetFlagStatus), (18 bytes).
    Removing hal_tim.o(i.TIM_GetITStatus), (26 bytes).
    Removing hal_tim.o(i.TIM_GetPrescaler), (8 bytes).
    Removing hal_tim.o(i.TIM_ICInit), (120 bytes).
    Removing hal_tim.o(i.TIM_ICStructInit), (18 bytes).
    Removing hal_tim.o(i.TIM_ITConfig), (20 bytes).
    Removing hal_tim.o(i.TIM_ITRxExternalClockConfig), (24 bytes).
    Removing hal_tim.o(i.TIM_InternalClockConfig), (10 bytes).
    Removing hal_tim.o(i.TIM_OC1FastConfig), (12 bytes).
    Removing hal_tim.o(i.TIM_OC1Init), (108 bytes).
    Removing hal_tim.o(i.TIM_OC1NPolarityConfig), (12 bytes).
    Removing hal_tim.o(i.TIM_OC1PolarityConfig), (12 bytes).
    Removing hal_tim.o(i.TIM_OC1PreloadConfig), (12 bytes).
    Removing hal_tim.o(i.TIM_OC2FastConfig), (16 bytes).
    Removing hal_tim.o(i.TIM_OC2Init), (104 bytes).
    Removing hal_tim.o(i.TIM_OC2NPolarityConfig), (14 bytes).
    Removing hal_tim.o(i.TIM_OC2PolarityConfig), (14 bytes).
    Removing hal_tim.o(i.TIM_OC2PreloadConfig), (16 bytes).
    Removing hal_tim.o(i.TIM_OC3FastConfig), (12 bytes).
    Removing hal_tim.o(i.TIM_OC3Init), (104 bytes).
    Removing hal_tim.o(i.TIM_OC3NPolarityConfig), (16 bytes).
    Removing hal_tim.o(i.TIM_OC3PolarityConfig), (16 bytes).
    Removing hal_tim.o(i.TIM_OC3PreloadConfig), (12 bytes).
    Removing hal_tim.o(i.TIM_OC4FastConfig), (16 bytes).
    Removing hal_tim.o(i.TIM_OC4Init), (84 bytes).
    Removing hal_tim.o(i.TIM_OC4PolarityConfig), (16 bytes).
    Removing hal_tim.o(i.TIM_OC4PreloadConfig), (16 bytes).
    Removing hal_tim.o(i.TIM_OCStructInit), (20 bytes).
    Removing hal_tim.o(i.TIM_PWMIConfig), (128 bytes).
    Removing hal_tim.o(i.TIM_PrescalerConfig), (6 bytes).
    Removing hal_tim.o(i.TIM_SelectCCDMA), (24 bytes).
    Removing hal_tim.o(i.TIM_SelectCOM), (24 bytes).
    Removing hal_tim.o(i.TIM_SelectHallSensor), (24 bytes).
    Removing hal_tim.o(i.TIM_SelectInputTrigger), (12 bytes).
    Removing hal_tim.o(i.TIM_SelectMasterSlaveMode), (12 bytes).
    Removing hal_tim.o(i.TIM_SelectOCxM), (92 bytes).
    Removing hal_tim.o(i.TIM_SelectOnePulseMode), (12 bytes).
    Removing hal_tim.o(i.TIM_SelectOutputTrigger), (12 bytes).
    Removing hal_tim.o(i.TIM_SelectSlaveMode), (12 bytes).
    Removing hal_tim.o(i.TIM_SetAutoreload), (4 bytes).
    Removing hal_tim.o(i.TIM_SetClockDivision), (14 bytes).
    Removing hal_tim.o(i.TIM_SetCompare1), (18 bytes).
    Removing hal_tim.o(i.TIM_SetCompare2), (18 bytes).
    Removing hal_tim.o(i.TIM_SetCompare3), (18 bytes).
    Removing hal_tim.o(i.TIM_SetCompare4), (18 bytes).
    Removing hal_tim.o(i.TIM_SetCounter), (18 bytes).
    Removing hal_tim.o(i.TIM_SetIC1Prescaler), (12 bytes).
    Removing hal_tim.o(i.TIM_SetIC2Prescaler), (16 bytes).
    Removing hal_tim.o(i.TIM_SetIC3Prescaler), (12 bytes).
    Removing hal_tim.o(i.TIM_SetIC4Prescaler), (16 bytes).
    Removing hal_tim.o(i.TIM_TIxExternalClockConfig), (58 bytes).
    Removing hal_tim.o(i.TIM_TimeBaseInit), (92 bytes).
    Removing hal_tim.o(i.TIM_TimeBaseStructInit), (18 bytes).
    Removing hal_tim.o(i.TIM_UpdateDisableConfig), (24 bytes).
    Removing hal_tim.o(i.TIM_UpdateRequestConfig), (12 bytes).
    Removing hal_tim.o(i.exTIM_ClearOC5Ref), (12 bytes).
    Removing hal_tim.o(i.exTIM_DirectOutput), (28 bytes).
    Removing hal_tim.o(i.exTIM_GetCapture5), (6 bytes).
    Removing hal_tim.o(i.exTIM_OC5FastConfig), (12 bytes).
    Removing hal_tim.o(i.exTIM_OC5Init), (80 bytes).
    Removing hal_tim.o(i.exTIM_OC5PolarityConfig), (16 bytes).
    Removing hal_tim.o(i.exTIM_OC5PreloadConfig), (12 bytes).
    Removing hal_tim.o(i.exTIM_SetCompare5), (6 bytes).
    Removing hal_tim.o(i.exTIM_SetIC1Plority), (24 bytes).
    Removing hal_tim.o(i.exTIM_SetIC2Plority), (24 bytes).
    Removing hal_tim.o(i.exTIM_SetIC3Plority), (28 bytes).
    Removing hal_tim.o(i.exTIM_SetIC4Plority), (28 bytes).
    Removing hal_uart.o(.rev16_text), (4 bytes).
    Removing hal_uart.o(.revsh_text), (4 bytes).
    Removing hal_uart.o(i.UART_ClearITPendingBit), (4 bytes).
    Removing hal_uart.o(i.UART_Cmd), (12 bytes).
    Removing hal_uart.o(i.UART_DMACmd), (18 bytes).
    Removing hal_uart.o(i.UART_DeInit), (44 bytes).
    Removing hal_uart.o(i.UART_Enable9bit), (16 bytes).
    Removing hal_uart.o(i.UART_GetFlagStatus), (18 bytes).
    Removing hal_uart.o(i.UART_GetITStatus), (18 bytes).
    Removing hal_uart.o(i.UART_HalfDuplexCmd), (16 bytes).
    Removing hal_uart.o(i.UART_ITConfig), (20 bytes).
    Removing hal_uart.o(i.UART_Init), (120 bytes).
    Removing hal_uart.o(i.UART_ReceiveData), (8 bytes).
    Removing hal_uart.o(i.UART_ReceiverWakeUpCmd), (16 bytes).
    Removing hal_uart.o(i.UART_SendBreak), (10 bytes).
    Removing hal_uart.o(i.UART_SendData), (6 bytes).
    Removing hal_uart.o(i.UART_Set9bitAutomaticToggle), (16 bytes).
    Removing hal_uart.o(i.UART_Set9bitLevel), (16 bytes).
    Removing hal_uart.o(i.UART_Set9bitPolarity), (14 bytes).
    Removing hal_uart.o(i.UART_SetGuardTime), (16 bytes).
    Removing hal_uart.o(i.UART_SetRXAddress), (12 bytes).
    Removing hal_uart.o(i.UART_SetRXMASK), (12 bytes).
    Removing hal_uart.o(i.UART_SmartCardCmd), (12 bytes).
    Removing hal_uart.o(i.UART_SmartCardNACKCmd), (14 bytes).
    Removing hal_uart.o(i.UART_StructInit), (26 bytes).
    Removing hal_uart.o(i.UART_WakeUpConfig), (14 bytes).
    Removing hal_uid.o(.rev16_text), (4 bytes).
    Removing hal_uid.o(.revsh_text), (4 bytes).
    Removing hal_uid.o(i.GetChipUID), (32 bytes).
    Removing hal_uid.o(.bss), (12 bytes).
    Removing hal_ver.o(.rev16_text), (4 bytes).
    Removing hal_ver.o(.revsh_text), (4 bytes).
    Removing hal_ver.o(i.Get_ChipsetDEVID), (12 bytes).
    Removing hal_ver.o(i.Get_ChipsetREVID), (16 bytes).
    Removing hal_ver.o(i.Get_ChipsetUIDw0), (12 bytes).
    Removing hal_ver.o(i.Get_ChipsetUIDw1), (12 bytes).
    Removing hal_ver.o(i.Get_ChipsetUIDw2), (12 bytes).
    Removing hal_ver.o(i.Get_MM32LibReleaseDate), (8 bytes).
    Removing hal_ver.o(i.Get_MM32LibVersion), (8 bytes).
    Removing hal_wwdg.o(.rev16_text), (4 bytes).
    Removing hal_wwdg.o(.revsh_text), (4 bytes).
    Removing hal_wwdg.o(i.WWDG_ClearFlag), (20 bytes).
    Removing hal_wwdg.o(i.WWDG_DeInit), (12 bytes).
    Removing hal_wwdg.o(i.WWDG_Enable), (16 bytes).
    Removing hal_wwdg.o(i.WWDG_EnableIT), (20 bytes).
    Removing hal_wwdg.o(i.WWDG_GetCounter), (16 bytes).
    Removing hal_wwdg.o(i.WWDG_GetFlagStatus), (20 bytes).
    Removing hal_wwdg.o(i.WWDG_SetCounter), (16 bytes).
    Removing hal_wwdg.o(i.WWDG_SetPrescaler), (24 bytes).
    Removing hal_wwdg.o(i.WWDG_SetWindowValue), (24 bytes).
    Removing fmul.o(.text), (122 bytes).
    Removing fdiv.o(.text), (124 bytes).
    Removing dmul.o(.text), (208 bytes).
    Removing ffltui.o(.text), (14 bytes).
    Removing dflti.o(.text), (40 bytes).
    Removing ffixui.o(.text), (40 bytes).
    Removing dfixi.o(.text), (72 bytes).
    Removing cdcmple.o(.text), (40 bytes).
    Removing cdrcmple.o(.text), (40 bytes).
    Removing nixie_tube.o(i.__ARM_common_switch8), (28 bytes).
    Removing seekfree_absolute_encoder.o(i.__ARM_common_ll_muluu), (48 bytes).

725 unused section(s) (total 55354 bytes) removed from the image.

==============================================================================

Image Symbol Table

    Local Symbols

    Symbol Name                              Value     Ov Type        Size  Object(Section)

    ../clib/microlib/division.c              0x00000000   Number         0  uldiv.o ABSOLUTE
    ../clib/microlib/division.c              0x00000000   Number         0  idiv.o ABSOLUTE
    ../clib/microlib/division.c              0x00000000   Number         0  uidiv.o ABSOLUTE
    ../clib/microlib/init/entry.s            0x00000000   Number         0  entry8a.o ABSOLUTE
    ../clib/microlib/init/entry.s            0x00000000   Number         0  entry10a.o ABSOLUTE
    ../clib/microlib/init/entry.s            0x00000000   Number         0  entry10b.o ABSOLUTE
    ../clib/microlib/init/entry.s            0x00000000   Number         0  entry11b.o ABSOLUTE
    ../clib/microlib/init/entry.s            0x00000000   Number         0  entry.o ABSOLUTE
    ../clib/microlib/init/entry.s            0x00000000   Number         0  entry11a.o ABSOLUTE
    ../clib/microlib/init/entry.s            0x00000000   Number         0  entry5.o ABSOLUTE
    ../clib/microlib/init/entry.s            0x00000000   Number         0  entry2.o ABSOLUTE
    ../clib/microlib/init/entry.s            0x00000000   Number         0  entry7a.o ABSOLUTE
    ../clib/microlib/init/entry.s            0x00000000   Number         0  entry7b.o ABSOLUTE
    ../clib/microlib/init/entry.s            0x00000000   Number         0  entry8b.o ABSOLUTE
    ../clib/microlib/init/entry.s            0x00000000   Number         0  entry9a.o ABSOLUTE
    ../clib/microlib/init/entry.s            0x00000000   Number         0  entry9b.o ABSOLUTE
    ../clib/microlib/longlong.c              0x00000000   Number         0  llsshr.o ABSOLUTE
    ../clib/microlib/longlong.c              0x00000000   Number         0  llshl.o ABSOLUTE
    ../clib/microlib/longlong.c              0x00000000   Number         0  llushr.o ABSOLUTE
    ../clib/microlib/malloc/malloc.c         0x00000000   Number         0  mallocra.o ABSOLUTE
    ../clib/microlib/malloc/malloc.c         0x00000000   Number         0  mallocr.o ABSOLUTE
    ../clib/microlib/malloc/malloc.c         0x00000000   Number         0  malloc.o ABSOLUTE
    ../clib/microlib/malloc/malloc.c         0x00000000   Number         0  malloca.o ABSOLUTE
    ../clib/microlib/malloc/mvars.c          0x00000000   Number         0  mvars.o ABSOLUTE
    ../clib/microlib/string/memcpy.c         0x00000000   Number         0  memcpyb.o ABSOLUTE
    ../clib/microlib/string/memcpy.c         0x00000000   Number         0  memcpya.o ABSOLUTE
    ../clib/microlib/string/memset.c         0x00000000   Number         0  memseta.o ABSOLUTE
    ../clib/microlib/stubs.s                 0x00000000   Number         0  iusefp.o ABSOLUTE
    ../fplib/microlib/d2f.c                  0x00000000   Number         0  d2f.o ABSOLUTE
    ../fplib/microlib/f2d.c                  0x00000000   Number         0  f2d.o ABSOLUTE
    ../fplib/microlib/fpadd.c                0x00000000   Number         0  dadd.o ABSOLUTE
    ../fplib/microlib/fpdiv.c                0x00000000   Number         0  fdiv.o ABSOLUTE
    ../fplib/microlib/fpepilogue.c           0x00000000   Number         0  fepilogue.o ABSOLUTE
    ../fplib/microlib/fpepilogue.c           0x00000000   Number         0  depilogue.o ABSOLUTE
    ../fplib/microlib/fpfix.c                0x00000000   Number         0  dfixi.o ABSOLUTE
    ../fplib/microlib/fpfix.c                0x00000000   Number         0  ffixui.o ABSOLUTE
    ../fplib/microlib/fpflt.c                0x00000000   Number         0  dflti.o ABSOLUTE
    ../fplib/microlib/fpflt.c                0x00000000   Number         0  ffltui.o ABSOLUTE
    ../fplib/microlib/fpmul.c                0x00000000   Number         0  dmul.o ABSOLUTE
    ../fplib/microlib/fpmul.c                0x00000000   Number         0  fmul.o ABSOLUTE
    ..\..\Libraries\Device\MM32SPIN2xx_p\HAL_Lib\Src\hal_adc.c 0x00000000   Number         0  hal_adc.o ABSOLUTE
    ..\..\Libraries\Device\MM32SPIN2xx_p\HAL_Lib\Src\hal_bkp.c 0x00000000   Number         0  hal_bkp.o ABSOLUTE
    ..\..\Libraries\Device\MM32SPIN2xx_p\HAL_Lib\Src\hal_comp.c 0x00000000   Number         0  hal_comp.o ABSOLUTE
    ..\..\Libraries\Device\MM32SPIN2xx_p\HAL_Lib\Src\hal_crc.c 0x00000000   Number         0  hal_crc.o ABSOLUTE
    ..\..\Libraries\Device\MM32SPIN2xx_p\HAL_Lib\Src\hal_dbg.c 0x00000000   Number         0  hal_dbg.o ABSOLUTE
    ..\..\Libraries\Device\MM32SPIN2xx_p\HAL_Lib\Src\hal_div.c 0x00000000   Number         0  hal_div.o ABSOLUTE
    ..\..\Libraries\Device\MM32SPIN2xx_p\HAL_Lib\Src\hal_dma.c 0x00000000   Number         0  hal_dma.o ABSOLUTE
    ..\..\Libraries\Device\MM32SPIN2xx_p\HAL_Lib\Src\hal_exti.c 0x00000000   Number         0  hal_exti.o ABSOLUTE
    ..\..\Libraries\Device\MM32SPIN2xx_p\HAL_Lib\Src\hal_flash.c 0x00000000   Number         0  hal_flash.o ABSOLUTE
    ..\..\Libraries\Device\MM32SPIN2xx_p\HAL_Lib\Src\hal_gpio.c 0x00000000   Number         0  hal_gpio.o ABSOLUTE
    ..\..\Libraries\Device\MM32SPIN2xx_p\HAL_Lib\Src\hal_i2c.c 0x00000000   Number         0  hal_i2c.o ABSOLUTE
    ..\..\Libraries\Device\MM32SPIN2xx_p\HAL_Lib\Src\hal_iwdg.c 0x00000000   Number         0  hal_iwdg.o ABSOLUTE
    ..\..\Libraries\Device\MM32SPIN2xx_p\HAL_Lib\Src\hal_misc.c 0x00000000   Number         0  hal_misc.o ABSOLUTE
    ..\..\Libraries\Device\MM32SPIN2xx_p\HAL_Lib\Src\hal_opamp.c 0x00000000   Number         0  hal_opamp.o ABSOLUTE
    ..\..\Libraries\Device\MM32SPIN2xx_p\HAL_Lib\Src\hal_pwr.c 0x00000000   Number         0  hal_pwr.o ABSOLUTE
    ..\..\Libraries\Device\MM32SPIN2xx_p\HAL_Lib\Src\hal_rcc.c 0x00000000   Number         0  hal_rcc.o ABSOLUTE
    ..\..\Libraries\Device\MM32SPIN2xx_p\HAL_Lib\Src\hal_spi.c 0x00000000   Number         0  hal_spi.o ABSOLUTE
    ..\..\Libraries\Device\MM32SPIN2xx_p\HAL_Lib\Src\hal_sqrt.c 0x00000000   Number         0  hal_sqrt.o ABSOLUTE
    ..\..\Libraries\Device\MM32SPIN2xx_p\HAL_Lib\Src\hal_tim.c 0x00000000   Number         0  hal_tim.o ABSOLUTE
    ..\..\Libraries\Device\MM32SPIN2xx_p\HAL_Lib\Src\hal_uart.c 0x00000000   Number         0  hal_uart.o ABSOLUTE
    ..\..\Libraries\Device\MM32SPIN2xx_p\HAL_Lib\Src\hal_uid.c 0x00000000   Number         0  hal_uid.o ABSOLUTE
    ..\..\Libraries\Device\MM32SPIN2xx_p\HAL_Lib\Src\hal_ver.c 0x00000000   Number         0  hal_ver.o ABSOLUTE
    ..\..\Libraries\Device\MM32SPIN2xx_p\HAL_Lib\Src\hal_wwdg.c 0x00000000   Number         0  hal_wwdg.o ABSOLUTE
    ..\..\Libraries\Device\MM32SPIN2xx_p\Source\KEIL_StartAsm\startup_mm32spin2xx_p_keil.s 0x00000000   Number         0  startup_mm32spin2xx_p_keil.o ABSOLUTE
    ..\..\Libraries\Device\MM32SPIN2xx_p\Source\system_mm32spin2xx_p.c 0x00000000   Number         0  system_mm32spin2xx_p.o ABSOLUTE
    ..\..\Libraries\seekfree_libraries\board\board.c 0x00000000   Number         0  board.o ABSOLUTE
    ..\..\Libraries\seekfree_libraries\common\SEEKFREE_PRINTF.c 0x00000000   Number         0  seekfree_printf.o ABSOLUTE
    ..\..\Libraries\seekfree_libraries\common\common.c 0x00000000   Number         0  common.o ABSOLUTE
    ..\..\Libraries\seekfree_libraries\zf_adc.c 0x00000000   Number         0  zf_adc.o ABSOLUTE
    ..\..\Libraries\seekfree_libraries\zf_camera.c 0x00000000   Number         0  zf_camera.o ABSOLUTE
    ..\..\Libraries\seekfree_libraries\zf_exti.c 0x00000000   Number         0  zf_exti.o ABSOLUTE
    ..\..\Libraries\seekfree_libraries\zf_flash.c 0x00000000   Number         0  zf_flash.o ABSOLUTE
    ..\..\Libraries\seekfree_libraries\zf_gpio.c 0x00000000   Number         0  zf_gpio.o ABSOLUTE
    ..\..\Libraries\seekfree_libraries\zf_pit.c 0x00000000   Number         0  zf_pit.o ABSOLUTE
    ..\..\Libraries\seekfree_libraries\zf_pwm.c 0x00000000   Number         0  zf_pwm.o ABSOLUTE
    ..\..\Libraries\seekfree_libraries\zf_spi.c 0x00000000   Number         0  zf_spi.o ABSOLUTE
    ..\..\Libraries\seekfree_libraries\zf_systick.c 0x00000000   Number         0  zf_systick.o ABSOLUTE
    ..\..\Libraries\seekfree_libraries\zf_tim.c 0x00000000   Number         0  zf_tim.o ABSOLUTE
    ..\..\Libraries\seekfree_libraries\zf_uart.c 0x00000000   Number         0  zf_uart.o ABSOLUTE
    ..\..\Libraries\seekfree_peripheral\SEEKFREE_18TFT.c 0x00000000   Number         0  seekfree_18tft.o ABSOLUTE
    ..\..\Libraries\seekfree_peripheral\SEEKFREE_7725.c 0x00000000   Number         0  seekfree_7725.o ABSOLUTE
    ..\..\Libraries\seekfree_peripheral\SEEKFREE_ABSOLUTE_ENCODER.c 0x00000000   Number         0  seekfree_absolute_encoder.o ABSOLUTE
    ..\..\Libraries\seekfree_peripheral\SEEKFREE_FONT.c 0x00000000   Number         0  seekfree_font.o ABSOLUTE
    ..\..\Libraries\seekfree_peripheral\SEEKFREE_ICM20602.c 0x00000000   Number         0  seekfree_icm20602.o ABSOLUTE
    ..\..\Libraries\seekfree_peripheral\SEEKFREE_IIC.c 0x00000000   Number         0  seekfree_iic.o ABSOLUTE
    ..\..\Libraries\seekfree_peripheral\SEEKFREE_IPS114_SPI.c 0x00000000   Number         0  seekfree_ips114_spi.o ABSOLUTE
    ..\..\Libraries\seekfree_peripheral\SEEKFREE_L3G4200D.c 0x00000000   Number         0  seekfree_l3g4200d.o ABSOLUTE
    ..\..\Libraries\seekfree_peripheral\SEEKFREE_MMA8451.c 0x00000000   Number         0  seekfree_mma8451.o ABSOLUTE
    ..\..\Libraries\seekfree_peripheral\SEEKFREE_MPU6050.c 0x00000000   Number         0  seekfree_mpu6050.o ABSOLUTE
    ..\..\Libraries\seekfree_peripheral\SEEKFREE_MT9V03X.c 0x00000000   Number         0  seekfree_mt9v03x.o ABSOLUTE
    ..\..\Libraries\seekfree_peripheral\SEEKFREE_OLED.c 0x00000000   Number         0  seekfree_oled.o ABSOLUTE
    ..\..\Libraries\seekfree_peripheral\SEEKFREE_TSL1401.c 0x00000000   Number         0  seekfree_tsl1401.o ABSOLUTE
    ..\..\Libraries\seekfree_peripheral\SEEKFREE_UART_7725.c 0x00000000   Number         0  seekfree_uart_7725.o ABSOLUTE
    ..\..\Libraries\seekfree_peripheral\SEEKFREE_VIRSCO.c 0x00000000   Number         0  seekfree_virsco.o ABSOLUTE
    ..\..\Libraries\seekfree_peripheral\SEEKFREE_WIRELESS.c 0x00000000   Number         0  seekfree_wireless.o ABSOLUTE
    ..\USER\src\Nixie_Tube.c                 0x00000000   Number         0  nixie_tube.o ABSOLUTE
    ..\USER\src\PM_CommProt.c                0x00000000   Number         0  pm_commprot.o ABSOLUTE
    ..\USER\src\ParamMate.c                  0x00000000   Number         0  parammate.o ABSOLUTE
    ..\USER\src\SMG.c                        0x00000000   Number         0  smg.o ABSOLUTE
    ..\USER\src\isr.c                        0x00000000   Number         0  isr.o ABSOLUTE
    ..\USER\src\main.c                       0x00000000   Number         0  main.o ABSOLUTE
    ..\\..\\Libraries\\Device\\MM32SPIN2xx_p\\HAL_Lib\\Src\\hal_adc.c 0x00000000   Number         0  hal_adc.o ABSOLUTE
    ..\\..\\Libraries\\Device\\MM32SPIN2xx_p\\HAL_Lib\\Src\\hal_bkp.c 0x00000000   Number         0  hal_bkp.o ABSOLUTE
    ..\\..\\Libraries\\Device\\MM32SPIN2xx_p\\HAL_Lib\\Src\\hal_comp.c 0x00000000   Number         0  hal_comp.o ABSOLUTE
    ..\\..\\Libraries\\Device\\MM32SPIN2xx_p\\HAL_Lib\\Src\\hal_crc.c 0x00000000   Number         0  hal_crc.o ABSOLUTE
    ..\\..\\Libraries\\Device\\MM32SPIN2xx_p\\HAL_Lib\\Src\\hal_dbg.c 0x00000000   Number         0  hal_dbg.o ABSOLUTE
    ..\\..\\Libraries\\Device\\MM32SPIN2xx_p\\HAL_Lib\\Src\\hal_div.c 0x00000000   Number         0  hal_div.o ABSOLUTE
    ..\\..\\Libraries\\Device\\MM32SPIN2xx_p\\HAL_Lib\\Src\\hal_dma.c 0x00000000   Number         0  hal_dma.o ABSOLUTE
    ..\\..\\Libraries\\Device\\MM32SPIN2xx_p\\HAL_Lib\\Src\\hal_exti.c 0x00000000   Number         0  hal_exti.o ABSOLUTE
    ..\\..\\Libraries\\Device\\MM32SPIN2xx_p\\HAL_Lib\\Src\\hal_flash.c 0x00000000   Number         0  hal_flash.o ABSOLUTE
    ..\\..\\Libraries\\Device\\MM32SPIN2xx_p\\HAL_Lib\\Src\\hal_gpio.c 0x00000000   Number         0  hal_gpio.o ABSOLUTE
    ..\\..\\Libraries\\Device\\MM32SPIN2xx_p\\HAL_Lib\\Src\\hal_i2c.c 0x00000000   Number         0  hal_i2c.o ABSOLUTE
    ..\\..\\Libraries\\Device\\MM32SPIN2xx_p\\HAL_Lib\\Src\\hal_iwdg.c 0x00000000   Number         0  hal_iwdg.o ABSOLUTE
    ..\\..\\Libraries\\Device\\MM32SPIN2xx_p\\HAL_Lib\\Src\\hal_misc.c 0x00000000   Number         0  hal_misc.o ABSOLUTE
    ..\\..\\Libraries\\Device\\MM32SPIN2xx_p\\HAL_Lib\\Src\\hal_opamp.c 0x00000000   Number         0  hal_opamp.o ABSOLUTE
    ..\\..\\Libraries\\Device\\MM32SPIN2xx_p\\HAL_Lib\\Src\\hal_pwr.c 0x00000000   Number         0  hal_pwr.o ABSOLUTE
    ..\\..\\Libraries\\Device\\MM32SPIN2xx_p\\HAL_Lib\\Src\\hal_rcc.c 0x00000000   Number         0  hal_rcc.o ABSOLUTE
    ..\\..\\Libraries\\Device\\MM32SPIN2xx_p\\HAL_Lib\\Src\\hal_spi.c 0x00000000   Number         0  hal_spi.o ABSOLUTE
    ..\\..\\Libraries\\Device\\MM32SPIN2xx_p\\HAL_Lib\\Src\\hal_sqrt.c 0x00000000   Number         0  hal_sqrt.o ABSOLUTE
    ..\\..\\Libraries\\Device\\MM32SPIN2xx_p\\HAL_Lib\\Src\\hal_tim.c 0x00000000   Number         0  hal_tim.o ABSOLUTE
    ..\\..\\Libraries\\Device\\MM32SPIN2xx_p\\HAL_Lib\\Src\\hal_uart.c 0x00000000   Number         0  hal_uart.o ABSOLUTE
    ..\\..\\Libraries\\Device\\MM32SPIN2xx_p\\HAL_Lib\\Src\\hal_uid.c 0x00000000   Number         0  hal_uid.o ABSOLUTE
    ..\\..\\Libraries\\Device\\MM32SPIN2xx_p\\HAL_Lib\\Src\\hal_ver.c 0x00000000   Number         0  hal_ver.o ABSOLUTE
    ..\\..\\Libraries\\Device\\MM32SPIN2xx_p\\HAL_Lib\\Src\\hal_wwdg.c 0x00000000   Number         0  hal_wwdg.o ABSOLUTE
    ..\\..\\Libraries\\Device\\MM32SPIN2xx_p\\Source\\system_mm32spin2xx_p.c 0x00000000   Number         0  system_mm32spin2xx_p.o ABSOLUTE
    ..\\..\\Libraries\\seekfree_libraries\\board\\board.c 0x00000000   Number         0  board.o ABSOLUTE
    ..\\..\\Libraries\\seekfree_libraries\\common\\SEEKFREE_PRINTF.c 0x00000000   Number         0  seekfree_printf.o ABSOLUTE
    ..\\..\\Libraries\\seekfree_libraries\\common\\common.c 0x00000000   Number         0  common.o ABSOLUTE
    ..\\..\\Libraries\\seekfree_libraries\\zf_adc.c 0x00000000   Number         0  zf_adc.o ABSOLUTE
    ..\\..\\Libraries\\seekfree_libraries\\zf_camera.c 0x00000000   Number         0  zf_camera.o ABSOLUTE
    ..\\..\\Libraries\\seekfree_libraries\\zf_exti.c 0x00000000   Number         0  zf_exti.o ABSOLUTE
    ..\\..\\Libraries\\seekfree_libraries\\zf_flash.c 0x00000000   Number         0  zf_flash.o ABSOLUTE
    ..\\..\\Libraries\\seekfree_libraries\\zf_gpio.c 0x00000000   Number         0  zf_gpio.o ABSOLUTE
    ..\\..\\Libraries\\seekfree_libraries\\zf_pit.c 0x00000000   Number         0  zf_pit.o ABSOLUTE
    ..\\..\\Libraries\\seekfree_libraries\\zf_pwm.c 0x00000000   Number         0  zf_pwm.o ABSOLUTE
    ..\\..\\Libraries\\seekfree_libraries\\zf_spi.c 0x00000000   Number         0  zf_spi.o ABSOLUTE
    ..\\..\\Libraries\\seekfree_libraries\\zf_systick.c 0x00000000   Number         0  zf_systick.o ABSOLUTE
    ..\\..\\Libraries\\seekfree_libraries\\zf_tim.c 0x00000000   Number         0  zf_tim.o ABSOLUTE
    ..\\..\\Libraries\\seekfree_libraries\\zf_uart.c 0x00000000   Number         0  zf_uart.o ABSOLUTE
    ..\\..\\Libraries\\seekfree_peripheral\\SEEKFREE_18TFT.c 0x00000000   Number         0  seekfree_18tft.o ABSOLUTE
    ..\\..\\Libraries\\seekfree_peripheral\\SEEKFREE_7725.c 0x00000000   Number         0  seekfree_7725.o ABSOLUTE
    ..\\..\\Libraries\\seekfree_peripheral\\SEEKFREE_ABSOLUTE_ENCODER.c 0x00000000   Number         0  seekfree_absolute_encoder.o ABSOLUTE
    ..\\..\\Libraries\\seekfree_peripheral\\SEEKFREE_FONT.c 0x00000000   Number         0  seekfree_font.o ABSOLUTE
    ..\\..\\Libraries\\seekfree_peripheral\\SEEKFREE_ICM20602.c 0x00000000   Number         0  seekfree_icm20602.o ABSOLUTE
    ..\\..\\Libraries\\seekfree_peripheral\\SEEKFREE_IIC.c 0x00000000   Number         0  seekfree_iic.o ABSOLUTE
    ..\\..\\Libraries\\seekfree_peripheral\\SEEKFREE_IPS114_SPI.c 0x00000000   Number         0  seekfree_ips114_spi.o ABSOLUTE
    ..\\..\\Libraries\\seekfree_peripheral\\SEEKFREE_L3G4200D.c 0x00000000   Number         0  seekfree_l3g4200d.o ABSOLUTE
    ..\\..\\Libraries\\seekfree_peripheral\\SEEKFREE_MMA8451.c 0x00000000   Number         0  seekfree_mma8451.o ABSOLUTE
    ..\\..\\Libraries\\seekfree_peripheral\\SEEKFREE_MPU6050.c 0x00000000   Number         0  seekfree_mpu6050.o ABSOLUTE
    ..\\..\\Libraries\\seekfree_peripheral\\SEEKFREE_MT9V03X.c 0x00000000   Number         0  seekfree_mt9v03x.o ABSOLUTE
    ..\\..\\Libraries\\seekfree_peripheral\\SEEKFREE_OLED.c 0x00000000   Number         0  seekfree_oled.o ABSOLUTE
    ..\\..\\Libraries\\seekfree_peripheral\\SEEKFREE_TSL1401.c 0x00000000   Number         0  seekfree_tsl1401.o ABSOLUTE
    ..\\..\\Libraries\\seekfree_peripheral\\SEEKFREE_UART_7725.c 0x00000000   Number         0  seekfree_uart_7725.o ABSOLUTE
    ..\\..\\Libraries\\seekfree_peripheral\\SEEKFREE_VIRSCO.c 0x00000000   Number         0  seekfree_virsco.o ABSOLUTE
    ..\\..\\Libraries\\seekfree_peripheral\\SEEKFREE_WIRELESS.c 0x00000000   Number         0  seekfree_wireless.o ABSOLUTE
    ..\\USER\\src\\Nixie_Tube.c              0x00000000   Number         0  nixie_tube.o ABSOLUTE
    ..\\USER\\src\\PM_CommProt.c             0x00000000   Number         0  pm_commprot.o ABSOLUTE
    ..\\USER\\src\\ParamMate.c               0x00000000   Number         0  parammate.o ABSOLUTE
    ..\\USER\\src\\SMG.c                     0x00000000   Number         0  smg.o ABSOLUTE
    ..\\USER\\src\\isr.c                     0x00000000   Number         0  isr.o ABSOLUTE
    ..\\USER\\src\\main.c                    0x00000000   Number         0  main.o ABSOLUTE
    cdcmple.s                                0x00000000   Number         0  cdcmple.o ABSOLUTE
    cdrcmple.s                               0x00000000   Number         0  cdrcmple.o ABSOLUTE
    dc.s                                     0x00000000   Number         0  dc.o ABSOLUTE
    handlers.s                               0x00000000   Number         0  handlers.o ABSOLUTE
    init.s                                   0x00000000   Number         0  init.o ABSOLUTE
    RESET                                    0x08000000   Section      192  startup_mm32spin2xx_p_keil.o(RESET)
    .ARM.Collect$$$$00000000                 0x080000c0   Section        0  entry.o(.ARM.Collect$$$$00000000)
    .ARM.Collect$$$$00000001                 0x080000c0   Section        4  entry2.o(.ARM.Collect$$$$00000001)
    .ARM.Collect$$$$00000004                 0x080000c4   Section        4  entry5.o(.ARM.Collect$$$$00000004)
    .ARM.Collect$$$$00000008                 0x080000c8   Section        0  entry7b.o(.ARM.Collect$$$$00000008)
    .ARM.Collect$$$$0000000A                 0x080000c8   Section        0  entry8b.o(.ARM.Collect$$$$0000000A)
    .ARM.Collect$$$$0000000B                 0x080000c8   Section        8  entry9a.o(.ARM.Collect$$$$0000000B)
    .ARM.Collect$$$$0000000D                 0x080000d0   Section        0  entry10a.o(.ARM.Collect$$$$0000000D)
    .ARM.Collect$$$$0000000F                 0x080000d0   Section        0  entry11a.o(.ARM.Collect$$$$0000000F)
    .ARM.Collect$$$$00002712                 0x080000d0   Section        4  entry2.o(.ARM.Collect$$$$00002712)
    __lit__00000000                          0x080000d0   Data           4  entry2.o(.ARM.Collect$$$$00002712)
    .text                                    0x080000d4   Section      132  startup_mm32spin2xx_p_keil.o(.text)
    .text                                    0x08000158   Section        0  uidiv.o(.text)
    .text                                    0x08000184   Section        0  idiv.o(.text)
    .text                                    0x080001ac   Section        0  memseta.o(.text)
    .text                                    0x080001d0   Section        0  dadd.o(.text)
    .text                                    0x08000334   Section        0  f2d.o(.text)
    .text                                    0x0800035c   Section        0  d2f.o(.text)
    .text                                    0x08000394   Section        0  llshl.o(.text)
    .text                                    0x080003b4   Section        0  llushr.o(.text)
    .text                                    0x080003d6   Section        0  llsshr.o(.text)
    .text                                    0x080003fc   Section        0  fepilogue.o(.text)
    .text                                    0x080003fc   Section        0  iusefp.o(.text)
    .text                                    0x0800047e   Section        0  depilogue.o(.text)
    .text                                    0x0800053c   Section       36  init.o(.text)
    i.AutoCalPllFactor                       0x08000560   Section        0  system_mm32spin2xx_p.o(i.AutoCalPllFactor)
    i.DMA1_Channel1_IRQHandler               0x080005ca   Section        0  isr.o(i.DMA1_Channel1_IRQHandler)
    i.DMA1_Channel2_3_IRQHandler             0x080005de   Section        0  isr.o(i.DMA1_Channel2_3_IRQHandler)
    i.DMA1_Channel4_5_IRQHandler             0x08000604   Section        0  isr.o(i.DMA1_Channel4_5_IRQHandler)
    i.DMA_ClearFlag                          0x08000658   Section        0  hal_dma.o(i.DMA_ClearFlag)
    i.DMA_GetFlagStatus                      0x08000664   Section        0  hal_dma.o(i.DMA_GetFlagStatus)
    i.EXTI0_1_IRQHandler                     0x0800067c   Section        0  isr.o(i.EXTI0_1_IRQHandler)
    i.EXTI2_3_IRQHandler                     0x080006a0   Section        0  isr.o(i.EXTI2_3_IRQHandler)
    i.EXTI4_15_IRQHandler                    0x080006c4   Section        0  isr.o(i.EXTI4_15_IRQHandler)
    i.EXTI_ClearFlag                         0x080007d4   Section        0  hal_exti.o(i.EXTI_ClearFlag)
    i.EXTI_GetITStatus                       0x080007e0   Section        0  hal_exti.o(i.EXTI_GetITStatus)
    i.HardFault_Handler                      0x08000804   Section        0  common.o(i.HardFault_Handler)
    i.NMI_Handler                            0x08000808   Section        0  common.o(i.NMI_Handler)
    i.PM_CreateParam                         0x0800080c   Section        0  parammate.o(i.PM_CreateParam)
    i.PM_CreateParamChannels                 0x08000846   Section        0  parammate.o(i.PM_CreateParamChannels)
    i.PM_CreateWaveform                      0x0800089e   Section        0  parammate.o(i.PM_CreateWaveform)
    i.PM_CreateWaveformChannels              0x080008e8   Section        0  parammate.o(i.PM_CreateWaveformChannels)
    i.PM_InitWindow                          0x0800092a   Section        0  parammate.o(i.PM_InitWindow)
    i.PM_ResetWindow                         0x0800093e   Section        0  parammate.o(i.PM_ResetWindow)
    i.PM_SendMessage                         0x08000952   Section        0  pm_commprot.o(i.PM_SendMessage)
    i.PM_SendPackect                         0x08000970   Section        0  pm_commprot.o(i.PM_SendPackect)
    i.PM_SendParamData                       0x080009ae   Section        0  parammate.o(i.PM_SendParamData)
    i.PM_SendWaveformData                    0x08000a74   Section        0  parammate.o(i.PM_SendWaveformData)
    i.PM_Strcpy                              0x08000adc   Section        0  parammate.o(i.PM_Strcpy)
    i.PM_TranSendByte                        0x08000b00   Section        0  pm_commprot.o(i.PM_TranSendByte)
    i.PendSV_Handler                         0x08000b3a   Section        0  common.o(i.PendSV_Handler)
    i.SVC_Handler                            0x08000b3e   Section        0  common.o(i.SVC_Handler)
    i.SetSysClock                            0x08000b42   Section        0  system_mm32spin2xx_p.o(i.SetSysClock)
    SetSysClock                              0x08000b43   Thumb Code     8  system_mm32spin2xx_p.o(i.SetSysClock)
    i.SetSysClockToXX                        0x08000b4c   Section        0  system_mm32spin2xx_p.o(i.SetSysClockToXX)
    SetSysClockToXX                          0x08000b4d   Thumb Code   330  system_mm32spin2xx_p.o(i.SetSysClockToXX)
    i.SystemInit                             0x08000cb0   Section        0  system_mm32spin2xx_p.o(i.SystemInit)
    i.TIM14_IRQHandler                       0x08000d1c   Section        0  isr.o(i.TIM14_IRQHandler)
    i.TIM16_IRQHandler                       0x08000d30   Section        0  isr.o(i.TIM16_IRQHandler)
    i.TIM17_IRQHandler                       0x08000d44   Section        0  isr.o(i.TIM17_IRQHandler)
    i.TIM1_BRK_UP_TRG_COM_IRQHandler         0x08000d58   Section        0  isr.o(i.TIM1_BRK_UP_TRG_COM_IRQHandler)
    i.TIM2_IRQHandler                        0x08000d6c   Section        0  isr.o(i.TIM2_IRQHandler)
    i.TIM3_IRQHandler                        0x08000d80   Section        0  isr.o(i.TIM3_IRQHandler)
    i.TIM8_BRK_UP_TRG_COM_IRQHandler         0x08000d94   Section        0  isr.o(i.TIM8_BRK_UP_TRG_COM_IRQHandler)
    i.UART1_IRQHandler                       0x08000da8   Section        0  isr.o(i.UART1_IRQHandler)
    i.UART2_IRQHandler                       0x08000ddc   Section        0  isr.o(i.UART2_IRQHandler)
    i.Window_init                            0x08000e38   Section        0  main.o(i.Window_init)
    i.__ARM_clz                              0x08001000   Section        0  depilogue.o(i.__ARM_clz)
    i.__scatterload_copy                     0x0800102e   Section       14  handlers.o(i.__scatterload_copy)
    i.__scatterload_null                     0x0800103c   Section        2  handlers.o(i.__scatterload_null)
    i.__scatterload_zeroinit                 0x0800103e   Section       14  handlers.o(i.__scatterload_zeroinit)
    i.adc_convert                            0x0800104c   Section        0  zf_adc.o(i.adc_convert)
    i.adc_init                               0x080010b8   Section        0  zf_adc.o(i.adc_init)
    i.adc_pin_init                           0x08001160   Section        0  zf_adc.o(i.adc_pin_init)
    adc_pin_init                             0x08001161   Thumb Code    26  zf_adc.o(i.adc_pin_init)
    i.afio_init                              0x0800117c   Section        0  zf_gpio.o(i.afio_init)
    i.board_init                             0x08001254   Section        0  board.o(i.board_init)
    i.free                                   0x08001270   Section        0  malloc.o(i.free)
    i.get_accdata                            0x080012c4   Section        0  seekfree_mpu6050.o(i.get_accdata)
    i.get_gyro                               0x0800131c   Section        0  seekfree_mpu6050.o(i.get_gyro)
    i.gpio_dir                               0x08001374   Section        0  zf_gpio.o(i.gpio_dir)
    i.gpio_init                              0x080013e8   Section        0  zf_gpio.o(i.gpio_init)
    i.gpio_toggle                            0x080014b0   Section        0  zf_gpio.o(i.gpio_toggle)
    i.main                                   0x08001520   Section        0  main.o(i.main)
    i.malloc                                 0x080015fc   Section        0  malloc.o(i.malloc)
    i.mpu6050_init                           0x08001668   Section        0  seekfree_mpu6050.o(i.mpu6050_init)
    i.mpu6050_self1_check                    0x080016c0   Section        0  seekfree_mpu6050.o(i.mpu6050_self1_check)
    i.mt9v03x_dma                            0x080016e8   Section        0  seekfree_mt9v03x.o(i.mt9v03x_dma)
    i.mt9v03x_uart_callback                  0x08001708   Section        0  seekfree_mt9v03x.o(i.mt9v03x_uart_callback)
    i.mt9v03x_vsync                          0x0800175c   Section        0  seekfree_mt9v03x.o(i.mt9v03x_vsync)
    i.ov7725_cof_uart_interrupt              0x08001778   Section        0  seekfree_uart_7725.o(i.ov7725_cof_uart_interrupt)
    i.ov7725_dma                             0x080017cc   Section        0  seekfree_7725.o(i.ov7725_dma)
    i.ov7725_uart_dma                        0x080017ec   Section        0  seekfree_uart_7725.o(i.ov7725_uart_dma)
    i.ov7725_uart_vsync                      0x0800180c   Section        0  seekfree_uart_7725.o(i.ov7725_uart_vsync)
    i.ov7725_vsync                           0x08001828   Section        0  seekfree_7725.o(i.ov7725_vsync)
    i.read_ch                                0x08001844   Section        0  seekfree_iic.o(i.read_ch)
    read_ch                                  0x08001845   Thumb Code   172  seekfree_iic.o(i.read_ch)
    i.sccb_waitack                           0x080018f4   Section        0  seekfree_iic.o(i.sccb_waitack)
    sccb_waitack                             0x080018f5   Thumb Code   132  seekfree_iic.o(i.sccb_waitack)
    i.send_ch                                0x0800197c   Section        0  seekfree_iic.o(i.send_ch)
    send_ch                                  0x0800197d   Thumb Code   110  seekfree_iic.o(i.send_ch)
    i.simiic_delay                           0x080019f0   Section        0  seekfree_iic.o(i.simiic_delay)
    simiic_delay                             0x080019f1   Thumb Code    18  seekfree_iic.o(i.simiic_delay)
    i.simiic_init                            0x08001a08   Section        0  seekfree_iic.o(i.simiic_init)
    i.simiic_read_reg                        0x08001a24   Section        0  seekfree_iic.o(i.simiic_read_reg)
    i.simiic_read_regs                       0x08001a64   Section        0  seekfree_iic.o(i.simiic_read_regs)
    i.simiic_sendack                         0x08001ab8   Section        0  seekfree_iic.o(i.simiic_sendack)
    simiic_sendack                           0x08001ab9   Thumb Code   104  seekfree_iic.o(i.simiic_sendack)
    i.simiic_start                           0x08001b24   Section        0  seekfree_iic.o(i.simiic_start)
    simiic_start                             0x08001b25   Thumb Code    76  seekfree_iic.o(i.simiic_start)
    i.simiic_stop                            0x08001b74   Section        0  seekfree_iic.o(i.simiic_stop)
    simiic_stop                              0x08001b75   Thumb Code    80  seekfree_iic.o(i.simiic_stop)
    i.simiic_write_reg                       0x08001bc8   Section        0  seekfree_iic.o(i.simiic_write_reg)
    i.systick_delay                          0x08001bf0   Section        0  zf_systick.o(i.systick_delay)
    i.systick_delay_ms                       0x08001c18   Section        0  zf_systick.o(i.systick_delay_ms)
    i.uart_init                              0x08001c40   Section        0  zf_uart.o(i.uart_init)
    i.uart_pin_init                          0x08001d04   Section        0  zf_uart.o(i.uart_pin_init)
    uart_pin_init                            0x08001d05   Thumb Code    44  zf_uart.o(i.uart_pin_init)
    i.uart_putchar                           0x08001d30   Section        0  zf_uart.o(i.uart_putchar)
    .data                                    0x20000000   Section       24  main.o(.data)
    .data                                    0x20000018   Section        8  common.o(.data)
    .data                                    0x20000020   Section       20  system_mm32spin2xx_p.o(.data)
    .data                                    0x20000034   Section       10  zf_adc.o(.data)
    .data                                    0x20000040   Section       16  zf_gpio.o(.data)
    .data                                    0x20000050   Section       10  zf_uart.o(.data)
    .data                                    0x2000005a   Section        4  seekfree_7725.o(.data)
    ov7725_simiic_delay_time                 0x2000005c   Data           2  seekfree_7725.o(.data)
    .data                                    0x20000060   Section       12  seekfree_iic.o(.data)
    simiic_delay_time                        0x2000006a   Data           2  seekfree_iic.o(.data)
    .data                                    0x2000006c   Section       12  seekfree_mpu6050.o(.data)
    .data                                    0x20000078   Section       74  seekfree_mt9v03x.o(.data)
    receive                                  0x20000079   Data           3  seekfree_mt9v03x.o(.data)
    receive_num                              0x2000007c   Data           1  seekfree_mt9v03x.o(.data)
    uart_receive_flag                        0x2000007d   Data           1  seekfree_mt9v03x.o(.data)
    .data                                    0x200000c2   Section       51  seekfree_uart_7725.o(.data)
    ov7725_uart_receive                      0x200000f0   Data           3  seekfree_uart_7725.o(.data)
    ov7725_uart_receive_num                  0x200000f3   Data           1  seekfree_uart_7725.o(.data)
    ov7725_uart_receive_flag                 0x200000f4   Data           1  seekfree_uart_7725.o(.data)
    .data                                    0x200000f8   Section        4  mvars.o(.data)
    .data                                    0x200000fc   Section        4  mvars.o(.data)
    .bss                                     0x20000100   Section       12  main.o(.bss)
    HEAP                                     0x20000110   Section      512  startup_mm32spin2xx_p_keil.o(HEAP)
    STACK                                    0x20000310   Section     1024  startup_mm32spin2xx_p_keil.o(STACK)

    Global Symbols

    Symbol Name                              Value     Ov Type        Size  Object(Section)

    BuildAttributes$$THM_ISAv3M$S$PE$A:L22$X:L11$S22$IEEE1$IW$USESV6$~STKCKD$USESV7$~SHL$OTIME$ROPI$EBA8$MICROLIB$REQ8$PRES8$EABIv2 0x00000000   Number         0  anon$$obj.o ABSOLUTE
    __ARM_use_no_argv                        0x00000000   Number         0  main.o ABSOLUTE
    __cpp_initialize__aeabi_                  - Undefined Weak Reference
    __cxa_finalize                            - Undefined Weak Reference
    __decompress                              - Undefined Weak Reference
    _clock_init                               - Undefined Weak Reference
    _microlib_exit                            - Undefined Weak Reference
    __Vectors_Size                           0x000000c0   Number         0  startup_mm32spin2xx_p_keil.o ABSOLUTE
    __Vectors                                0x08000000   Data           4  startup_mm32spin2xx_p_keil.o(RESET)
    __Vectors_End                            0x080000c0   Data           0  startup_mm32spin2xx_p_keil.o(RESET)
    __main                                   0x080000c1   Thumb Code     0  entry.o(.ARM.Collect$$$$00000000)
    _main_stk                                0x080000c1   Thumb Code     0  entry2.o(.ARM.Collect$$$$00000001)
    _main_scatterload                        0x080000c5   Thumb Code     0  entry5.o(.ARM.Collect$$$$00000004)
    __main_after_scatterload                 0x080000c9   Thumb Code     0  entry5.o(.ARM.Collect$$$$00000004)
    _main_clock                              0x080000c9   Thumb Code     0  entry7b.o(.ARM.Collect$$$$00000008)
    _main_cpp_init                           0x080000c9   Thumb Code     0  entry8b.o(.ARM.Collect$$$$0000000A)
    _main_init                               0x080000c9   Thumb Code     0  entry9a.o(.ARM.Collect$$$$0000000B)
    __rt_final_cpp                           0x080000d1   Thumb Code     0  entry10a.o(.ARM.Collect$$$$0000000D)
    __rt_final_exit                          0x080000d1   Thumb Code     0  entry11a.o(.ARM.Collect$$$$0000000F)
    Reset_Handler                            0x080000d5   Thumb Code    62  startup_mm32spin2xx_p_keil.o(.text)
    SysTick_Handler                          0x0800011b   Thumb Code     2  startup_mm32spin2xx_p_keil.o(.text)
    ADC1_IRQHandler                          0x0800011d   Thumb Code     0  startup_mm32spin2xx_p_keil.o(.text)
    ADC2_IRQHandler                          0x0800011d   Thumb Code     0  startup_mm32spin2xx_p_keil.o(.text)
    COMP1_2_3_4_5_IRQHandler                 0x0800011d   Thumb Code     0  startup_mm32spin2xx_p_keil.o(.text)
    FLASH_IRQHandler                         0x0800011d   Thumb Code     0  startup_mm32spin2xx_p_keil.o(.text)
    HWDIV_IRQHandler                         0x0800011d   Thumb Code     0  startup_mm32spin2xx_p_keil.o(.text)
    I2C1_IRQHandler                          0x0800011d   Thumb Code     0  startup_mm32spin2xx_p_keil.o(.text)
    PVD_IRQHandler                           0x0800011d   Thumb Code     0  startup_mm32spin2xx_p_keil.o(.text)
    PWM_IRQHandler                           0x0800011d   Thumb Code     0  startup_mm32spin2xx_p_keil.o(.text)
    RCC_IRQHandler                           0x0800011d   Thumb Code     0  startup_mm32spin2xx_p_keil.o(.text)
    SPI1_IRQHandler                          0x0800011d   Thumb Code     0  startup_mm32spin2xx_p_keil.o(.text)
    SPI2_IRQHandler                          0x0800011d   Thumb Code     0  startup_mm32spin2xx_p_keil.o(.text)
    TIM1_CC_IRQHandler                       0x0800011d   Thumb Code     0  startup_mm32spin2xx_p_keil.o(.text)
    TIM8_CC_IRQHandler                       0x0800011d   Thumb Code     0  startup_mm32spin2xx_p_keil.o(.text)
    WWDG_IRQHandler                          0x0800011d   Thumb Code     0  startup_mm32spin2xx_p_keil.o(.text)
    __aeabi_uidiv                            0x08000159   Thumb Code     0  uidiv.o(.text)
    __aeabi_uidivmod                         0x08000159   Thumb Code    44  uidiv.o(.text)
    __aeabi_idiv                             0x08000185   Thumb Code     0  idiv.o(.text)
    __aeabi_idivmod                          0x08000185   Thumb Code    40  idiv.o(.text)
    __aeabi_memset                           0x080001ad   Thumb Code    14  memseta.o(.text)
    __aeabi_memset4                          0x080001ad   Thumb Code     0  memseta.o(.text)
    __aeabi_memset8                          0x080001ad   Thumb Code     0  memseta.o(.text)
    __aeabi_memclr                           0x080001bb   Thumb Code     4  memseta.o(.text)
    __aeabi_memclr4                          0x080001bb   Thumb Code     0  memseta.o(.text)
    __aeabi_memclr8                          0x080001bb   Thumb Code     0  memseta.o(.text)
    _memset$wrapper                          0x080001bf   Thumb Code    18  memseta.o(.text)
    __aeabi_dadd                             0x080001d1   Thumb Code   328  dadd.o(.text)
    __aeabi_dsub                             0x08000319   Thumb Code    12  dadd.o(.text)
    __aeabi_drsub                            0x08000325   Thumb Code    12  dadd.o(.text)
    __aeabi_f2d                              0x08000335   Thumb Code    40  f2d.o(.text)
    __aeabi_d2f                              0x0800035d   Thumb Code    56  d2f.o(.text)
    __aeabi_llsl                             0x08000395   Thumb Code    32  llshl.o(.text)
    _ll_shift_l                              0x08000395   Thumb Code     0  llshl.o(.text)
    __aeabi_llsr                             0x080003b5   Thumb Code    34  llushr.o(.text)
    _ll_ushift_r                             0x080003b5   Thumb Code     0  llushr.o(.text)
    __aeabi_lasr                             0x080003d7   Thumb Code    38  llsshr.o(.text)
    _ll_sshift_r                             0x080003d7   Thumb Code     0  llsshr.o(.text)
    __I$use$fp                               0x080003fd   Thumb Code     0  iusefp.o(.text)
    _float_round                             0x080003fd   Thumb Code    16  fepilogue.o(.text)
    _float_epilogue                          0x0800040d   Thumb Code   114  fepilogue.o(.text)
    _double_round                            0x0800047f   Thumb Code    26  depilogue.o(.text)
    _double_epilogue                         0x08000499   Thumb Code   164  depilogue.o(.text)
    __scatterload                            0x0800053d   Thumb Code    28  init.o(.text)
    __scatterload_rt2                        0x0800053d   Thumb Code     0  init.o(.text)
    AutoCalPllFactor                         0x08000561   Thumb Code   106  system_mm32spin2xx_p.o(i.AutoCalPllFactor)
    DMA1_Channel1_IRQHandler                 0x080005cb   Thumb Code    20  isr.o(i.DMA1_Channel1_IRQHandler)
    DMA1_Channel2_3_IRQHandler               0x080005df   Thumb Code    38  isr.o(i.DMA1_Channel2_3_IRQHandler)
    DMA1_Channel4_5_IRQHandler               0x08000605   Thumb Code    80  isr.o(i.DMA1_Channel4_5_IRQHandler)
    DMA_ClearFlag                            0x08000659   Thumb Code     6  hal_dma.o(i.DMA_ClearFlag)
    DMA_GetFlagStatus                        0x08000665   Thumb Code    20  hal_dma.o(i.DMA_GetFlagStatus)
    EXTI0_1_IRQHandler                       0x0800067d   Thumb Code    36  isr.o(i.EXTI0_1_IRQHandler)
    EXTI2_3_IRQHandler                       0x080006a1   Thumb Code    36  isr.o(i.EXTI2_3_IRQHandler)
    EXTI4_15_IRQHandler                      0x080006c5   Thumb Code   268  isr.o(i.EXTI4_15_IRQHandler)
    EXTI_ClearFlag                           0x080007d5   Thumb Code     6  hal_exti.o(i.EXTI_ClearFlag)
    EXTI_GetITStatus                         0x080007e1   Thumb Code    30  hal_exti.o(i.EXTI_GetITStatus)
    HardFault_Handler                        0x08000805   Thumb Code     4  common.o(i.HardFault_Handler)
    NMI_Handler                              0x08000809   Thumb Code     4  common.o(i.NMI_Handler)
    PM_CreateParam                           0x0800080d   Thumb Code    58  parammate.o(i.PM_CreateParam)
    PM_CreateParamChannels                   0x08000847   Thumb Code    88  parammate.o(i.PM_CreateParamChannels)
    PM_CreateWaveform                        0x0800089f   Thumb Code    74  parammate.o(i.PM_CreateWaveform)
    PM_CreateWaveformChannels                0x080008e9   Thumb Code    66  parammate.o(i.PM_CreateWaveformChannels)
    PM_InitWindow                            0x0800092b   Thumb Code    20  parammate.o(i.PM_InitWindow)
    PM_ResetWindow                           0x0800093f   Thumb Code    20  parammate.o(i.PM_ResetWindow)
    PM_SendMessage                           0x08000953   Thumb Code    30  pm_commprot.o(i.PM_SendMessage)
    PM_SendPackect                           0x08000971   Thumb Code    62  pm_commprot.o(i.PM_SendPackect)
    PM_SendParamData                         0x080009af   Thumb Code   198  parammate.o(i.PM_SendParamData)
    PM_SendWaveformData                      0x08000a75   Thumb Code   104  parammate.o(i.PM_SendWaveformData)
    PM_Strcpy                                0x08000add   Thumb Code    36  parammate.o(i.PM_Strcpy)
    PM_TranSendByte                          0x08000b01   Thumb Code    58  pm_commprot.o(i.PM_TranSendByte)
    PendSV_Handler                           0x08000b3b   Thumb Code     4  common.o(i.PendSV_Handler)
    SVC_Handler                              0x08000b3f   Thumb Code     4  common.o(i.SVC_Handler)
    SystemInit                               0x08000cb1   Thumb Code    90  system_mm32spin2xx_p.o(i.SystemInit)
    TIM14_IRQHandler                         0x08000d1d   Thumb Code    14  isr.o(i.TIM14_IRQHandler)
    TIM16_IRQHandler                         0x08000d31   Thumb Code    14  isr.o(i.TIM16_IRQHandler)
    TIM17_IRQHandler                         0x08000d45   Thumb Code    14  isr.o(i.TIM17_IRQHandler)
    TIM1_BRK_UP_TRG_COM_IRQHandler           0x08000d59   Thumb Code    14  isr.o(i.TIM1_BRK_UP_TRG_COM_IRQHandler)
    TIM2_IRQHandler                          0x08000d6d   Thumb Code    18  isr.o(i.TIM2_IRQHandler)
    TIM3_IRQHandler                          0x08000d81   Thumb Code    14  isr.o(i.TIM3_IRQHandler)
    TIM8_BRK_UP_TRG_COM_IRQHandler           0x08000d95   Thumb Code    14  isr.o(i.TIM8_BRK_UP_TRG_COM_IRQHandler)
    UART1_IRQHandler                         0x08000da9   Thumb Code    48  isr.o(i.UART1_IRQHandler)
    UART2_IRQHandler                         0x08000ddd   Thumb Code    82  isr.o(i.UART2_IRQHandler)
    Window_init                              0x08000e39   Thumb Code   250  main.o(i.Window_init)
    __ARM_clz                                0x08001001   Thumb Code    46  depilogue.o(i.__ARM_clz)
    __scatterload_copy                       0x0800102f   Thumb Code    14  handlers.o(i.__scatterload_copy)
    __scatterload_null                       0x0800103d   Thumb Code     2  handlers.o(i.__scatterload_null)
    __scatterload_zeroinit                   0x0800103f   Thumb Code    14  handlers.o(i.__scatterload_zeroinit)
    adc_convert                              0x0800104d   Thumb Code   100  zf_adc.o(i.adc_convert)
    adc_init                                 0x080010b9   Thumb Code   156  zf_adc.o(i.adc_init)
    afio_init                                0x0800117d   Thumb Code   206  zf_gpio.o(i.afio_init)
    board_init                               0x08001255   Thumb Code    24  board.o(i.board_init)
    free                                     0x08001271   Thumb Code    80  malloc.o(i.free)
    get_accdata                              0x080012c5   Thumb Code    74  seekfree_mpu6050.o(i.get_accdata)
    get_gyro                                 0x0800131d   Thumb Code    74  seekfree_mpu6050.o(i.get_gyro)
    gpio_dir                                 0x08001375   Thumb Code   110  zf_gpio.o(i.gpio_dir)
    gpio_init                                0x080013e9   Thumb Code   190  zf_gpio.o(i.gpio_init)
    gpio_toggle                              0x080014b1   Thumb Code   108  zf_gpio.o(i.gpio_toggle)
    main                                     0x08001521   Thumb Code   176  main.o(i.main)
    malloc                                   0x080015fd   Thumb Code    92  malloc.o(i.malloc)
    mpu6050_init                             0x08001669   Thumb Code    88  seekfree_mpu6050.o(i.mpu6050_init)
    mpu6050_self1_check                      0x080016c1   Thumb Code    40  seekfree_mpu6050.o(i.mpu6050_self1_check)
    mt9v03x_dma                              0x080016e9   Thumb Code    20  seekfree_mt9v03x.o(i.mt9v03x_dma)
    mt9v03x_uart_callback                    0x08001709   Thumb Code    66  seekfree_mt9v03x.o(i.mt9v03x_uart_callback)
    mt9v03x_vsync                            0x0800175d   Thumb Code    20  seekfree_mt9v03x.o(i.mt9v03x_vsync)
    ov7725_cof_uart_interrupt                0x08001779   Thumb Code    66  seekfree_uart_7725.o(i.ov7725_cof_uart_interrupt)
    ov7725_dma                               0x080017cd   Thumb Code    20  seekfree_7725.o(i.ov7725_dma)
    ov7725_uart_dma                          0x080017ed   Thumb Code    20  seekfree_uart_7725.o(i.ov7725_uart_dma)
    ov7725_uart_vsync                        0x0800180d   Thumb Code    22  seekfree_uart_7725.o(i.ov7725_uart_vsync)
    ov7725_vsync                             0x08001829   Thumb Code    22  seekfree_7725.o(i.ov7725_vsync)
    simiic_init                              0x08001a09   Thumb Code    28  seekfree_iic.o(i.simiic_init)
    simiic_read_reg                          0x08001a25   Thumb Code    64  seekfree_iic.o(i.simiic_read_reg)
    simiic_read_regs                         0x08001a65   Thumb Code    84  seekfree_iic.o(i.simiic_read_regs)
    simiic_write_reg                         0x08001bc9   Thumb Code    38  seekfree_iic.o(i.simiic_write_reg)
    systick_delay                            0x08001bf1   Thumb Code    36  zf_systick.o(i.systick_delay)
    systick_delay_ms                         0x08001c19   Thumb Code    34  zf_systick.o(i.systick_delay_ms)
    uart_init                                0x08001c41   Thumb Code   180  zf_uart.o(i.uart_init)
    uart_putchar                             0x08001d31   Thumb Code    28  zf_uart.o(i.uart_putchar)
    Region$$Table$$Base                      0x08001d50   Number         0  anon$$obj.o(Region$$Table)
    Region$$Table$$Limit                     0x08001d70   Number         0  anon$$obj.o(Region$$Table)
    PM_Param                                 0x20000000   Data           4  main.o(.data)
    test1                                    0x20000004   Data           1  main.o(.data)
    test2                                    0x20000006   Data           2  main.o(.data)
    test3                                    0x20000008   Data           4  main.o(.data)
    test4                                    0x2000000c   Data           1  main.o(.data)
    test5                                    0x2000000e   Data           2  main.o(.data)
    test6                                    0x20000010   Data           4  main.o(.data)
    test7                                    0x20000014   Data           4  main.o(.data)
    camera_type                              0x20000018   Data           1  common.o(.data)
    camera_buffer_addr                       0x2000001c   Data           4  common.o(.data)
    SystemCoreClock                          0x20000020   Data           4  system_mm32spin2xx_p.o(.data)
    AHBPrescTable                            0x20000024   Data          16  system_mm32spin2xx_p.o(.data)
    adc_index                                0x20000034   Data           8  zf_adc.o(.data)
    adc_resolution                           0x2000003c   Data           2  zf_adc.o(.data)
    gpio_group                               0x20000040   Data          16  zf_gpio.o(.data)
    uart_index                               0x20000050   Data           8  zf_uart.o(.data)
    uart_irq                                 0x20000058   Data           2  zf_uart.o(.data)
    ov7725_finish_flag                       0x2000005a   Data           1  seekfree_7725.o(.data)
    IIC_ad_main                              0x20000060   Data           1  seekfree_iic.o(.data)
    IIC_ad_sub                               0x20000061   Data           1  seekfree_iic.o(.data)
    IIC_buf                                  0x20000064   Data           4  seekfree_iic.o(.data)
    IIC_num                                  0x20000068   Data           1  seekfree_iic.o(.data)
    mpu_gyro_x                               0x2000006c   Data           2  seekfree_mpu6050.o(.data)
    mpu_gyro_y                               0x2000006e   Data           2  seekfree_mpu6050.o(.data)
    mpu_gyro_z                               0x20000070   Data           2  seekfree_mpu6050.o(.data)
    mpu_acc_x                                0x20000072   Data           2  seekfree_mpu6050.o(.data)
    mpu_acc_y                                0x20000074   Data           2  seekfree_mpu6050.o(.data)
    mpu_acc_z                                0x20000076   Data           2  seekfree_mpu6050.o(.data)
    mt9v03x_finish_flag                      0x20000078   Data           1  seekfree_mt9v03x.o(.data)
    MT9V03X_CFG                              0x2000007e   Data          36  seekfree_mt9v03x.o(.data)
    GET_CFG                                  0x200000a2   Data          32  seekfree_mt9v03x.o(.data)
    ov7725_uart_finish_flag                  0x200000c2   Data           1  seekfree_uart_7725.o(.data)
    OV7725_CFG                               0x200000c4   Data          24  seekfree_uart_7725.o(.data)
    OV7725_GET_CFG                           0x200000dc   Data          20  seekfree_uart_7725.o(.data)
    __microlib_freelist                      0x200000f8   Data           4  mvars.o(.data)
    __microlib_freelist_initialised          0x200000fc   Data           4  mvars.o(.data)
    PM_Waveform                              0x20000100   Data          12  main.o(.bss)
    __heap_base                              0x20000110   Data           0  startup_mm32spin2xx_p_keil.o(HEAP)
    __heap_limit                             0x20000310   Data           0  startup_mm32spin2xx_p_keil.o(HEAP)
    __initial_sp                             0x20000710   Data           0  startup_mm32spin2xx_p_keil.o(STACK)



==============================================================================

Memory Map of the image

  Image Entry point : 0x080000c1

  Load Region LR_IROM1 (Base: 0x08000000, Size: 0x00001e70, Max: 0x00020000, ABSOLUTE)

    Execution Region ER_IROM1 (Exec base: 0x08000000, Load base: 0x08000000, Size: 0x00001d70, Max: 0x00020000, ABSOLUTE)

    Exec Addr    Load Addr    Size         Type   Attr      Idx    E Section Name        Object

    0x08000000   0x08000000   0x000000c0   Data   RO          851    RESET               startup_mm32spin2xx_p_keil.o
    0x080000c0   0x080000c0   0x00000000   Code   RO         5303  * .ARM.Collect$$$$00000000  mc_p.l(entry.o)
    0x080000c0   0x080000c0   0x00000004   Code   RO         5370    .ARM.Collect$$$$00000001  mc_p.l(entry2.o)
    0x080000c4   0x080000c4   0x00000004   Code   RO         5373    .ARM.Collect$$$$00000004  mc_p.l(entry5.o)
    0x080000c8   0x080000c8   0x00000000   Code   RO         5375    .ARM.Collect$$$$00000008  mc_p.l(entry7b.o)
    0x080000c8   0x080000c8   0x00000000   Code   RO         5377    .ARM.Collect$$$$0000000A  mc_p.l(entry8b.o)
    0x080000c8   0x080000c8   0x00000008   Code   RO         5378    .ARM.Collect$$$$0000000B  mc_p.l(entry9a.o)
    0x080000d0   0x080000d0   0x00000000   Code   RO         5380    .ARM.Collect$$$$0000000D  mc_p.l(entry10a.o)
    0x080000d0   0x080000d0   0x00000000   Code   RO         5382    .ARM.Collect$$$$0000000F  mc_p.l(entry11a.o)
    0x080000d0   0x080000d0   0x00000004   Code   RO         5371    .ARM.Collect$$$$00002712  mc_p.l(entry2.o)
    0x080000d4   0x080000d4   0x00000084   Code   RO          852    .text               startup_mm32spin2xx_p_keil.o
    0x08000158   0x08000158   0x0000002c   Code   RO         5306    .text               mc_p.l(uidiv.o)
    0x08000184   0x08000184   0x00000028   Code   RO         5308    .text               mc_p.l(idiv.o)
    0x080001ac   0x080001ac   0x00000024   Code   RO         5314    .text               mc_p.l(memseta.o)
    0x080001d0   0x080001d0   0x00000164   Code   RO         5350    .text               mf_p.l(dadd.o)
    0x08000334   0x08000334   0x00000028   Code   RO         5362    .text               mf_p.l(f2d.o)
    0x0800035c   0x0800035c   0x00000038   Code   RO         5368    .text               mf_p.l(d2f.o)
    0x08000394   0x08000394   0x00000020   Code   RO         5384    .text               mc_p.l(llshl.o)
    0x080003b4   0x080003b4   0x00000022   Code   RO         5386    .text               mc_p.l(llushr.o)
    0x080003d6   0x080003d6   0x00000026   Code   RO         5388    .text               mc_p.l(llsshr.o)
    0x080003fc   0x080003fc   0x00000000   Code   RO         5392    .text               mc_p.l(iusefp.o)
    0x080003fc   0x080003fc   0x00000082   Code   RO         5393    .text               mf_p.l(fepilogue.o)
    0x0800047e   0x0800047e   0x000000be   Code   RO         5395    .text               mf_p.l(depilogue.o)
    0x0800053c   0x0800053c   0x00000024   Code   RO         5399    .text               mc_p.l(init.o)
    0x08000560   0x08000560   0x0000006a   Code   RO          812    i.AutoCalPllFactor  system_mm32spin2xx_p.o
    0x080005ca   0x080005ca   0x00000014   Code   RO            3    i.DMA1_Channel1_IRQHandler  isr.o
    0x080005de   0x080005de   0x00000026   Code   RO            4    i.DMA1_Channel2_3_IRQHandler  isr.o
    0x08000604   0x08000604   0x00000054   Code   RO            5    i.DMA1_Channel4_5_IRQHandler  isr.o
    0x08000658   0x08000658   0x0000000c   Code   RO         2999    i.DMA_ClearFlag     hal_dma.o
    0x08000664   0x08000664   0x00000018   Code   RO         3004    i.DMA_GetFlagStatus  hal_dma.o
    0x0800067c   0x0800067c   0x00000024   Code   RO            6    i.EXTI0_1_IRQHandler  isr.o
    0x080006a0   0x080006a0   0x00000024   Code   RO            7    i.EXTI2_3_IRQHandler  isr.o
    0x080006c4   0x080006c4   0x00000110   Code   RO            8    i.EXTI4_15_IRQHandler  isr.o
    0x080007d4   0x080007d4   0x0000000c   Code   RO         3100    i.EXTI_ClearFlag    hal_exti.o
    0x080007e0   0x080007e0   0x00000024   Code   RO         3105    i.EXTI_GetITStatus  hal_exti.o
    0x08000804   0x08000804   0x00000004   Code   RO          688    i.HardFault_Handler  common.o
    0x08000808   0x08000808   0x00000004   Code   RO          690    i.NMI_Handler       common.o
    0x0800080c   0x0800080c   0x0000003a   Code   RO          572    i.PM_CreateParam    parammate.o
    0x08000846   0x08000846   0x00000058   Code   RO          573    i.PM_CreateParamChannels  parammate.o
    0x0800089e   0x0800089e   0x0000004a   Code   RO          574    i.PM_CreateWaveform  parammate.o
    0x080008e8   0x080008e8   0x00000042   Code   RO          575    i.PM_CreateWaveformChannels  parammate.o
    0x0800092a   0x0800092a   0x00000014   Code   RO          576    i.PM_InitWindow     parammate.o
    0x0800093e   0x0800093e   0x00000014   Code   RO          577    i.PM_ResetWindow    parammate.o
    0x08000952   0x08000952   0x0000001e   Code   RO          477    i.PM_SendMessage    pm_commprot.o
    0x08000970   0x08000970   0x0000003e   Code   RO          478    i.PM_SendPackect    pm_commprot.o
    0x080009ae   0x080009ae   0x000000c6   Code   RO          579    i.PM_SendParamData  parammate.o
    0x08000a74   0x08000a74   0x00000068   Code   RO          580    i.PM_SendWaveformData  parammate.o
    0x08000adc   0x08000adc   0x00000024   Code   RO          581    i.PM_Strcpy         parammate.o
    0x08000b00   0x08000b00   0x0000003a   Code   RO          479    i.PM_TranSendByte   pm_commprot.o
    0x08000b3a   0x08000b3a   0x00000004   Code   RO          691    i.PendSV_Handler    common.o
    0x08000b3e   0x08000b3e   0x00000004   Code   RO          692    i.SVC_Handler       common.o
    0x08000b42   0x08000b42   0x00000008   Code   RO          813    i.SetSysClock       system_mm32spin2xx_p.o
    0x08000b4a   0x08000b4a   0x00000002   PAD
    0x08000b4c   0x08000b4c   0x00000164   Code   RO          814    i.SetSysClockToXX   system_mm32spin2xx_p.o
    0x08000cb0   0x08000cb0   0x0000006c   Code   RO          815    i.SystemInit        system_mm32spin2xx_p.o
    0x08000d1c   0x08000d1c   0x00000014   Code   RO            9    i.TIM14_IRQHandler  isr.o
    0x08000d30   0x08000d30   0x00000014   Code   RO           10    i.TIM16_IRQHandler  isr.o
    0x08000d44   0x08000d44   0x00000014   Code   RO           11    i.TIM17_IRQHandler  isr.o
    0x08000d58   0x08000d58   0x00000014   Code   RO           12    i.TIM1_BRK_UP_TRG_COM_IRQHandler  isr.o
    0x08000d6c   0x08000d6c   0x00000012   Code   RO           13    i.TIM2_IRQHandler   isr.o
    0x08000d7e   0x08000d7e   0x00000002   PAD
    0x08000d80   0x08000d80   0x00000014   Code   RO           14    i.TIM3_IRQHandler   isr.o
    0x08000d94   0x08000d94   0x00000014   Code   RO           15    i.TIM8_BRK_UP_TRG_COM_IRQHandler  isr.o
    0x08000da8   0x08000da8   0x00000034   Code   RO           16    i.UART1_IRQHandler  isr.o
    0x08000ddc   0x08000ddc   0x0000005c   Code   RO           17    i.UART2_IRQHandler  isr.o
    0x08000e38   0x08000e38   0x000001c8   Code   RO          367    i.Window_init       main.o
    0x08001000   0x08001000   0x0000002e   Code   RO         5397    i.__ARM_clz         mf_p.l(depilogue.o)
    0x0800102e   0x0800102e   0x0000000e   Code   RO         5403    i.__scatterload_copy  mc_p.l(handlers.o)
    0x0800103c   0x0800103c   0x00000002   Code   RO         5404    i.__scatterload_null  mc_p.l(handlers.o)
    0x0800103e   0x0800103e   0x0000000e   Code   RO         5405    i.__scatterload_zeroinit  mc_p.l(handlers.o)
    0x0800104c   0x0800104c   0x0000006c   Code   RO          858    i.adc_convert       zf_adc.o
    0x080010b8   0x080010b8   0x000000a8   Code   RO          859    i.adc_init          zf_adc.o
    0x08001160   0x08001160   0x0000001a   Code   RO          861    i.adc_pin_init      zf_adc.o
    0x0800117a   0x0800117a   0x00000002   PAD
    0x0800117c   0x0800117c   0x000000d8   Code   RO         1016    i.afio_init         zf_gpio.o
    0x08001254   0x08001254   0x0000001c   Code   RO          655    i.board_init        board.o
    0x08001270   0x08001270   0x00000054   Code   RO         5318    i.free              mc_p.l(malloc.o)
    0x080012c4   0x080012c4   0x00000058   Code   RO         2104    i.get_accdata       seekfree_mpu6050.o
    0x0800131c   0x0800131c   0x00000058   Code   RO         2105    i.get_gyro          seekfree_mpu6050.o
    0x08001374   0x08001374   0x00000074   Code   RO         1017    i.gpio_dir          zf_gpio.o
    0x080013e8   0x080013e8   0x000000c8   Code   RO         1019    i.gpio_init         zf_gpio.o
    0x080014b0   0x080014b0   0x00000070   Code   RO         1021    i.gpio_toggle       zf_gpio.o
    0x08001520   0x08001520   0x000000dc   Code   RO          368    i.main              main.o
    0x080015fc   0x080015fc   0x0000006c   Code   RO         5319    i.malloc            mc_p.l(malloc.o)
    0x08001668   0x08001668   0x00000058   Code   RO         2106    i.mpu6050_init      seekfree_mpu6050.o
    0x080016c0   0x080016c0   0x00000028   Code   RO         2107    i.mpu6050_self1_check  seekfree_mpu6050.o
    0x080016e8   0x080016e8   0x00000020   Code   RO         2150    i.mt9v03x_dma       seekfree_mt9v03x.o
    0x08001708   0x08001708   0x00000054   Code   RO         2155    i.mt9v03x_uart_callback  seekfree_mt9v03x.o
    0x0800175c   0x0800175c   0x0000001c   Code   RO         2156    i.mt9v03x_vsync     seekfree_mt9v03x.o
    0x08001778   0x08001778   0x00000054   Code   RO         2403    i.ov7725_cof_uart_interrupt  seekfree_uart_7725.o
    0x080017cc   0x080017cc   0x00000020   Code   RO         1546    i.ov7725_dma        seekfree_7725.o
    0x080017ec   0x080017ec   0x00000020   Code   RO         2407    i.ov7725_uart_dma   seekfree_uart_7725.o
    0x0800180c   0x0800180c   0x0000001c   Code   RO         2413    i.ov7725_uart_vsync  seekfree_uart_7725.o
    0x08001828   0x08001828   0x0000001c   Code   RO         1559    i.ov7725_vsync      seekfree_7725.o
    0x08001844   0x08001844   0x000000b0   Code   RO         1810    i.read_ch           seekfree_iic.o
    0x080018f4   0x080018f4   0x00000088   Code   RO         1811    i.sccb_waitack      seekfree_iic.o
    0x0800197c   0x0800197c   0x00000074   Code   RO         1812    i.send_ch           seekfree_iic.o
    0x080019f0   0x080019f0   0x00000018   Code   RO         1813    i.simiic_delay      seekfree_iic.o
    0x08001a08   0x08001a08   0x0000001c   Code   RO         1814    i.simiic_init       seekfree_iic.o
    0x08001a24   0x08001a24   0x00000040   Code   RO         1815    i.simiic_read_reg   seekfree_iic.o
    0x08001a64   0x08001a64   0x00000054   Code   RO         1816    i.simiic_read_regs  seekfree_iic.o
    0x08001ab8   0x08001ab8   0x0000006c   Code   RO         1817    i.simiic_sendack    seekfree_iic.o
    0x08001b24   0x08001b24   0x00000050   Code   RO         1818    i.simiic_start      seekfree_iic.o
    0x08001b74   0x08001b74   0x00000054   Code   RO         1819    i.simiic_stop       seekfree_iic.o
    0x08001bc8   0x08001bc8   0x00000026   Code   RO         1820    i.simiic_write_reg  seekfree_iic.o
    0x08001bee   0x08001bee   0x00000002   PAD
    0x08001bf0   0x08001bf0   0x00000028   Code   RO         1200    i.systick_delay     zf_systick.o
    0x08001c18   0x08001c18   0x00000028   Code   RO         1201    i.systick_delay_ms  zf_systick.o
    0x08001c40   0x08001c40   0x000000c4   Code   RO         1319    i.uart_init         zf_uart.o
    0x08001d04   0x08001d04   0x0000002c   Code   RO         1320    i.uart_pin_init     zf_uart.o
    0x08001d30   0x08001d30   0x00000020   Code   RO         1322    i.uart_putchar      zf_uart.o
    0x08001d50   0x08001d50   0x00000020   Data   RO         5401    Region$$Table       anon$$obj.o


    Execution Region RW_IRAM1 (Exec base: 0x20000000, Load base: 0x08001d70, Size: 0x00000710, Max: 0x00003000, ABSOLUTE)

    Exec Addr    Load Addr    Size         Type   Attr      Idx    E Section Name        Object

    0x20000000   0x08001d70   0x00000018   Data   RW          370    .data               main.o
    0x20000018   0x08001d88   0x00000008   Data   RW          697    .data               common.o
    0x20000020   0x08001d90   0x00000014   Data   RW          816    .data               system_mm32spin2xx_p.o
    0x20000034   0x08001da4   0x0000000a   Data   RW          862    .data               zf_adc.o
    0x2000003e   0x08001dae   0x00000002   PAD
    0x20000040   0x08001db0   0x00000010   Data   RW         1022    .data               zf_gpio.o
    0x20000050   0x08001dc0   0x0000000a   Data   RW         1327    .data               zf_uart.o
    0x2000005a   0x08001dca   0x00000004   Data   RW         1561    .data               seekfree_7725.o
    0x2000005e   0x08001dce   0x00000002   PAD
    0x20000060   0x08001dd0   0x0000000c   Data   RW         1821    .data               seekfree_iic.o
    0x2000006c   0x08001ddc   0x0000000c   Data   RW         2108    .data               seekfree_mpu6050.o
    0x20000078   0x08001de8   0x0000004a   Data   RW         2162    .data               seekfree_mt9v03x.o
    0x200000c2   0x08001e32   0x00000033   Data   RW         2416    .data               seekfree_uart_7725.o
    0x200000f5   0x08001e65   0x00000003   PAD
    0x200000f8   0x08001e68   0x00000004   Data   RW         5390    .data               mc_p.l(mvars.o)
    0x200000fc   0x08001e6c   0x00000004   Data   RW         5391    .data               mc_p.l(mvars.o)
    0x20000100        -       0x0000000c   Zero   RW          369    .bss                main.o
    0x2000010c   0x08001e70   0x00000004   PAD
    0x20000110        -       0x00000200   Zero   RW          850    HEAP                startup_mm32spin2xx_p_keil.o
    0x20000310        -       0x00000400   Zero   RW          849    STACK               startup_mm32spin2xx_p_keil.o


==============================================================================

Image component sizes


      Code (inc. data)   RO Data    RW Data    ZI Data      Debug   Object Name

        28          4          0          0          0       2510   board.o
        16          0          0          8          0       4644   common.o
        36         10          0          0          0       1136   hal_dma.o
        48         12          0          0          0       1148   hal_exti.o
       768         58          0          0          0      55951   isr.o
       676        250          0         24         12       3710   main.o
       664          0          0          0          0       6944   parammate.o
       150          0          0          0          0      12065   pm_commprot.o
        60         18          0          4          0       2002   seekfree_7725.o
       938         32          0         12          0       6907   seekfree_iic.o
       304         28          0         12          0       2603   seekfree_mpu6050.o
       144         38          0         74          0       2702   seekfree_mt9v03x.o
       144         36          0         51          0       2808   seekfree_uart_7725.o
       132         58        192          0       1536        760   startup_mm32spin2xx_p_keil.o
       578         44          0         20          0       3816   system_mm32spin2xx_p.o
       302         20          0         10          0       3576   zf_adc.o
       644         30          0         16          0       4746   zf_gpio.o
        80         10          0          0          0       1087   zf_systick.o
       272         20          0         10          0       3569   zf_uart.o

    ----------------------------------------------------------------------
      5992        668        224        248       1552     122684   Object Totals
         0          0         32          0          0          0   (incl. Generated)
         8          0          0          7          4          0   (incl. Padding)

    ----------------------------------------------------------------------

      Code (inc. data)   RO Data    RW Data    ZI Data      Debug   Library Member Name

         0          0          0          0          0          0   entry.o
         0          0          0          0          0          0   entry10a.o
         0          0          0          0          0          0   entry11a.o
         8          4          0          0          0          0   entry2.o
         4          0          0          0          0          0   entry5.o
         0          0          0          0          0          0   entry7b.o
         0          0          0          0          0          0   entry8b.o
         8          4          0          0          0          0   entry9a.o
        30          0          0          0          0          0   handlers.o
        40          0          0          0          0         72   idiv.o
        36          8          0          0          0         68   init.o
         0          0          0          0          0          0   iusefp.o
        32          0          0          0          0         68   llshl.o
        38          0          0          0          0         68   llsshr.o
        34          0          0          0          0         68   llushr.o
       192         20          0          0          0        144   malloc.o
        36          0          0          0          0        100   memseta.o
         0          0          0          8          0          0   mvars.o
        44          0          0          0          0         72   uidiv.o
        56          0          0          0          0         68   d2f.o
       356          4          0          0          0        140   dadd.o
       236          0          0          0          0        216   depilogue.o
        40          0          0          0          0         60   f2d.o
       130          0          0          0          0        144   fepilogue.o

    ----------------------------------------------------------------------
      1320         40          0          8          0       1288   Library Totals
         0          0          0          0          0          0   (incl. Padding)

    ----------------------------------------------------------------------

      Code (inc. data)   RO Data    RW Data    ZI Data      Debug   Library Name

       502         36          0          8          0        660   mc_p.l
       818          4          0          0          0        628   mf_p.l

    ----------------------------------------------------------------------
      1320         40          0          8          0       1288   Library Totals

    ----------------------------------------------------------------------

==============================================================================


      Code (inc. data)   RO Data    RW Data    ZI Data      Debug   

      7312        708        224        256       1552     120296   Grand Totals
      7312        708        224        256       1552     120296   ELF Image Totals
      7312        708        224        256          0          0   ROM Totals

==============================================================================

    Total RO  Size (Code + RO Data)                 7536 (   7.36kB)
    Total RW  Size (RW Data + ZI Data)              1808 (   1.77kB)
    Total ROM Size (Code + RO Data + RW Data)       7792 (   7.61kB)

==============================================================================

